Archive member included to satisfy reference by file (symbol)

/home/clement/riot_idosens/tests/driver_sx127x/bin/idosens/core/sched.o
                              /home/clement/riot_idosens/tests/driver_sx127x/bin/idosens/newlib_syscalls_default/syscalls.o (sched_active_pid)
/home/clement/riot_idosens/tests/driver_sx127x/bin/idosens/cortexm_common/thread_arch.o
                              /home/clement/riot_idosens/tests/driver_sx127x/bin/idosens/core/sched.o (cpu_switch_context_exit)
/home/clement/riot_idosens/tests/driver_sx127x/bin/idosens/cortexm_common/vectors_cortexm.o
                              /home/clement/riot_idosens/tests/driver_sx127x/bin/idosens/cpu/vectors.o (dummy_handler_default)
/home/clement/riot_idosens/tests/driver_sx127x/bin/idosens/cortexm_common/irq_arch.o
                              /home/clement/riot_idosens/tests/driver_sx127x/bin/idosens/newlib_syscalls_default/syscalls.o (irq_disable)
/home/clement/riot_idosens/tests/driver_sx127x/bin/idosens/div/div.o
                              /home/clement/riot_idosens/tests/driver_sx127x/bin/idosens/newlib_syscalls_default/syscalls.o (_div_mulhi64)
/home/clement/riot_idosens/tests/driver_sx127x/bin/idosens/stdio_uart/stdio_uart.o
                              /home/clement/riot_idosens/tests/driver_sx127x/bin/idosens/newlib_syscalls_default/syscalls.o (stdio_read)
/home/clement/riot_idosens/tests/driver_sx127x/bin/idosens/stm32_common_periph/pm.o
                              /home/clement/riot_idosens/tests/driver_sx127x/bin/idosens/newlib_syscalls_default/syscalls.o (pm_off)
/home/clement/riot_idosens/tests/driver_sx127x/bin/idosens/stm32_common_periph/uart.o
                              /home/clement/riot_idosens/tests/driver_sx127x/bin/idosens/stdio_uart/stdio_uart.o (uart_init)
/home/clement/riot_idosens/tests/driver_sx127x/bin/idosens/xtimer/xtimer_core.o
                              /home/clement/riot_idosens/tests/driver_sx127x/bin/idosens/newlib_syscalls_default/syscalls.o (_xtimer_now64)
/home/clement/riot_idosens/tests/driver_sx127x/bin/idosens/board/board.o
                              /home/clement/riot_idosens/tests/driver_sx127x/bin/idosens/cortexm_common/vectors_cortexm.o (board_init)
/home/clement/riot_idosens/tests/driver_sx127x/bin/idosens/core/panic.o
                              /home/clement/riot_idosens/tests/driver_sx127x/bin/idosens/cortexm_common/vectors_cortexm.o (core_panic)
/home/clement/riot_idosens/tests/driver_sx127x/bin/idosens/core/kernel_init.o
                              /home/clement/riot_idosens/tests/driver_sx127x/bin/idosens/cortexm_common/vectors_cortexm.o (kernel_init)
/home/clement/riot_idosens/tests/driver_sx127x/bin/idosens/core/thread.o
                              /home/clement/riot_idosens/tests/driver_sx127x/bin/idosens/core/kernel_init.o (thread_create)
/home/clement/riot_idosens/tests/driver_sx127x/bin/idosens/isrpipe/isrpipe.o
                              /home/clement/riot_idosens/tests/driver_sx127x/bin/idosens/stdio_uart/stdio_uart.o (isrpipe_write_one)
/home/clement/riot_idosens/tests/driver_sx127x/bin/idosens/periph/gpio.o
                              /home/clement/riot_idosens/tests/driver_sx127x/bin/idosens/stm32_common_periph/uart.o (gpio_init)
/home/clement/riot_idosens/tests/driver_sx127x/bin/idosens/pm_layered/pm.o
                              /home/clement/riot_idosens/tests/driver_sx127x/bin/idosens/core/kernel_init.o (pm_set_lowest)
/home/clement/riot_idosens/tests/driver_sx127x/bin/idosens/ps/ps.o
                              /home/clement/riot_idosens/tests/driver_sx127x/bin/idosens/core/panic.o (ps)
/home/clement/riot_idosens/tests/driver_sx127x/bin/idosens/stm32_common/stmclk.o
                              /home/clement/riot_idosens/tests/driver_sx127x/bin/idosens/stm32_common_periph/pm.o (stmclk_init_sysclk)
/home/clement/riot_idosens/tests/driver_sx127x/bin/idosens/stm32_common/stmclk_common.o
                              /home/clement/riot_idosens/tests/driver_sx127x/bin/idosens/stm32_common/stmclk.o (stmclk_enable_hsi)
/home/clement/riot_idosens/tests/driver_sx127x/bin/idosens/stm32_common/cpu_init.o
                              /home/clement/riot_idosens/tests/driver_sx127x/bin/idosens/board/board.o (cpu_init)
/home/clement/riot_idosens/tests/driver_sx127x/bin/idosens/stm32_common/cpu_common.o
                              /home/clement/riot_idosens/tests/driver_sx127x/bin/idosens/stm32_common_periph/uart.o (periph_apb_clk)
/home/clement/riot_idosens/tests/driver_sx127x/bin/idosens/stm32_common_periph/timer.o
                              /home/clement/riot_idosens/tests/driver_sx127x/bin/idosens/xtimer/xtimer_core.o (timer_set_absolute)
/home/clement/riot_idosens/tests/driver_sx127x/bin/idosens/tsrb/tsrb.o
                              /home/clement/riot_idosens/tests/driver_sx127x/bin/idosens/isrpipe/isrpipe.o (tsrb_get)
/home/clement/riot_idosens/tests/driver_sx127x/bin/idosens/periph_common/init.o
[...]
Memory Configuration

Name             Origin             Length             Attributes
ccmram           0x0000000010000000 0x0000000000000000
rom              0x0000000008000000 0x0000000000040000 xr
ram              0x0000000020000000 0x0000000000010000 w !xr
bkup-ram         0x0000000000000000 0x0000000000000000 w !xr
*default*        0x0000000000000000 0xffffffffffffffff

Linker script and memory map

LOAD /home/clement/riot_idosens/tests/driver_sx127x/bin/idosens/cpu/vectors.o
LOAD /home/clement/riot_idosens/tests/driver_sx127x/bin/idosens/newlib_syscalls_default/syscalls.o
START GROUP
LOAD /home/clement/riot_idosens/tests/driver_sx127x/bin/idosens/application_tests_driver_sx127x.a
LOAD /home/clement/riot_idosens/tests/driver_sx127x/bin/idosens/auto_init.a
LOAD /home/clement/riot_idosens/tests/driver_sx127x/bin/idosens/board.a
LOAD /home/clement/riot_idosens/tests/driver_sx127x/bin/idosens/core.a
LOAD /home/clement/riot_idosens/tests/driver_sx127x/bin/idosens/cortexm_common.a
LOAD /home/clement/riot_idosens/tests/driver_sx127x/bin/idosens/cortexm_common_periph.a
LOAD /home/clement/riot_idosens/tests/driver_sx127x/bin/idosens/cpu.a
LOAD /home/clement/riot_idosens/tests/driver_sx127x/bin/idosens/div.a
LOAD /home/clement/riot_idosens/tests/driver_sx127x/bin/idosens/fmt.a
LOAD /home/clement/riot_idosens/tests/driver_sx127x/bin/idosens/iolist.a
LOAD /home/clement/riot_idosens/tests/driver_sx127x/bin/idosens/isrpipe.a
LOAD /home/clement/riot_idosens/tests/driver_sx127x/bin/idosens/netif.a
LOAD /home/clement/riot_idosens/tests/driver_sx127x/bin/idosens/newlib_syscalls_default.a
LOAD /home/clement/riot_idosens/tests/driver_sx127x/bin/idosens/od.a
LOAD /home/clement/riot_idosens/tests/driver_sx127x/bin/idosens/periph.a
LOAD /home/clement/riot_idosens/tests/driver_sx127x/bin/idosens/pm_layered.a
LOAD /home/clement/riot_idosens/tests/driver_sx127x/bin/idosens/ps.a
LOAD /home/clement/riot_idosens/tests/driver_sx127x/bin/idosens/shell.a
LOAD /home/clement/riot_idosens/tests/driver_sx127x/bin/idosens/shell_commands.a
LOAD /home/clement/riot_idosens/tests/driver_sx127x/bin/idosens/stdio_uart.a
LOAD /home/clement/riot_idosens/tests/driver_sx127x/bin/idosens/stm32_common.a
LOAD /home/clement/riot_idosens/tests/driver_sx127x/bin/idosens/stm32_common_periph.a
LOAD /home/clement/riot_idosens/tests/driver_sx127x/bin/idosens/sx127x.a
LOAD /home/clement/riot_idosens/tests/driver_sx127x/bin/idosens/sys.a
LOAD /home/clement/riot_idosens/tests/driver_sx127x/bin/idosens/tsrb.a
LOAD /home/clement/riot_idosens/tests/driver_sx127x/bin/idosens/xtimer.a
LOAD /home/clement/riot_idosens/tests/driver_sx127x/bin/idosens/periph_common.a
LOAD /usr/bin/../lib/gcc/arm-none-eabi/7.3.1/../../../../arm-none-eabi/lib/thumb/v7-m/libm.a
END GROUP
LOAD /usr/bin/../lib/gcc/arm-none-eabi/7.3.1/thumb/v7-m/libgcc.a
                0x0000000008000000                _rom_start_addr = 0x8000000
                0x0000000020000000                _ram_start_addr = 0x20000000
                0x0000000000040000                _rom_length = 0x40000
                0x0000000000010000                _ram_length = 0x10000
LOAD /usr/bin/../lib/gcc/arm-none-eabi/7.3.1/../../../../arm-none-eabi/lib/thumb/v7-m/libc_nano.a
START GROUP
LOAD /usr/bin/../lib/gcc/arm-none-eabi/7.3.1/thumb/v7-m/libgcc.a
LOAD /usr/bin/../lib/gcc/arm-none-eabi/7.3.1/../../../../arm-none-eabi/lib/thumb/v7-m/libg_nano.a
LOAD /usr/bin/../lib/gcc/arm-none-eabi/7.3.1/../../../../arm-none-eabi/lib/thumb/v7-m/libc_nano.a
END GROUP
START GROUP
LOAD /usr/bin/../lib/gcc/arm-none-eabi/7.3.1/thumb/v7-m/libgcc.a
LOAD /usr/bin/../lib/gcc/arm-none-eabi/7.3.1/../../../../arm-none-eabi/lib/thumb/v7-m/libc_nano.a
END GROUP
                0x0000000000000000                ccmram_length = DEFINED (ccmram_len)?ccmram_len:0x0
                0x0000000000000000                _rom_offset = DEFINED (_rom_offset)?_rom_offset:0x0
                0x0000000000040000                _fw_rom_length = DEFINED (_fw_rom_length)?_fw_rom_length:(_rom_length - _rom_offset)
                0x0000000000000001                ASSERT ((_fw_rom_length <= (_rom_length - _rom_offset)), Specified firmware size does not fit in ROM)
                0x0000000000000000                _backup_ram_start_addr = DEFINED (_backup_ram_start_addr)?_backup_ram_start_addr:0x0
                0x0000000000000000                _backup_ram_len = DEFINED (_backup_ram_len)?_backup_ram_len:0x0

.text           0x0000000008000000     0x6688
                0x0000000008000000                . = ALIGN (0x4)
                0x0000000008000000                _sfixed = .
                0x0000000008000000                _isr_vectors = DEFINED (_isr_vectors)?_isr_vectors:.
 *(SORT_BY_NAME(.vectors*))
 .vectors.0     0x0000000008000000       0x40 /home/clement/riot_idosens/tests/driver_sx127x/bin/idosens/cortexm_common/vectors_cortexm.o
                0x0000000008000000                cortex_vector_base
 .vectors.1     0x0000000008000040       0xf0 /home/clement/riot_idosens/tests/driver_sx127x/bin/idosens/cpu/vectors.o
                0x0000000008000040                vector_cpu
 *(.text .text.* .gnu.linkonce.t.*)
 .text.dummy_handler
                0x0000000008000130        0x4 /home/clement/riot_idosens/tests/driver_sx127x/bin/idosens/cpu/vectors.o
                0x0000000008000130                isr_pvd
                0x0000000008000130                isr_usb_lp_can1_rx0
                0x0000000008000130                isr_dma1_channel4
                0x0000000008000130                isr_usart1
                0x0000000008000130                isr_tim7
                0x0000000008000130                isr_tim5
                0x0000000008000130                isr_i2c1_ev
                0x0000000008000130                isr_usart2
                0x0000000008000130                isr_tim1_brk
                0x0000000008000130                isr_dma1_channel5
                0x0000000008000130                isr_tim4
                0x0000000008000130                isr_dma1_channel2
                0x0000000008000130                isr_adc3
                0x0000000008000130                isr_can1_sce
                0x0000000008000130                isr_dma1_channel7
                0x0000000008000130                isr_usb_hp_can1_tx
                0x0000000008000130                isr_tim1_up
                0x0000000008000130                isr_sdio
                0x0000000008000130                isr_spi2
                0x0000000008000130                isr_tim1_trg_com
                0x0000000008000130                isr_dma1_channel1
                0x0000000008000130                dummy_handler
                0x0000000008000130                isr_adc1_2
                0x0000000008000130                isr_can1_rx1
                0x0000000008000130                isr_fsmc
                0x0000000008000130                isr_spi1
                0x0000000008000130                isr_tim6
                0x0000000008000130                isr_rcc
                0x0000000008000130                isr_flash
                0x0000000008000130                isr_uart5
                0x0000000008000130                isr_rtc
                0x0000000008000130                isr_tim1_cc
                0x0000000008000130                isr_usbwakeup
                0x0000000008000130                isr_dma2_channel1
                0x0000000008000130                isr_tim8_brk
                0x0000000008000130                isr_i2c2_er
                0x0000000008000130                isr_dma2_channel4_5
                0x0000000008000130                isr_dma1_channel6
                0x0000000008000130                isr_spi3
                0x0000000008000130                isr_tim8_up
                0x0000000008000130                isr_usart3
                0x0000000008000130                isr_tim8_cc
                0x0000000008000130                isr_i2c2_ev
                0x0000000008000130                isr_dma2_channel2
                0x0000000008000130                isr_dma2_channel3
                0x0000000008000130                isr_rtc_alarm
                0x0000000008000130                isr_tamper
                0x0000000008000130                isr_dma1_channel3
                0x0000000008000130                isr_tim8_trg_com
                0x0000000008000130                isr_i2c1_er
                0x0000000008000130                isr_wwdg
 .text._init    0x0000000008000134        0x2 /home/clement/riot_idosens/tests/driver_sx127x/bin/idosens/newlib_syscalls_default/syscalls.o
                0x0000000008000134                _init
 .text._fini    0x0000000008000136        0x2 /home/clement/riot_idosens/tests/driver_sx127x/bin/idosens/newlib_syscalls_default/syscalls.o
                0x0000000008000136                _fini
 .text._sbrk_r  0x0000000008000138       0x3c /home/clement/riot_idosens/tests/driver_sx127x/bin/idosens/newlib_syscalls_default/syscalls.o
                0x0000000008000138                _sbrk_r
 .text._read_r  0x0000000008000174        0x8 /home/clement/riot_idosens/tests/driver_sx127x/bin/idosens/newlib_syscalls_default/syscalls.o
                0x0000000008000174                _read_r
 .text._write_r
                0x000000000800017c        0x8 /home/clement/riot_idosens/tests/driver_sx127x/bin/idosens/newlib_syscalls_default/syscalls.o
                0x000000000800017c                _write_r
 .text._close_r
                0x0000000008000184        0xa /home/clement/riot_idosens/tests/driver_sx127x/bin/idosens/newlib_syscalls_default/syscalls.o
                0x0000000008000184                _close_r
 .text._lseek_r
                0x000000000800018e        0xa /home/clement/riot_idosens/tests/driver_sx127x/bin/idosens/newlib_syscalls_default/syscalls.o
                0x000000000800018e                _lseek_r
 .text._fstat_r
                0x0000000008000198        0xa /home/clement/riot_idosens/tests/driver_sx127x/bin/idosens/newlib_syscalls_default/syscalls.o
                0x0000000008000198                _fstat_r
 .text._isatty_r
                0x00000000080001a2        0xe /home/clement/riot_idosens/tests/driver_sx127x/bin/idosens/newlib_syscalls_default/syscalls.o
                0x00000000080001a2                _isatty_r
 .text.sched_run
                0x00000000080001b0       0x64 /home/clement/riot_idosens/tests/driver_sx127x/bin/idosens/core/sched.o
                0x00000000080001b0                sched_run
 .text.sched_set_status
                0x0000000008000214       0x80 /home/clement/riot_idosens/tests/driver_sx127x/bin/idosens/core/sched.o
                0x0000000008000214                sched_set_status
 .text.sched_switch
                0x0000000008000294       0x30 /home/clement/riot_idosens/tests/driver_sx127x/bin/idosens/core/sched.o
                0x0000000008000294                sched_switch
 .text.sched_task_exit
                0x00000000080002c4       0x3c /home/clement/riot_idosens/tests/driver_sx127x/bin/idosens/core/sched.o
                0x00000000080002c4                sched_task_exit
 .text.thread_stack_init
                0x0000000008000300       0x64 /home/clement/riot_idosens/tests/driver_sx127x/bin/idosens/cortexm_common/thread_arch.o
                0x0000000008000300                thread_stack_init
 .text.thread_isr_stack_usage
                0x0000000008000364       0x24 /home/clement/riot_idosens/tests/driver_sx127x/bin/idosens/cortexm_common/thread_arch.o
                0x0000000008000364                thread_isr_stack_usage
 .text.thread_isr_stack_pointer
                0x0000000008000388        0x6 /home/clement/riot_idosens/tests/driver_sx127x/bin/idosens/cortexm_common/thread_arch.o
                0x0000000008000388                thread_isr_stack_pointer
 *fill*         0x000000000800038e        0x2 
 .text.thread_isr_stack_start
                0x0000000008000390        0x8 /home/clement/riot_idosens/tests/driver_sx127x/bin/idosens/cortexm_common/thread_arch.o
                0x0000000008000390                thread_isr_stack_start
 .text.cpu_switch_context_exit
                0x0000000008000398        0x8 /home/clement/riot_idosens/tests/driver_sx127x/bin/idosens/cortexm_common/thread_arch.o
                0x0000000008000398                cpu_switch_context_exit
 .text.thread_yield_higher
                0x00000000080003a0       0x10 /home/clement/riot_idosens/tests/driver_sx127x/bin/idosens/cortexm_common/thread_arch.o
                0x00000000080003a0                thread_yield_higher
 .text.isr_pendsv
                0x00000000080003b0       0x1c /home/clement/riot_idosens/tests/driver_sx127x/bin/idosens/cortexm_common/thread_arch.o
                0x00000000080003b0                isr_pendsv
 .text.isr_svc  0x00000000080003cc       0x1c /home/clement/riot_idosens/tests/driver_sx127x/bin/idosens/cortexm_common/thread_arch.o
                0x00000000080003cc                isr_svc
 .text.hard_fault_default
                0x00000000080003e8       0x44 /home/clement/riot_idosens/tests/driver_sx127x/bin/idosens/cortexm_common/vectors_cortexm.o
                0x00000000080003e8                hard_fault_default
 .text.nmi_default
                0x000000000800042c       0x10 /home/clement/riot_idosens/tests/driver_sx127x/bin/idosens/cortexm_common/vectors_cortexm.o
                0x000000000800042c                nmi_default
 .text.mem_manage_default
                0x000000000800043c       0x10 /home/clement/riot_idosens/tests/driver_sx127x/bin/idosens/cortexm_common/vectors_cortexm.o
                0x000000000800043c                mem_manage_default
 .text.bus_fault_default
                0x000000000800044c       0x10 /home/clement/riot_idosens/tests/driver_sx127x/bin/idosens/cortexm_common/vectors_cortexm.o
                0x000000000800044c                bus_fault_default
 .text.usage_fault_default
                0x000000000800045c       0x10 /home/clement/riot_idosens/tests/driver_sx127x/bin/idosens/cortexm_common/vectors_cortexm.o
                0x000000000800045c                usage_fault_default
 .text.debug_mon_default
                0x000000000800046c       0x10 /home/clement/riot_idosens/tests/driver_sx127x/bin/idosens/cortexm_common/vectors_cortexm.o
                0x000000000800046c                debug_mon_default
 .text.dummy_handler_default
                0x000000000800047c       0x10 /home/clement/riot_idosens/tests/driver_sx127x/bin/idosens/cortexm_common/vectors_cortexm.o
                0x000000000800047c                dummy_handler_default
                0x000000000800047c                isr_systick
 .text.pre_startup
                0x000000000800048c        0x2 /home/clement/riot_idosens/tests/driver_sx127x/bin/idosens/cortexm_common/vectors_cortexm.o
                0x000000000800048c                pre_startup
 .text.post_startup
                0x000000000800048e        0x2 /home/clement/riot_idosens/tests/driver_sx127x/bin/idosens/cortexm_common/vectors_cortexm.o
                0x000000000800048e                post_startup
 .text.reset_handler_default
                0x0000000008000490       0x6c /home/clement/riot_idosens/tests/driver_sx127x/bin/idosens/cortexm_common/vectors_cortexm.o
                0x0000000008000490                reset_handler_default
 .text.hard_fault_handler
                0x00000000080004fc      0x188 /home/clement/riot_idosens/tests/driver_sx127x/bin/idosens/cortexm_common/vectors_cortexm.o
                0x00000000080004fc                hard_fault_handler
 .text.irq_disable
                0x0000000008000684        0x8 /home/clement/riot_idosens/tests/driver_sx127x/bin/idosens/cortexm_common/irq_arch.o
                0x0000000008000684                irq_disable
 .text.irq_enable
                0x000000000800068c        0x8 /home/clement/riot_idosens/tests/driver_sx127x/bin/idosens/cortexm_common/irq_arch.o
                0x000000000800068c                irq_enable
 .text.irq_restore
                0x0000000008000694        0x6 /home/clement/riot_idosens/tests/driver_sx127x/bin/idosens/cortexm_common/irq_arch.o
                0x0000000008000694                irq_restore
 .text.irq_is_in
                0x000000000800069a        0x8 /home/clement/riot_idosens/tests/driver_sx127x/bin/idosens/cortexm_common/irq_arch.o
                0x000000000800069a                irq_is_in
 *fill*         0x00000000080006a2        0x2 
 .text.stdio_init
                0x00000000080006a4       0x18 /home/clement/riot_idosens/tests/driver_sx127x/bin/idosens/stdio_uart/stdio_uart.o
                0x00000000080006a4                stdio_init
 .text.stdio_read
                0x00000000080006bc       0x10 /home/clement/riot_idosens/tests/driver_sx127x/bin/idosens/stdio_uart/stdio_uart.o
                0x00000000080006bc                stdio_read
 .text.stdio_write
                0x00000000080006cc       0x12 /home/clement/riot_idosens/tests/driver_sx127x/bin/idosens/stdio_uart/stdio_uart.o
                0x00000000080006cc                stdio_write
 *fill*         0x00000000080006de        0x2 
 .text.pm_set   0x00000000080006e0       0x70 /home/clement/riot_idosens/tests/driver_sx127x/bin/idosens/stm32_common_periph/pm.o
                0x00000000080006e0                pm_set
 .text.pm_off   0x0000000008000750       0x10 /home/clement/riot_idosens/tests/driver_sx127x/bin/idosens/stm32_common_periph/pm.o
                0x0000000008000750                pm_off
 .text.uart_enable_clock.constprop.5
                0x0000000008000760       0x20 /home/clement/riot_idosens/tests/driver_sx127x/bin/idosens/stm32_common_periph/uart.o
 .text.uart_init
                0x0000000008000780       0x88 /home/clement/riot_idosens/tests/driver_sx127x/bin/idosens/stm32_common_periph/uart.o
                0x0000000008000780                uart_init
 .text.uart_write
                0x0000000008000808       0x38 /home/clement/riot_idosens/tests/driver_sx127x/bin/idosens/stm32_common_periph/uart.o
                0x0000000008000808                uart_write
 .text.isr_uart4
                0x0000000008000840       0x3c /home/clement/riot_idosens/tests/driver_sx127x/bin/idosens/stm32_common_periph/uart.o
                0x0000000008000840                isr_uart4
 .text._xtimer_lltimer_now
                0x000000000800087c        0x6 /home/clement/riot_idosens/tests/driver_sx127x/bin/idosens/xtimer/xtimer_core.o
 *fill*         0x0000000008000882        0x2 
 .text._xtimer_now
                0x0000000008000884       0x18 /home/clement/riot_idosens/tests/driver_sx127x/bin/idosens/xtimer/xtimer_core.o
 .text._lltimer_set
                0x000000000800089c       0x14 /home/clement/riot_idosens/tests/driver_sx127x/bin/idosens/xtimer/xtimer_core.o
 .text._add_timer_to_long_list.constprop.3
                0x00000000080008b0       0x2c /home/clement/riot_idosens/tests/driver_sx127x/bin/idosens/xtimer/xtimer_core.o
 .text._next_period
                0x00000000080008dc       0xc4 /home/clement/riot_idosens/tests/driver_sx127x/bin/idosens/xtimer/xtimer_core.o
 .text._periph_timer_callback
                0x00000000080009a0       0xd8 /home/clement/riot_idosens/tests/driver_sx127x/bin/idosens/xtimer/xtimer_core.o
 .text._remove  0x0000000008000a78       0x60 /home/clement/riot_idosens/tests/driver_sx127x/bin/idosens/xtimer/xtimer_core.o
 .text.xtimer_init
                0x0000000008000ad8       0x24 /home/clement/riot_idosens/tests/driver_sx127x/bin/idosens/xtimer/xtimer_core.o
                0x0000000008000ad8                xtimer_init
 .text._xtimer_set_absolute
                0x0000000008000afc       0xcc /home/clement/riot_idosens/tests/driver_sx127x/bin/idosens/xtimer/xtimer_core.o
                0x0000000008000afc                _xtimer_set_absolute
 .text.xtimer_remove
                0x0000000008000bc8       0x22 /home/clement/riot_idosens/tests/driver_sx127x/bin/idosens/xtimer/xtimer_core.o
                0x0000000008000bc8                xtimer_remove
 .text._xtimer_set
                0x0000000008000bea       0x40 /home/clement/riot_idosens/tests/driver_sx127x/bin/idosens/xtimer/xtimer_core.o
                0x0000000008000bea                _xtimer_set
 *fill*         0x0000000008000c2a        0x2 
 .text._xtimer_set64
                0x0000000008000c2c       0x60 /home/clement/riot_idosens/tests/driver_sx127x/bin/idosens/xtimer/xtimer_core.o
                0x0000000008000c2c                _xtimer_set64
 .text.board_init
                0x0000000008000c8c        0x4 /home/clement/riot_idosens/tests/driver_sx127x/bin/idosens/board/board.o
                0x0000000008000c8c                board_init
 .text.panic_arch
                0x0000000008000c90        0x2 /home/clement/riot_idosens/tests/driver_sx127x/bin/idosens/core/panic.o
                0x0000000008000c90                panic_arch
 *fill*         0x0000000008000c92        0x2 
 .text.core_panic
                0x0000000008000c94       0x54 /home/clement/riot_idosens/tests/driver_sx127x/bin/idosens/core/panic.o
                0x0000000008000c94                core_panic
 .text.main_trampoline
                0x0000000008000ce8       0x18 /home/clement/riot_idosens/tests/driver_sx127x/bin/idosens/core/kernel_init.o
 .text.idle_thread
                0x0000000008000d00        0x8 /home/clement/riot_idosens/tests/driver_sx127x/bin/idosens/core/kernel_init.o
 .text.kernel_init
                0x0000000008000d08       0x58 /home/clement/riot_idosens/tests/driver_sx127x/bin/idosens/core/kernel_init.o
                0x0000000008000d08                kernel_init
 .text.thread_add_to_list
                0x0000000008000d60       0x30 /home/clement/riot_idosens/tests/driver_sx127x/bin/idosens/core/thread.o
                0x0000000008000d60                thread_add_to_list
 .text.thread_measure_stack_free
                0x0000000008000d90        0xe /home/clement/riot_idosens/tests/driver_sx127x/bin/idosens/core/thread.o
                0x0000000008000d90                thread_measure_stack_free
 *fill*         0x0000000008000d9e        0x2 
 .text.thread_create
                0x0000000008000da0       0xec /home/clement/riot_idosens/tests/driver_sx127x/bin/idosens/core/thread.o
                0x0000000008000da0                thread_create
 .text.isrpipe_write_one
                0x0000000008000e8c       0x16 /home/clement/riot_idosens/tests/driver_sx127x/bin/idosens/isrpipe/isrpipe.o
                0x0000000008000e8c                isrpipe_write_one
 .text.isrpipe_read
                0x0000000008000ea2       0x24 /home/clement/riot_idosens/tests/driver_sx127x/bin/idosens/isrpipe/isrpipe.o
                0x0000000008000ea2                isrpipe_read
 .text.gpio_init
                0x0000000008000ec6       0x68 /home/clement/riot_idosens/tests/driver_sx127x/bin/idosens/periph/gpio.o
                0x0000000008000ec6                gpio_init
 .text.gpio_init_af
                0x0000000008000f2e       0x44 /home/clement/riot_idosens/tests/driver_sx127x/bin/idosens/periph/gpio.o
                0x0000000008000f2e                gpio_init_af
 .text.gpio_read
                0x0000000008000f72       0x2c /home/clement/riot_idosens/tests/driver_sx127x/bin/idosens/periph/gpio.o
                0x0000000008000f72                gpio_read
 .text.gpio_set
                0x0000000008000f9e       0x12 /home/clement/riot_idosens/tests/driver_sx127x/bin/idosens/periph/gpio.o
                0x0000000008000f9e                gpio_set
 .text.gpio_clear
                0x0000000008000fb0       0x12 /home/clement/riot_idosens/tests/driver_sx127x/bin/idosens/periph/gpio.o
                0x0000000008000fb0                gpio_clear
 .text.gpio_write
                0x0000000008000fc2       0x16 /home/clement/riot_idosens/tests/driver_sx127x/bin/idosens/periph/gpio.o
                0x0000000008000fc2                gpio_write
 .text.gpio_init_int
                0x0000000008000fd8       0xdc /home/clement/riot_idosens/tests/driver_sx127x/bin/idosens/periph/gpio.o
                0x0000000008000fd8                gpio_init_int
 .text.isr_exti
                0x00000000080010b4       0x50 /home/clement/riot_idosens/tests/driver_sx127x/bin/idosens/periph/gpio.o
                0x00000000080010b4                isr_exti
 .text.pm_set_lowest
                0x0000000008001104       0x38 /home/clement/riot_idosens/tests/driver_sx127x/bin/idosens/pm_layered/pm.o
                0x0000000008001104                pm_set_lowest
 .text.pm_block
                0x000000000800113c       0x30 /home/clement/riot_idosens/tests/driver_sx127x/bin/idosens/pm_layered/pm.o
                0x000000000800113c                pm_block
 .text.pm_unblock
                0x000000000800116c       0x30 /home/clement/riot_idosens/tests/driver_sx127x/bin/idosens/pm_layered/pm.o
                0x000000000800116c                pm_unblock
 .text.ps       0x000000000800119c       0xe8 /home/clement/riot_idosens/tests/driver_sx127x/bin/idosens/ps/ps.o
                0x000000000800119c                ps
 .text.stmclk_init_sysclk
                0x0000000008001284       0x80 /home/clement/riot_idosens/tests/driver_sx127x/bin/idosens/stm32_common/stmclk.o
                0x0000000008001284                stmclk_init_sysclk
 .text.stmclk_enable_hsi
                0x0000000008001304       0x18 /home/clement/riot_idosens/tests/driver_sx127x/bin/idosens/stm32_common/stmclk_common.o
                0x0000000008001304                stmclk_enable_hsi
 .text.stmclk_disable_hsi
                0x000000000800131c       0x18 /home/clement/riot_idosens/tests/driver_sx127x/bin/idosens/stm32_common/stmclk_common.o
                0x000000000800131c                stmclk_disable_hsi
 .text.cpu_init
                0x0000000008001334       0xa0 /home/clement/riot_idosens/tests/driver_sx127x/bin/idosens/stm32_common/cpu_init.o
                0x0000000008001334                cpu_init
 .text.periph_apb_clk
                0x00000000080013d4       0x18 /home/clement/riot_idosens/tests/driver_sx127x/bin/idosens/stm32_common/cpu_common.o
                0x00000000080013d4                periph_apb_clk
 .text.periph_timer_clk
                0x00000000080013ec       0x20 /home/clement/riot_idosens/tests/driver_sx127x/bin/idosens/stm32_common/cpu_common.o
                0x00000000080013ec                periph_timer_clk
 .text.periph_clk_en
                0x000000000800140c       0x34 /home/clement/riot_idosens/tests/driver_sx127x/bin/idosens/stm32_common/cpu_common.o
                0x000000000800140c                periph_clk_en
 .text.periph_clk_dis
                0x0000000008001440       0x34 /home/clement/riot_idosens/tests/driver_sx127x/bin/idosens/stm32_common/cpu_common.o
                0x0000000008001440                periph_clk_dis
 .text.irq_handler
                0x0000000008001474       0x5c /home/clement/riot_idosens/tests/driver_sx127x/bin/idosens/stm32_common_periph/timer.o
 .text.timer_set_absolute
                0x00000000080014d0       0x40 /home/clement/riot_idosens/tests/driver_sx127x/bin/idosens/stm32_common_periph/timer.o
                0x00000000080014d0                timer_set_absolute
 .text.timer_read
                0x0000000008001510       0x10 /home/clement/riot_idosens/tests/driver_sx127x/bin/idosens/stm32_common_periph/timer.o
                0x0000000008001510                timer_read
 .text.timer_start
                0x0000000008001520       0x14 /home/clement/riot_idosens/tests/driver_sx127x/bin/idosens/stm32_common_periph/timer.o
                0x0000000008001520                timer_start
 .text.timer_init
                0x0000000008001534       0x84 /home/clement/riot_idosens/tests/driver_sx127x/bin/idosens/stm32_common_periph/timer.o
                0x0000000008001534                timer_init
 .text.isr_tim2
                0x00000000080015b8        0x6 /home/clement/riot_idosens/tests/driver_sx127x/bin/idosens/stm32_common_periph/timer.o
                0x00000000080015b8                isr_tim2
 .text.isr_tim3
                0x00000000080015be        0x6 /home/clement/riot_idosens/tests/driver_sx127x/bin/idosens/stm32_common_periph/timer.o
                0x00000000080015be                isr_tim3
 .text._pop     0x00000000080015c4       0x12 /home/clement/riot_idosens/tests/driver_sx127x/bin/idosens/tsrb/tsrb.o
 .text.tsrb_get
                0x00000000080015d6       0x26 /home/clement/riot_idosens/tests/driver_sx127x/bin/idosens/tsrb/tsrb.o
                0x00000000080015d6                tsrb_get
 .text.tsrb_add_one
                0x00000000080015fc       0x26 /home/clement/riot_idosens/tests/driver_sx127x/bin/idosens/tsrb/tsrb.o
                0x00000000080015fc                tsrb_add_one
 .text.periph_init
                0x0000000008001622        0x6 /home/clement/riot_idosens/tests/driver_sx127x/bin/idosens/periph_common/init.o
                0x0000000008001622                periph_init
 .text.reset_cmd
                0x0000000008001628       0x2c /home/clement/riot_idosens/tests/driver_sx127x/bin/idosens/application_tests_driver_sx127x/main.o
                0x0000000008001628                reset_cmd
 .text.lora_setup_cmd
                0x0000000008001654       0xdc /home/clement/riot_idosens/tests/driver_sx127x/bin/idosens/application_tests_driver_sx127x/main.o
                0x0000000008001654                lora_setup_cmd
 .text.listen_cmd
                0x0000000008001730       0x54 /home/clement/riot_idosens/tests/driver_sx127x/bin/idosens/application_tests_driver_sx127x/main.o
                0x0000000008001730                listen_cmd
 .text.random_cmd
                0x0000000008001784       0x30 /home/clement/riot_idosens/tests/driver_sx127x/bin/idosens/application_tests_driver_sx127x/main.o
                0x0000000008001784                random_cmd
 .text.rx_timeout_cmd
                0x00000000080017b4       0x6c /home/clement/riot_idosens/tests/driver_sx127x/bin/idosens/application_tests_driver_sx127x/main.o
                0x00000000080017b4                rx_timeout_cmd
 .text.register_cmd
                0x0000000008001820      0x1a8 /home/clement/riot_idosens/tests/driver_sx127x/bin/idosens/application_tests_driver_sx127x/main.o
                0x0000000008001820                register_cmd
 .text.send_cmd
                0x00000000080019c8       0x64 /home/clement/riot_idosens/tests/driver_sx127x/bin/idosens/application_tests_driver_sx127x/main.o
                0x00000000080019c8                send_cmd
 .text._recv_thread
                0x0000000008001a2c       0x38 /home/clement/riot_idosens/tests/driver_sx127x/bin/idosens/application_tests_driver_sx127x/main.o
                0x0000000008001a2c                _recv_thread
 .text.channel_cmd
                0x0000000008001a64       0x94 /home/clement/riot_idosens/tests/driver_sx127x/bin/idosens/application_tests_driver_sx127x/main.o
                0x0000000008001a64                channel_cmd
 .text.syncword_cmd
                0x0000000008001af8       0x98 /home/clement/riot_idosens/tests/driver_sx127x/bin/idosens/application_tests_driver_sx127x/main.o
                0x0000000008001af8                syncword_cmd
 .text._event_cb
                0x0000000008001b90       0xc0 /home/clement/riot_idosens/tests/driver_sx127x/bin/idosens/application_tests_driver_sx127x/main.o
 .text.startup.main
                0x0000000008001c50       0xc0 /home/clement/riot_idosens/tests/driver_sx127x/bin/idosens/application_tests_driver_sx127x/main.o
                0x0000000008001c50                main
 .text.auto_init
                0x0000000008001d10        0x4 /home/clement/riot_idosens/tests/driver_sx127x/bin/idosens/auto_init/auto_init.o
                0x0000000008001d10                auto_init
 .text._mutex_lock
                0x0000000008001d14       0x60 /home/clement/riot_idosens/tests/driver_sx127x/bin/idosens/core/mutex.o
                0x0000000008001d14                _mutex_lock
 .text.mutex_unlock
                0x0000000008001d74       0x4c /home/clement/riot_idosens/tests/driver_sx127x/bin/idosens/core/mutex.o
                0x0000000008001d74                mutex_unlock
 .text._msg_receive
                0x0000000008001dc0      0x108 /home/clement/riot_idosens/tests/driver_sx127x/bin/idosens/core/msg.o
 .text.queue_msg
                0x0000000008001ec8       0x2a /home/clement/riot_idosens/tests/driver_sx127x/bin/idosens/core/msg.o
 *fill*         0x0000000008001ef2        0x2 
 .text._msg_send
                0x0000000008001ef4       0xac /home/clement/riot_idosens/tests/driver_sx127x/bin/idosens/core/msg.o
 .text.msg_send_to_self
                0x0000000008001fa0       0x30 /home/clement/riot_idosens/tests/driver_sx127x/bin/idosens/core/msg.o
                0x0000000008001fa0                msg_send_to_self
 .text.msg_send_int
                0x0000000008001fd0       0x48 /home/clement/riot_idosens/tests/driver_sx127x/bin/idosens/core/msg.o
                0x0000000008001fd0                msg_send_int
 .text.msg_send
                0x0000000008002018       0x44 /home/clement/riot_idosens/tests/driver_sx127x/bin/idosens/core/msg.o
                0x0000000008002018                msg_send
 .text.msg_receive
                0x000000000800205c        0x6 /home/clement/riot_idosens/tests/driver_sx127x/bin/idosens/core/msg.o
                0x000000000800205c                msg_receive
 *fill*         0x0000000008002062        0x2 
 .text.msg_init_queue
                0x0000000008002064       0x28 /home/clement/riot_idosens/tests/driver_sx127x/bin/idosens/core/msg.o
                0x0000000008002064                msg_init_queue
 .text.cortexm_init
                0x000000000800208c       0x40 /home/clement/riot_idosens/tests/driver_sx127x/bin/idosens/cortexm_common/cortexm_init.o
                0x000000000800208c                cortexm_init
 .text.fmt_hex_byte
                0x00000000080020cc       0x42 /home/clement/riot_idosens/tests/driver_sx127x/bin/idosens/fmt/fmt.o
                0x00000000080020cc                fmt_hex_byte
 *fill*         0x000000000800210e        0x2 
 .text.flush_if_needed
                0x0000000008002110       0x10 /home/clement/riot_idosens/tests/driver_sx127x/bin/idosens/shell/shell.o
 .text.shell_run_once
                0x0000000008002120      0x278 /home/clement/riot_idosens/tests/driver_sx127x/bin/idosens/shell/shell.o
                0x0000000008002120                shell_run_once
 .text._reboot_handler
                0x0000000008002398        0xa /home/clement/riot_idosens/tests/driver_sx127x/bin/idosens/shell_commands/sc_sys.o
                0x0000000008002398                _reboot_handler
 .text._ps_handler
                0x00000000080023a2        0xa /home/clement/riot_idosens/tests/driver_sx127x/bin/idosens/shell_commands/sc_ps.o
                0x00000000080023a2                _ps_handler
 .text.spi_init_pins
                0x00000000080023ac       0x2c /home/clement/riot_idosens/tests/driver_sx127x/bin/idosens/stm32_common_periph/spi.o
                0x00000000080023ac                spi_init_pins
 .text.spi_init
                0x00000000080023d8       0x44 /home/clement/riot_idosens/tests/driver_sx127x/bin/idosens/stm32_common_periph/spi.o
                0x00000000080023d8                spi_init
 .text.spi_init_cs
                0x000000000800241c       0x3e /home/clement/riot_idosens/tests/driver_sx127x/bin/idosens/stm32_common_periph/spi.o
                0x000000000800241c                spi_init_cs
 *fill*         0x000000000800245a        0x2 
 .text.spi_acquire
                0x000000000800245c       0x78 /home/clement/riot_idosens/tests/driver_sx127x/bin/idosens/stm32_common_periph/spi.o
                0x000000000800245c                spi_acquire
 .text.spi_release
                0x00000000080024d4       0x40 /home/clement/riot_idosens/tests/driver_sx127x/bin/idosens/stm32_common_periph/spi.o
                0x00000000080024d4                spi_release
 .text.spi_transfer_bytes
                0x0000000008002514       0xe4 /home/clement/riot_idosens/tests/driver_sx127x/bin/idosens/stm32_common_periph/spi.o
                0x0000000008002514                spi_transfer_bytes
 .text.sx127x_reg_write_burst
                0x00000000080025f8       0x46 /home/clement/riot_idosens/tests/driver_sx127x/bin/idosens/sx127x/sx127x_internal.o
                0x00000000080025f8                sx127x_reg_write_burst
 .text.sx127x_reg_write
                0x000000000800263e       0x14 /home/clement/riot_idosens/tests/driver_sx127x/bin/idosens/sx127x/sx127x_internal.o
                0x000000000800263e                sx127x_reg_write
 .text.sx127x_reg_read_burst
                0x0000000008002652       0x44 /home/clement/riot_idosens/tests/driver_sx127x/bin/idosens/sx127x/sx127x_internal.o
                0x0000000008002652                sx127x_reg_read_burst
 .text.sx127x_reg_read
                0x0000000008002696       0x16 /home/clement/riot_idosens/tests/driver_sx127x/bin/idosens/sx127x/sx127x_internal.o
                0x0000000008002696                sx127x_reg_read
 .text.sx127x_check_version
                0x00000000080026ac       0x12 /home/clement/riot_idosens/tests/driver_sx127x/bin/idosens/sx127x/sx127x_internal.o
                0x00000000080026ac                sx127x_check_version
 .text.sx127x_write_fifo
                0x00000000080026be        0xa /home/clement/riot_idosens/tests/driver_sx127x/bin/idosens/sx127x/sx127x_internal.o
                0x00000000080026be                sx127x_write_fifo
 .text.sx127x_read_fifo
                0x00000000080026c8        0xa /home/clement/riot_idosens/tests/driver_sx127x/bin/idosens/sx127x/sx127x_internal.o
                0x00000000080026c8                sx127x_read_fifo
 *fill*         0x00000000080026d2        0x6 
 .text.sx1276_rx_chain_calibration
                0x00000000080026d8       0xbc /home/clement/riot_idosens/tests/driver_sx127x/bin/idosens/sx127x/sx127x_internal.o
                0x00000000080026d8                sx1276_rx_chain_calibration
 .text._low_datarate_optimize
                0x0000000008002794       0x4a /home/clement/riot_idosens/tests/driver_sx127x/bin/idosens/sx127x/sx127x_getset.o
 .text.sx127x_get_state
                0x00000000080027de        0x4 /home/clement/riot_idosens/tests/driver_sx127x/bin/idosens/sx127x/sx127x_getset.o
                0x00000000080027de                sx127x_get_state
 .text.sx127x_set_state
                0x00000000080027e2        0x4 /home/clement/riot_idosens/tests/driver_sx127x/bin/idosens/sx127x/sx127x_getset.o
                0x00000000080027e2                sx127x_set_state
 .text.sx127x_get_syncword
                0x00000000080027e6        0x6 /home/clement/riot_idosens/tests/driver_sx127x/bin/idosens/sx127x/sx127x_getset.o
                0x00000000080027e6                sx127x_get_syncword
 .text.sx127x_set_syncword
                0x00000000080027ec        0x8 /home/clement/riot_idosens/tests/driver_sx127x/bin/idosens/sx127x/sx127x_getset.o
                0x00000000080027ec                sx127x_set_syncword
 *fill*         0x00000000080027f4        0x4 
 .text.sx127x_get_channel
                0x00000000080027f8       0x48 /home/clement/riot_idosens/tests/driver_sx127x/bin/idosens/sx127x/sx127x_getset.o
                0x00000000080027f8                sx127x_get_channel
 .text.sx127x_set_channel
                0x0000000008002840       0x50 /home/clement/riot_idosens/tests/driver_sx127x/bin/idosens/sx127x/sx127x_getset.o
                0x0000000008002840                sx127x_set_channel
 .text.sx127x_get_time_on_air
                0x0000000008002890      0x13c /home/clement/riot_idosens/tests/driver_sx127x/bin/idosens/sx127x/sx127x_getset.o
                0x0000000008002890                sx127x_get_time_on_air
 .text.sx127x_get_max_payload_len
                0x00000000080029cc       0x16 /home/clement/riot_idosens/tests/driver_sx127x/bin/idosens/sx127x/sx127x_getset.o
                0x00000000080029cc                sx127x_get_max_payload_len
 .text.sx127x_set_max_payload_len
                0x00000000080029e2       0x16 /home/clement/riot_idosens/tests/driver_sx127x/bin/idosens/sx127x/sx127x_getset.o
                0x00000000080029e2                sx127x_set_max_payload_len
 .text.sx127x_get_op_mode
                0x00000000080029f8        0xe /home/clement/riot_idosens/tests/driver_sx127x/bin/idosens/sx127x/sx127x_getset.o
                0x00000000080029f8                sx127x_get_op_mode
 .text.sx127x_set_op_mode
                0x0000000008002a06       0x1e /home/clement/riot_idosens/tests/driver_sx127x/bin/idosens/sx127x/sx127x_getset.o
                0x0000000008002a06                sx127x_set_op_mode
 .text.sx127x_set_modem
                0x0000000008002a24       0x5a /home/clement/riot_idosens/tests/driver_sx127x/bin/idosens/sx127x/sx127x_getset.o
                0x0000000008002a24                sx127x_set_modem
 .text.sx127x_set_sleep
                0x0000000008002a7e       0x20 /home/clement/riot_idosens/tests/driver_sx127x/bin/idosens/sx127x/sx127x_getset.o
                0x0000000008002a7e                sx127x_set_sleep
 .text.sx127x_set_standby
                0x0000000008002a9e       0x20 /home/clement/riot_idosens/tests/driver_sx127x/bin/idosens/sx127x/sx127x_getset.o
                0x0000000008002a9e                sx127x_set_standby
 .text.sx127x_set_rx
                0x0000000008002abe       0xf8 /home/clement/riot_idosens/tests/driver_sx127x/bin/idosens/sx127x/sx127x_getset.o
                0x0000000008002abe                sx127x_set_rx
 .text.sx127x_set_tx
                0x0000000008002bb6       0x62 /home/clement/riot_idosens/tests/driver_sx127x/bin/idosens/sx127x/sx127x_getset.o
                0x0000000008002bb6                sx127x_set_tx
 .text.sx127x_get_bandwidth
                0x0000000008002c18        0x4 /home/clement/riot_idosens/tests/driver_sx127x/bin/idosens/sx127x/sx127x_getset.o
                0x0000000008002c18                sx127x_get_bandwidth
 .text.sx127x_set_bandwidth
                0x0000000008002c1c       0x74 /home/clement/riot_idosens/tests/driver_sx127x/bin/idosens/sx127x/sx127x_getset.o
                0x0000000008002c1c                sx127x_set_bandwidth
 .text.sx127x_get_spreading_factor
                0x0000000008002c90        0x4 /home/clement/riot_idosens/tests/driver_sx127x/bin/idosens/sx127x/sx127x_getset.o
                0x0000000008002c90                sx127x_get_spreading_factor
 .text.sx127x_set_spreading_factor
                0x0000000008002c94       0x60 /home/clement/riot_idosens/tests/driver_sx127x/bin/idosens/sx127x/sx127x_getset.o
                0x0000000008002c94                sx127x_set_spreading_factor
 .text.sx127x_get_coding_rate
                0x0000000008002cf4        0x4 /home/clement/riot_idosens/tests/driver_sx127x/bin/idosens/sx127x/sx127x_getset.o
                0x0000000008002cf4                sx127x_get_coding_rate
 .text.sx127x_set_coding_rate
                0x0000000008002cf8       0x24 /home/clement/riot_idosens/tests/driver_sx127x/bin/idosens/sx127x/sx127x_getset.o
                0x0000000008002cf8                sx127x_set_coding_rate
 .text.sx127x_get_rx_single
                0x0000000008002d1c        0xc /home/clement/riot_idosens/tests/driver_sx127x/bin/idosens/sx127x/sx127x_getset.o
                0x0000000008002d1c                sx127x_get_rx_single
 .text.sx127x_set_rx_single
                0x0000000008002d28       0x12 /home/clement/riot_idosens/tests/driver_sx127x/bin/idosens/sx127x/sx127x_getset.o
                0x0000000008002d28                sx127x_set_rx_single
 .text.sx127x_get_crc
                0x0000000008002d3a       0x14 /home/clement/riot_idosens/tests/driver_sx127x/bin/idosens/sx127x/sx127x_getset.o
                0x0000000008002d3a                sx127x_get_crc
 .text.sx127x_set_crc
                0x0000000008002d4e       0x34 /home/clement/riot_idosens/tests/driver_sx127x/bin/idosens/sx127x/sx127x_getset.o
                0x0000000008002d4e                sx127x_set_crc
 .text.sx127x_get_hop_period
                0x0000000008002d82        0x6 /home/clement/riot_idosens/tests/driver_sx127x/bin/idosens/sx127x/sx127x_getset.o
                0x0000000008002d82                sx127x_get_hop_period
 .text.sx127x_set_hop_period
                0x0000000008002d88       0x32 /home/clement/riot_idosens/tests/driver_sx127x/bin/idosens/sx127x/sx127x_getset.o
                0x0000000008002d88                sx127x_set_hop_period
 .text.sx127x_get_fixed_header_len_mode
                0x0000000008002dba        0x8 /home/clement/riot_idosens/tests/driver_sx127x/bin/idosens/sx127x/sx127x_getset.o
                0x0000000008002dba                sx127x_get_fixed_header_len_mode
 .text.sx127x_set_fixed_header_len_mode
                0x0000000008002dc2       0x30 /home/clement/riot_idosens/tests/driver_sx127x/bin/idosens/sx127x/sx127x_getset.o
                0x0000000008002dc2                sx127x_set_fixed_header_len_mode
 .text.sx127x_set_payload_length
                0x0000000008002df2        0x8 /home/clement/riot_idosens/tests/driver_sx127x/bin/idosens/sx127x/sx127x_getset.o
                0x0000000008002df2                sx127x_set_payload_length
 .text.sx127x_get_tx_power
                0x0000000008002dfa        0x4 /home/clement/riot_idosens/tests/driver_sx127x/bin/idosens/sx127x/sx127x_getset.o
                0x0000000008002dfa                sx127x_get_tx_power
 .text.sx127x_set_tx_power
                0x0000000008002dfe       0xa8 /home/clement/riot_idosens/tests/driver_sx127x/bin/idosens/sx127x/sx127x_getset.o
                0x0000000008002dfe                sx127x_set_tx_power
 .text.sx127x_set_preamble_length
                0x0000000008002ea6       0x1e /home/clement/riot_idosens/tests/driver_sx127x/bin/idosens/sx127x/sx127x_getset.o
                0x0000000008002ea6                sx127x_set_preamble_length
 .text.sx127x_set_rx_timeout
                0x0000000008002ec4        0x4 /home/clement/riot_idosens/tests/driver_sx127x/bin/idosens/sx127x/sx127x_getset.o
                0x0000000008002ec4                sx127x_set_rx_timeout
 .text.sx127x_set_tx_timeout
                0x0000000008002ec8        0x4 /home/clement/riot_idosens/tests/driver_sx127x/bin/idosens/sx127x/sx127x_getset.o
                0x0000000008002ec8                sx127x_set_tx_timeout
 .text.sx127x_set_symbol_timeout
                0x0000000008002ecc       0x2c /home/clement/riot_idosens/tests/driver_sx127x/bin/idosens/sx127x/sx127x_getset.o
                0x0000000008002ecc                sx127x_set_symbol_timeout
 .text.sx127x_get_iq_invert
                0x0000000008002ef8        0x8 /home/clement/riot_idosens/tests/driver_sx127x/bin/idosens/sx127x/sx127x_getset.o
                0x0000000008002ef8                sx127x_get_iq_invert
 .text.sx127x_set_iq_invert
                0x0000000008002f00       0x44 /home/clement/riot_idosens/tests/driver_sx127x/bin/idosens/sx127x/sx127x_getset.o
                0x0000000008002f00                sx127x_set_iq_invert
 .text.sx127x_set_freq_hop
                0x0000000008002f44       0x12 /home/clement/riot_idosens/tests/driver_sx127x/bin/idosens/sx127x/sx127x_getset.o
                0x0000000008002f44                sx127x_set_freq_hop
 *fill*         0x0000000008002f56        0x2 
 .text._set     0x0000000008002f58      0x1e8 /home/clement/riot_idosens/tests/driver_sx127x/bin/idosens/sx127x/sx127x_netdev.o
 .text._get     0x0000000008003140      0x148 /home/clement/riot_idosens/tests/driver_sx127x/bin/idosens/sx127x/sx127x_netdev.o
 .text._init    0x0000000008003288       0x38 /home/clement/riot_idosens/tests/driver_sx127x/bin/idosens/sx127x/sx127x_netdev.o
 .text._recv    0x00000000080032c0      0x108 /home/clement/riot_idosens/tests/driver_sx127x/bin/idosens/sx127x/sx127x_netdev.o
 .text._send    0x00000000080033c8       0x84 /home/clement/riot_idosens/tests/driver_sx127x/bin/idosens/sx127x/sx127x_netdev.o
 .text._on_dio0_irq
                0x000000000800344c       0x40 /home/clement/riot_idosens/tests/driver_sx127x/bin/idosens/sx127x/sx127x_netdev.o
                0x000000000800344c                _on_dio0_irq
 .text._on_dio1_irq
                0x000000000800348c       0x48 /home/clement/riot_idosens/tests/driver_sx127x/bin/idosens/sx127x/sx127x_netdev.o
                0x000000000800348c                _on_dio1_irq
 .text._on_dio2_irq
                0x00000000080034d4       0x58 /home/clement/riot_idosens/tests/driver_sx127x/bin/idosens/sx127x/sx127x_netdev.o
                0x00000000080034d4                _on_dio2_irq
 .text._on_dio3_irq
                0x000000000800352c       0x60 /home/clement/riot_idosens/tests/driver_sx127x/bin/idosens/sx127x/sx127x_netdev.o
                0x000000000800352c                _on_dio3_irq
 .text._isr     0x000000000800358c       0x3e /home/clement/riot_idosens/tests/driver_sx127x/bin/idosens/sx127x/sx127x_netdev.o
 .text._on_tx_timeout
                0x00000000080035ca        0x6 /home/clement/riot_idosens/tests/driver_sx127x/bin/idosens/sx127x/sx127x.o
 .text._on_rx_timeout
                0x00000000080035d0        0x6 /home/clement/riot_idosens/tests/driver_sx127x/bin/idosens/sx127x/sx127x.o
 .text.sx127x_reset
                0x00000000080035d6       0x36 /home/clement/riot_idosens/tests/driver_sx127x/bin/idosens/sx127x/sx127x.o
                0x00000000080035d6                sx127x_reset
 .text.sx127x_init
                0x000000000800360c       0xe8 /home/clement/riot_idosens/tests/driver_sx127x/bin/idosens/sx127x/sx127x.o
                0x000000000800360c                sx127x_init
 .text.sx127x_init_radio_settings
                0x00000000080036f4       0x90 /home/clement/riot_idosens/tests/driver_sx127x/bin/idosens/sx127x/sx127x.o
                0x00000000080036f4                sx127x_init_radio_settings
 .text.sx127x_random
                0x0000000008003784       0x4c /home/clement/riot_idosens/tests/driver_sx127x/bin/idosens/sx127x/sx127x.o
                0x0000000008003784                sx127x_random
 .text.sx127x_isr
                0x00000000080037d0        0xa /home/clement/riot_idosens/tests/driver_sx127x/bin/idosens/sx127x/sx127x.o
                0x00000000080037d0                sx127x_isr
 .text.sx127x_on_dio2_isr
                0x00000000080037da       0x10 /home/clement/riot_idosens/tests/driver_sx127x/bin/idosens/sx127x/sx127x.o
 .text.sx127x_on_dio0_isr
                0x00000000080037ea       0x10 /home/clement/riot_idosens/tests/driver_sx127x/bin/idosens/sx127x/sx127x.o
 .text.sx127x_on_dio3_isr
                0x00000000080037fa       0x10 /home/clement/riot_idosens/tests/driver_sx127x/bin/idosens/sx127x/sx127x.o
 .text.sx127x_on_dio1_isr
                0x000000000800380a       0x10 /home/clement/riot_idosens/tests/driver_sx127x/bin/idosens/sx127x/sx127x.o
 .text._callback_unlock_mutex
                0x000000000800381a        0x4 /home/clement/riot_idosens/tests/driver_sx127x/bin/idosens/xtimer/xtimer.o
 .text._xtimer_spin
                0x000000000800381e       0x1e /home/clement/riot_idosens/tests/driver_sx127x/bin/idosens/xtimer/xtimer.o
 .text._xtimer_tsleep
                0x000000000800383c       0x54 /home/clement/riot_idosens/tests/driver_sx127x/bin/idosens/xtimer/xtimer.o
                0x000000000800383c                _xtimer_tsleep
 .text.spi_transfer_regs
                0x0000000008003890       0x34 /home/clement/riot_idosens/tests/driver_sx127x/bin/idosens/periph_common/spi.o
                0x0000000008003890                spi_transfer_regs
 *fill*         0x00000000080038c4        0x4 
 .text.ceil     0x00000000080038c8      0x110 /usr/bin/../lib/gcc/arm-none-eabi/7.3.1/../../../../arm-none-eabi/lib/thumb/v7-m/libm.a(lib_a-s_ceil.o)
                0x00000000080038c8                ceil
 .text.floor    0x00000000080039d8      0x108 /usr/bin/../lib/gcc/arm-none-eabi/7.3.1/../../../../arm-none-eabi/lib/thumb/v7-m/libm.a(lib_a-s_floor.o)
                0x00000000080039d8                floor
 .text.pm_reboot
                0x0000000008003ae0       0x24 /home/clement/riot_idosens/tests/driver_sx127x/bin/idosens/cortexm_common_periph/pm.o
                0x0000000008003ae0                pm_reboot
 .text.iolist_size
                0x0000000008003b04       0x10 /home/clement/riot_idosens/tests/driver_sx127x/bin/idosens/iolist/iolist.o
                0x0000000008003b04                iolist_size
 .text          0x0000000008003b14      0x378 /usr/bin/../lib/gcc/arm-none-eabi/7.3.1/thumb/v7-m/libgcc.a(_arm_addsubdf3.o)
                0x0000000008003b14                __aeabi_drsub
                0x0000000008003b1c                __aeabi_dsub
                0x0000000008003b1c                __subdf3
                0x0000000008003b20                __adddf3
                0x0000000008003b20                __aeabi_dadd
                0x0000000008003d98                __aeabi_ui2d
                0x0000000008003d98                __floatunsidf
                0x0000000008003db8                __floatsidf
                0x0000000008003db8                __aeabi_i2d
                0x0000000008003ddc                __extendsfdf2
                0x0000000008003ddc                __aeabi_f2d
                0x0000000008003e20                __aeabi_ul2d
                0x0000000008003e20                __floatundidf
                0x0000000008003e30                __floatdidf
                0x0000000008003e30                __aeabi_l2d
 .text          0x0000000008003e8c      0x424 /usr/bin/../lib/gcc/arm-none-eabi/7.3.1/thumb/v7-m/libgcc.a(_arm_muldivdf3.o)
                0x0000000008003e8c                __aeabi_dmul
                0x0000000008003e8c                __muldf3
                0x00000000080040e0                __aeabi_ddiv
                0x00000000080040e0                __divdf3
 .text          0x00000000080042b0      0x110 /usr/bin/../lib/gcc/arm-none-eabi/7.3.1/thumb/v7-m/libgcc.a(_arm_cmpdf2.o)
                0x00000000080042b0                __gtdf2
                0x00000000080042b0                __gedf2
                0x00000000080042b8                __ltdf2
                0x00000000080042b8                __ledf2
                0x00000000080042c0                __cmpdf2
                0x00000000080042c0                __eqdf2
                0x00000000080042c0                __nedf2
                0x000000000800433c                __aeabi_cdrcmple
                0x000000000800434c                __aeabi_cdcmple
                0x000000000800434c                __aeabi_cdcmpeq
                0x000000000800435c                __aeabi_dcmpeq
                0x0000000008004370                __aeabi_dcmplt
                0x0000000008004384                __aeabi_dcmple
                0x0000000008004398                __aeabi_dcmpge
                0x00000000080043ac                __aeabi_dcmpgt
 .text          0x00000000080043c0       0x40 /usr/bin/../lib/gcc/arm-none-eabi/7.3.1/thumb/v7-m/libgcc.a(_arm_fixunsdfsi.o)
                0x00000000080043c0                __fixunsdfsi
                0x00000000080043c0                __aeabi_d2uiz
 .text.atoi     0x0000000008004400        0x8 /usr/bin/../lib/gcc/arm-none-eabi/7.3.1/../../../../arm-none-eabi/lib/thumb/v7-m/libc_nano.a(lib_a-atoi.o)
                0x0000000008004400                atoi
 .text.__sflush_r
                0x0000000008004408      0x10c /usr/bin/../lib/gcc/arm-none-eabi/7.3.1/../../../../arm-none-eabi/lib/thumb/v7-m/libc_nano.a(lib_a-fflush.o)
                0x0000000008004408                __sflush_r
 .text._fflush_r
                0x0000000008004514       0x54 /usr/bin/../lib/gcc/arm-none-eabi/7.3.1/../../../../arm-none-eabi/lib/thumb/v7-m/libc_nano.a(lib_a-fflush.o)
                0x0000000008004514                _fflush_r
 .text.fflush   0x0000000008004568       0x24 /usr/bin/../lib/gcc/arm-none-eabi/7.3.1/../../../../arm-none-eabi/lib/thumb/v7-m/libc_nano.a(lib_a-fflush.o)
                0x0000000008004568                fflush
 .text.std      0x000000000800458c       0x48 /usr/bin/../lib/gcc/arm-none-eabi/7.3.1/../../../../arm-none-eabi/lib/thumb/v7-m/libc_nano.a(lib_a-findfp.o)
 .text._cleanup_r
                0x00000000080045d4        0xc /usr/bin/../lib/gcc/arm-none-eabi/7.3.1/../../../../arm-none-eabi/lib/thumb/v7-m/libc_nano.a(lib_a-findfp.o)
                0x00000000080045d4                _cleanup_r
 .text.__sfmoreglue
                0x00000000080045e0       0x2c /usr/bin/../lib/gcc/arm-none-eabi/7.3.1/../../../../arm-none-eabi/lib/thumb/v7-m/libc_nano.a(lib_a-findfp.o)
                0x00000000080045e0                __sfmoreglue
 .text.__sinit  0x000000000800460c       0x60 /usr/bin/../lib/gcc/arm-none-eabi/7.3.1/../../../../arm-none-eabi/lib/thumb/v7-m/libc_nano.a(lib_a-findfp.o)
                0x000000000800460c                __sinit
 .text.__sfp    0x000000000800466c       0x78 /usr/bin/../lib/gcc/arm-none-eabi/7.3.1/../../../../arm-none-eabi/lib/thumb/v7-m/libc_nano.a(lib_a-findfp.o)
                0x000000000800466c                __sfp
 .text._fwalk   0x00000000080046e4       0x38 /usr/bin/../lib/gcc/arm-none-eabi/7.3.1/../../../../arm-none-eabi/lib/thumb/v7-m/libc_nano.a(lib_a-fwalk.o)
                0x00000000080046e4                _fwalk
 .text._fwalk_reent
                0x000000000800471c       0x3c /usr/bin/../lib/gcc/arm-none-eabi/7.3.1/../../../../arm-none-eabi/lib/thumb/v7-m/libc_nano.a(lib_a-fwalk.o)
                0x000000000800471c                _fwalk_reent
 .text.getchar  0x0000000008004758       0x24 /usr/bin/../lib/gcc/arm-none-eabi/7.3.1/../../../../arm-none-eabi/lib/thumb/v7-m/libc_nano.a(lib_a-getchar.o)
                0x0000000008004758                getchar
 .text.__libc_init_array
                0x000000000800477c       0x48 /usr/bin/../lib/gcc/arm-none-eabi/7.3.1/../../../../arm-none-eabi/lib/thumb/v7-m/libc_nano.a(lib_a-init.o)
                0x000000000800477c                __libc_init_array
 .text.memcpy   0x00000000080047c4       0x16 /usr/bin/../lib/gcc/arm-none-eabi/7.3.1/../../../../arm-none-eabi/lib/thumb/v7-m/libc_nano.a(lib_a-memcpy-stub.o)
                0x00000000080047c4                memcpy
 .text.memset   0x00000000080047da       0x10 /usr/bin/../lib/gcc/arm-none-eabi/7.3.1/../../../../arm-none-eabi/lib/thumb/v7-m/libc_nano.a(lib_a-memset.o)
                0x00000000080047da                memset
 *fill*         0x00000000080047ea        0x2 
 .text._free_r  0x00000000080047ec       0x98 /usr/bin/../lib/gcc/arm-none-eabi/7.3.1/../../../../arm-none-eabi/lib/thumb/v7-m/libc_nano.a(lib_a-nano-freer.o)
                0x00000000080047ec                _free_r
 .text._malloc_r
                0x0000000008004884       0xb4 /usr/bin/../lib/gcc/arm-none-eabi/7.3.1/../../../../arm-none-eabi/lib/thumb/v7-m/libc_nano.a(lib_a-nano-mallocr.o)
                0x0000000008004884                _malloc_r
 .text.printf   0x0000000008004938       0x30 /usr/bin/../lib/gcc/arm-none-eabi/7.3.1/../../../../arm-none-eabi/lib/thumb/v7-m/libc_nano.a(lib_a-printf.o)
                0x0000000008004938                printf
                0x0000000008004938                iprintf
 .text.putchar  0x0000000008004968       0x28 /usr/bin/../lib/gcc/arm-none-eabi/7.3.1/../../../../arm-none-eabi/lib/thumb/v7-m/libc_nano.a(lib_a-putchar.o)
                0x0000000008004968                putchar
 .text._puts_r  0x0000000008004990       0xb8 /usr/bin/../lib/gcc/arm-none-eabi/7.3.1/../../../../arm-none-eabi/lib/thumb/v7-m/libc_nano.a(lib_a-puts.o)
                0x0000000008004990                _puts_r
 .text.puts     0x0000000008004a48       0x10 /usr/bin/../lib/gcc/arm-none-eabi/7.3.1/../../../../arm-none-eabi/lib/thumb/v7-m/libc_nano.a(lib_a-puts.o)
                0x0000000008004a48                puts
 .text.__sread  0x0000000008004a58       0x22 /usr/bin/../lib/gcc/arm-none-eabi/7.3.1/../../../../arm-none-eabi/lib/thumb/v7-m/libc_nano.a(lib_a-stdio.o)
                0x0000000008004a58                __sread
 .text.__swrite
                0x0000000008004a7a       0x38 /usr/bin/../lib/gcc/arm-none-eabi/7.3.1/../../../../arm-none-eabi/lib/thumb/v7-m/libc_nano.a(lib_a-stdio.o)
                0x0000000008004a7a                __swrite
 .text.__sseek  0x0000000008004ab2       0x24 /usr/bin/../lib/gcc/arm-none-eabi/7.3.1/../../../../arm-none-eabi/lib/thumb/v7-m/libc_nano.a(lib_a-stdio.o)
                0x0000000008004ab2                __sseek
 .text.__sclose
                0x0000000008004ad6        0x8 /usr/bin/../lib/gcc/arm-none-eabi/7.3.1/../../../../arm-none-eabi/lib/thumb/v7-m/libc_nano.a(lib_a-stdio.o)
                0x0000000008004ad6                __sclose
 .text          0x0000000008004ade       0x14 /usr/bin/../lib/gcc/arm-none-eabi/7.3.1/../../../../arm-none-eabi/lib/thumb/v7-m/libc_nano.a(lib_a-strcmp.o)
                0x0000000008004ade                strcmp
 .text          0x0000000008004af2       0x10 /usr/bin/../lib/gcc/arm-none-eabi/7.3.1/../../../../arm-none-eabi/lib/thumb/v7-m/libc_nano.a(lib_a-strlen.o)
                0x0000000008004af2                strlen
 .text.strstr   0x0000000008004b02       0x34 /usr/bin/../lib/gcc/arm-none-eabi/7.3.1/../../../../arm-none-eabi/lib/thumb/v7-m/libc_nano.a(lib_a-strstr.o)
                0x0000000008004b02                strstr
 .text._strtol_l.isra.0
                0x0000000008004b36       0xf6 /usr/bin/../lib/gcc/arm-none-eabi/7.3.1/../../../../arm-none-eabi/lib/thumb/v7-m/libc_nano.a(lib_a-strtol.o)
 .text.strtol   0x0000000008004c2c       0x2c /usr/bin/../lib/gcc/arm-none-eabi/7.3.1/../../../../arm-none-eabi/lib/thumb/v7-m/libc_nano.a(lib_a-strtol.o)
                0x0000000008004c2c                strtol
 .text.__swbuf_r
                0x0000000008004c58       0xa4 /usr/bin/../lib/gcc/arm-none-eabi/7.3.1/../../../../arm-none-eabi/lib/thumb/v7-m/libc_nano.a(lib_a-wbuf.o)
                0x0000000008004c58                __swbuf_r
 .text.__swsetup_r
                0x0000000008004cfc       0xdc /usr/bin/../lib/gcc/arm-none-eabi/7.3.1/../../../../arm-none-eabi/lib/thumb/v7-m/libc_nano.a(lib_a-wsetup.o)
                0x0000000008004cfc                __swsetup_r
 .text._getc_r  0x0000000008004dd8       0x58 /usr/bin/../lib/gcc/arm-none-eabi/7.3.1/../../../../arm-none-eabi/lib/thumb/v7-m/libc_nano.a(lib_a-getc.o)
                0x0000000008004dd8                _getc_r
 .text.__locale_ctype_ptr_l
                0x0000000008004e30        0x6 /usr/bin/../lib/gcc/arm-none-eabi/7.3.1/../../../../arm-none-eabi/lib/thumb/v7-m/libc_nano.a(lib_a-locale.o)
                0x0000000008004e30                __locale_ctype_ptr_l
 .text.__swhatbuf_r
                0x0000000008004e36       0x48 /usr/bin/../lib/gcc/arm-none-eabi/7.3.1/../../../../arm-none-eabi/lib/thumb/v7-m/libc_nano.a(lib_a-makebuf.o)
                0x0000000008004e36                __swhatbuf_r
 *fill*         0x0000000008004e7e        0x2 
 .text.__smakebuf_r
                0x0000000008004e80       0x80 /usr/bin/../lib/gcc/arm-none-eabi/7.3.1/../../../../arm-none-eabi/lib/thumb/v7-m/libc_nano.a(lib_a-makebuf.o)
                0x0000000008004e80                __smakebuf_r
 .text.__ascii_mbtowc
                0x0000000008004f00       0x24 /usr/bin/../lib/gcc/arm-none-eabi/7.3.1/../../../../arm-none-eabi/lib/thumb/v7-m/libc_nano.a(lib_a-mbtowc_r.o)
                0x0000000008004f00                __ascii_mbtowc
 .text.__malloc_lock
                0x0000000008004f24        0x2 /usr/bin/../lib/gcc/arm-none-eabi/7.3.1/../../../../arm-none-eabi/lib/thumb/v7-m/libc_nano.a(lib_a-mlock.o)
                0x0000000008004f24                __malloc_lock
 .text.__malloc_unlock
                0x0000000008004f26        0x2 /usr/bin/../lib/gcc/arm-none-eabi/7.3.1/../../../../arm-none-eabi/lib/thumb/v7-m/libc_nano.a(lib_a-mlock.o)
                0x0000000008004f26                __malloc_unlock
 .text.__sfputc_r
                0x0000000008004f28       0x2a /usr/bin/../lib/gcc/arm-none-eabi/7.3.1/../../../../arm-none-eabi/lib/thumb/v7-m/libc_nano.a(lib_a-nano-vfprintf.o)
 .text.__sfputs_r
                0x0000000008004f52       0x24 /usr/bin/../lib/gcc/arm-none-eabi/7.3.1/../../../../arm-none-eabi/lib/thumb/v7-m/libc_nano.a(lib_a-nano-vfprintf.o)
                0x0000000008004f52                __sfputs_r
 *fill*         0x0000000008004f76        0x2 
 .text._vfprintf_r
                0x0000000008004f78      0x22c /usr/bin/../lib/gcc/arm-none-eabi/7.3.1/../../../../arm-none-eabi/lib/thumb/v7-m/libc_nano.a(lib_a-nano-vfprintf.o)
                0x0000000008004f78                _vfiprintf_r
                0x0000000008004f78                _vfprintf_r
 .text._printf_common
                0x00000000080051a4       0xec /usr/bin/../lib/gcc/arm-none-eabi/7.3.1/../../../../arm-none-eabi/lib/thumb/v7-m/libc_nano.a(lib_a-nano-vfprintf_i.o)
                0x00000000080051a4                _printf_common
 .text._printf_i
                0x0000000008005290      0x224 /usr/bin/../lib/gcc/arm-none-eabi/7.3.1/../../../../arm-none-eabi/lib/thumb/v7-m/libc_nano.a(lib_a-nano-vfprintf_i.o)
                0x0000000008005290                _printf_i
 .text._putc_r  0x00000000080054b4       0x6c /usr/bin/../lib/gcc/arm-none-eabi/7.3.1/../../../../arm-none-eabi/lib/thumb/v7-m/libc_nano.a(lib_a-putc.o)
                0x00000000080054b4                _putc_r
 .text.__srget_r
                0x0000000008005520       0x58 /usr/bin/../lib/gcc/arm-none-eabi/7.3.1/../../../../arm-none-eabi/lib/thumb/v7-m/libc_nano.a(lib_a-rget.o)
                0x0000000008005520                __srget_r
 .text.__ascii_wctomb
                0x0000000008005578       0x1a /usr/bin/../lib/gcc/arm-none-eabi/7.3.1/../../../../arm-none-eabi/lib/thumb/v7-m/libc_nano.a(lib_a-wctomb_r.o)
                0x0000000008005578                __ascii_wctomb
 .text.memchr   0x0000000008005592       0x1c /usr/bin/../lib/gcc/arm-none-eabi/7.3.1/../../../../arm-none-eabi/lib/thumb/v7-m/libc_nano.a(lib_a-memchr-stub.o)
                0x0000000008005592                memchr
 .text.lflush   0x00000000080055ae       0x12 /usr/bin/../lib/gcc/arm-none-eabi/7.3.1/../../../../arm-none-eabi/lib/thumb/v7-m/libc_nano.a(lib_a-refill.o)
 .text.__srefill_r
                0x00000000080055c0      0x118 /usr/bin/../lib/gcc/arm-none-eabi/7.3.1/../../../../arm-none-eabi/lib/thumb/v7-m/libc_nano.a(lib_a-refill.o)
                0x00000000080055c0                __srefill_r
 *(.glue_7t)
 .glue_7t       0x00000000080056d8        0x0 linker stubs
 *(.glue_7)
 .glue_7        0x00000000080056d8        0x0 linker stubs
 *(.rodata .rodata* .gnu.linkonce.r.*)
 .rodata.bus_fault_default.str1.1
                0x00000000080056d8       0x12 /home/clement/riot_idosens/tests/driver_sx127x/bin/idosens/cortexm_common/vectors_cortexm.o
 .rodata.debug_mon_default.str1.1
                0x00000000080056ea       0x12 /home/clement/riot_idosens/tests/driver_sx127x/bin/idosens/cortexm_common/vectors_cortexm.o
 .rodata.dummy_handler_default.str1.1
                0x00000000080056fc        0xe /home/clement/riot_idosens/tests/driver_sx127x/bin/idosens/cortexm_common/vectors_cortexm.o
 .rodata.hard_fault_handler.str1.1
                0x000000000800570a      0x1f4 /home/clement/riot_idosens/tests/driver_sx127x/bin/idosens/cortexm_common/vectors_cortexm.o
 .rodata.mem_manage_default.str1.1
                0x00000000080058fe       0x13 /home/clement/riot_idosens/tests/driver_sx127x/bin/idosens/cortexm_common/vectors_cortexm.o
 .rodata.nmi_default.str1.1
                0x0000000008005911        0xc /home/clement/riot_idosens/tests/driver_sx127x/bin/idosens/cortexm_common/vectors_cortexm.o
 .rodata.usage_fault_default.str1.1
                0x000000000800591d       0x14 /home/clement/riot_idosens/tests/driver_sx127x/bin/idosens/cortexm_common/vectors_cortexm.o
 .rodata.assert_crash_message
                0x0000000008005931       0x12 /home/clement/riot_idosens/tests/driver_sx127x/bin/idosens/core/panic.o
                0x0000000008005931                assert_crash_message
 .rodata.core_panic.str1.1
                0x0000000008005943       0x2e /home/clement/riot_idosens/tests/driver_sx127x/bin/idosens/core/panic.o
                                         0x30 (size before relaxing)
 .rodata.main_trampoline.str1.1
                0x0000000008005971       0x51 /home/clement/riot_idosens/tests/driver_sx127x/bin/idosens/core/kernel_init.o
 .rodata.str1.1
                0x00000000080059c2        0xa /home/clement/riot_idosens/tests/driver_sx127x/bin/idosens/core/kernel_init.o
 .rodata        0x00000000080059cc        0x2 /home/clement/riot_idosens/tests/driver_sx127x/bin/idosens/ps/ps.o
 .rodata.ps.str1.1
                0x00000000080059ce       0xf7 /home/clement/riot_idosens/tests/driver_sx127x/bin/idosens/ps/ps.o
                                         0xfd (size before relaxing)
 *fill*         0x0000000008005ac5        0x3 
 .rodata.state_names
                0x0000000008005ac8       0x30 /home/clement/riot_idosens/tests/driver_sx127x/bin/idosens/ps/ps.o
 .rodata.str1.1
                0x0000000008005af8       0x63 /home/clement/riot_idosens/tests/driver_sx127x/bin/idosens/ps/ps.o
 .rodata.apbmul
                0x0000000008005b5b        0x2 /home/clement/riot_idosens/tests/driver_sx127x/bin/idosens/stm32_common/cpu_common.o
 *fill*         0x0000000008005b5d        0x3 
 .rodata.timer_config
                0x0000000008005b60       0x20 /home/clement/riot_idosens/tests/driver_sx127x/bin/idosens/stm32_common_periph/timer.o
 .rodata._event_cb.str1.1
                0x0000000008005b80       0xb3 /home/clement/riot_idosens/tests/driver_sx127x/bin/idosens/application_tests_driver_sx127x/main.o
 .rodata._recv_thread.str1.1
                0x0000000008005c33       0x14 /home/clement/riot_idosens/tests/driver_sx127x/bin/idosens/application_tests_driver_sx127x/main.o
 .rodata.channel_cmd.str1.1
                0x0000000008005c47       0x3b /home/clement/riot_idosens/tests/driver_sx127x/bin/idosens/application_tests_driver_sx127x/main.o
 .rodata.listen_cmd.str1.1
                0x0000000008005c82       0x11 /home/clement/riot_idosens/tests/driver_sx127x/bin/idosens/application_tests_driver_sx127x/main.o
 .rodata.lora_setup_cmd.str1.1
                0x0000000008005c93      0x193 /home/clement/riot_idosens/tests/driver_sx127x/bin/idosens/application_tests_driver_sx127x/main.o
 .rodata.main.str1.1
                0x0000000008005e26       0x8e /home/clement/riot_idosens/tests/driver_sx127x/bin/idosens/application_tests_driver_sx127x/main.o
 .rodata.random_cmd.str1.1
                0x0000000008005eb4       0x20 /home/clement/riot_idosens/tests/driver_sx127x/bin/idosens/application_tests_driver_sx127x/main.o
 .rodata.register_cmd.str1.1
                0x0000000008005ed4      0x152 /home/clement/riot_idosens/tests/driver_sx127x/bin/idosens/application_tests_driver_sx127x/main.o
                                        0x159 (size before relaxing)
 .rodata.reset_cmd.str1.1
                0x0000000008006026       0x14 /home/clement/riot_idosens/tests/driver_sx127x/bin/idosens/application_tests_driver_sx127x/main.o
 .rodata.rx_timeout_cmd.str1.1
                0x000000000800603a       0x68 /home/clement/riot_idosens/tests/driver_sx127x/bin/idosens/application_tests_driver_sx127x/main.o
                                         0x6c (size before relaxing)
 .rodata.send_cmd.str1.1
                0x00000000080060a2       0x60 /home/clement/riot_idosens/tests/driver_sx127x/bin/idosens/application_tests_driver_sx127x/main.o
 *fill*         0x0000000008006102        0x2 
 .rodata.shell_commands
                0x0000000008006104       0x78 /home/clement/riot_idosens/tests/driver_sx127x/bin/idosens/application_tests_driver_sx127x/main.o
 .rodata.str1.1
                0x000000000800617c      0x135 /home/clement/riot_idosens/tests/driver_sx127x/bin/idosens/application_tests_driver_sx127x/main.o
                                        0x143 (size before relaxing)
 .rodata.syncword_cmd.str1.1
                0x00000000080062b1       0x61 /home/clement/riot_idosens/tests/driver_sx127x/bin/idosens/application_tests_driver_sx127x/main.o
 .rodata.shell_run_once.str1.1
                0x0000000008006312       0x82 /home/clement/riot_idosens/tests/driver_sx127x/bin/idosens/shell/shell.o
 .rodata._shell_command_list
                0x0000000008006394       0x24 /home/clement/riot_idosens/tests/driver_sx127x/bin/idosens/shell_commands/shell_commands.o
                0x0000000008006394                _shell_command_list
 .rodata.str1.1
                0x00000000080063b8       0x44 /home/clement/riot_idosens/tests/driver_sx127x/bin/idosens/shell_commands/shell_commands.o
 .rodata.spi_config
                0x00000000080063fc       0x1c /home/clement/riot_idosens/tests/driver_sx127x/bin/idosens/stm32_common_periph/spi.o
 .rodata.spi_divtable
                0x0000000008006418        0xa /home/clement/riot_idosens/tests/driver_sx127x/bin/idosens/stm32_common_periph/spi.o
 *fill*         0x0000000008006422        0x6 
 .rodata.CSWTCH.87
                0x0000000008006428       0x18 /home/clement/riot_idosens/tests/driver_sx127x/bin/idosens/sx127x/sx127x_getset.o
 .rodata._on_dio1_irq.str1.1
                0x0000000008006440       0x2f /home/clement/riot_idosens/tests/driver_sx127x/bin/idosens/sx127x/sx127x_netdev.o
 .rodata._on_dio2_irq.str1.1
                0x000000000800646f       0x2f /home/clement/riot_idosens/tests/driver_sx127x/bin/idosens/sx127x/sx127x_netdev.o
 .rodata._on_dio3_irq.str1.1
                0x000000000800649e       0x2f /home/clement/riot_idosens/tests/driver_sx127x/bin/idosens/sx127x/sx127x_netdev.o
 *fill*         0x00000000080064cd        0x3 
 .rodata.sx127x_driver
                0x00000000080064d0       0x18 /home/clement/riot_idosens/tests/driver_sx127x/bin/idosens/sx127x/sx127x_netdev.o
                0x00000000080064d0                sx127x_driver
 .rodata.__sf_fake_stderr
                0x00000000080064e8       0x20 /usr/bin/../lib/gcc/arm-none-eabi/7.3.1/../../../../arm-none-eabi/lib/thumb/v7-m/libc_nano.a(lib_a-findfp.o)
                0x00000000080064e8                __sf_fake_stderr
 .rodata.__sf_fake_stdin
                0x0000000008006508       0x20 /usr/bin/../lib/gcc/arm-none-eabi/7.3.1/../../../../arm-none-eabi/lib/thumb/v7-m/libc_nano.a(lib_a-findfp.o)
                0x0000000008006508                __sf_fake_stdin
 .rodata.__sf_fake_stdout
                0x0000000008006528       0x20 /usr/bin/../lib/gcc/arm-none-eabi/7.3.1/../../../../arm-none-eabi/lib/thumb/v7-m/libc_nano.a(lib_a-findfp.o)
                0x0000000008006528                __sf_fake_stdout
 .rodata._global_impure_ptr
                0x0000000008006548        0x4 /usr/bin/../lib/gcc/arm-none-eabi/7.3.1/../../../../arm-none-eabi/lib/thumb/v7-m/libc_nano.a(lib_a-impure.o)
                0x0000000008006548                _global_impure_ptr
 .rodata._setlocale_r.str1.1
                0x000000000800654c        0x8 /usr/bin/../lib/gcc/arm-none-eabi/7.3.1/../../../../arm-none-eabi/lib/thumb/v7-m/libc_nano.a(lib_a-locale.o)
                                          0x9 (size before relaxing)
 .rodata.str1.1
                0x0000000008006554        0x8 /usr/bin/../lib/gcc/arm-none-eabi/7.3.1/../../../../arm-none-eabi/lib/thumb/v7-m/libc_nano.a(lib_a-locale.o)
                                          0x2 (size before relaxing)
 .rodata._vfprintf_r.str1.1
                0x0000000008006554       0x11 /usr/bin/../lib/gcc/arm-none-eabi/7.3.1/../../../../arm-none-eabi/lib/thumb/v7-m/libc_nano.a(lib_a-nano-vfprintf.o)
 .rodata._printf_i.str1.1
                0x0000000008006565       0x22 /usr/bin/../lib/gcc/arm-none-eabi/7.3.1/../../../../arm-none-eabi/lib/thumb/v7-m/libc_nano.a(lib_a-nano-vfprintf_i.o)
 .rodata._ctype_
                0x0000000008006587      0x101 /usr/bin/../lib/gcc/arm-none-eabi/7.3.1/../../../../arm-none-eabi/lib/thumb/v7-m/libc_nano.a(lib_a-ctype_.o)
                0x0000000008006587                _ctype_
 *(.ARM.extab* .gnu.linkonce.armextab.*)
                0x0000000008006688                . = ALIGN (0x4)
 *(.init)
                0x0000000008006688                . = ALIGN (0x4)
                0x0000000008006688                __preinit_array_start = .
 *(.preinit_array)
                0x0000000008006688                __preinit_array_end = .
                0x0000000008006688                . = ALIGN (0x4)
                0x0000000008006688                __init_array_start = .
 *(SORT_BY_NAME(.init_array.*))
 *(.init_array)
                0x0000000008006688                __init_array_end = .
                0x0000000008006688                . = ALIGN (0x4)
 *crtbegin.o(.ctors)
 *(EXCLUDE_FILE(*crtend.o) .ctors)
 *(SORT_BY_NAME(.ctors.*))
 *crtend.o(.ctors)
                0x0000000008006688                . = ALIGN (0x4)
 *(.fini)
                0x0000000008006688                . = ALIGN (0x4)
                0x0000000008006688                __fini_array_start = .
 *(.fini_array)
 *(SORT_BY_NAME(.fini_array.*))
                0x0000000008006688                __fini_array_end = .
 *crtbegin.o(.dtors)
 *(EXCLUDE_FILE(*crtend.o) .dtors)
 *(SORT_BY_NAME(.dtors.*))
 *crtend.o(.dtors)
                0x0000000008006688                . = ALIGN (0x4)
                0x0000000008006688                _efixed = .
                [!provide]                        PROVIDE (__exidx_start = .)

.vfp11_veneer   0x0000000008006688        0x0
 .vfp11_veneer  0x0000000008006688        0x0 linker stubs

.v4_bx          0x0000000008006688        0x0
 .v4_bx         0x0000000008006688        0x0 linker stubs

.iplt           0x0000000008006688        0x0
 .iplt          0x0000000008006688        0x0 /home/clement/riot_idosens/tests/driver_sx127x/bin/idosens/cpu/vectors.o

.igot.plt       0x0000000008006688        0x0
 .igot.plt      0x0000000008006688        0x0 /home/clement/riot_idosens/tests/driver_sx127x/bin/idosens/cpu/vectors.o

.rel.dyn        0x0000000008006688        0x0
 .rel.iplt      0x0000000008006688        0x0 /home/clement/riot_idosens/tests/driver_sx127x/bin/idosens/cpu/vectors.o

.ARM.exidx
 *(.ARM.exidx* .gnu.linkonce.armexidx.*)
                [!provide]                        PROVIDE (__exidx_end = .)
                0x0000000008006688                . = ALIGN (0x4)

.eh_frame
 *(.eh_frame)
                0x0000000008006688                . = ALIGN (0x4)
                0x0000000008006688                _etext = .

.stack          0x0000000020000000      0x200
 *(.puf)
                0x0000000020000000                . = ALIGN (0x8)
                0x0000000020000000                _sstack = .
 *(.isr_stack)
 .isr_stack     0x0000000020000000      0x200 /home/clement/riot_idosens/tests/driver_sx127x/bin/idosens/cortexm_common/vectors_cortexm.o
                0x0000000020000000                isr_stack
                0x0000000020000200                . = ALIGN (0x8)
                0x0000000020000200                _estack = .

.relocate       0x0000000020000200      0x1f8 load address 0x0000000008006688
                0x0000000020000200                . = ALIGN (0x4)
                0x0000000020000200                _srelocate = .
 *(.ramfunc .ramfunc.*)
 *(.data .data.*)
 .data.heap_top
                0x0000000020000200        0x4 /home/clement/riot_idosens/tests/driver_sx127x/bin/idosens/newlib_syscalls_default/syscalls.o
                0x0000000020000200                heap_top
 .data.stdio_uart_isrpipe
                0x0000000020000204       0x14 /home/clement/riot_idosens/tests/driver_sx127x/bin/idosens/stdio_uart/stdio_uart.o
                0x0000000020000204                stdio_uart_isrpipe
 .data.idle_name
                0x0000000020000218        0x4 /home/clement/riot_idosens/tests/driver_sx127x/bin/idosens/core/kernel_init.o
                0x0000000020000218                idle_name
 .data.main_name
                0x000000002000021c        0x4 /home/clement/riot_idosens/tests/driver_sx127x/bin/idosens/core/kernel_init.o
                0x000000002000021c                main_name
 .data.pm_blocker
                0x0000000020000220        0x4 /home/clement/riot_idosens/tests/driver_sx127x/bin/idosens/pm_layered/pm.o
                0x0000000020000220                pm_blocker
 .data._impure_ptr
                0x0000000020000224        0x4 /usr/bin/../lib/gcc/arm-none-eabi/7.3.1/../../../../arm-none-eabi/lib/thumb/v7-m/libc_nano.a(lib_a-impure.o)
                0x0000000020000224                _impure_ptr
 .data.impure_data
                0x0000000020000228       0x60 /usr/bin/../lib/gcc/arm-none-eabi/7.3.1/../../../../arm-none-eabi/lib/thumb/v7-m/libc_nano.a(lib_a-impure.o)
 .data.__global_locale
                0x0000000020000288      0x16c /usr/bin/../lib/gcc/arm-none-eabi/7.3.1/../../../../arm-none-eabi/lib/thumb/v7-m/libc_nano.a(lib_a-locale.o)
                0x0000000020000288                __global_locale
 *(.openocd .openocd.*)
 .openocd       0x00000000200003f4        0x2 /home/clement/riot_idosens/tests/driver_sx127x/bin/idosens/core/sched.o
                0x00000000200003f4                _tcb_name_offset
                0x00000000200003f5                max_threads
                0x00000000200003f8                . = ALIGN (0x4)
 *fill*         0x00000000200003f6        0x2 
                0x00000000200003f8                _erelocate = .

.bss            0x00000000200003f8      0xe00 load address 0x0000000008006880
                0x00000000200003f8                . = ALIGN (0x4)
                0x00000000200003f8                _sbss = .
                0x00000000200003f8                _szero = .
 *(.bss .bss.*)
 .bss.runqueue_bitcache
                0x00000000200003f8        0x4 /home/clement/riot_idosens/tests/driver_sx127x/bin/idosens/core/sched.o
 .bss.sched_active_pid
                0x00000000200003fc        0x2 /home/clement/riot_idosens/tests/driver_sx127x/bin/idosens/core/sched.o
                0x00000000200003fc                sched_active_pid
 *fill*         0x00000000200003fe        0x2 
 .bss.sched_active_thread
                0x0000000020000400        0x4 /home/clement/riot_idosens/tests/driver_sx127x/bin/idosens/core/sched.o
                0x0000000020000400                sched_active_thread
 .bss.sched_context_switch_request
                0x0000000020000404        0x4 /home/clement/riot_idosens/tests/driver_sx127x/bin/idosens/core/sched.o
                0x0000000020000404                sched_context_switch_request
 .bss.sched_num_threads
                0x0000000020000408        0x4 /home/clement/riot_idosens/tests/driver_sx127x/bin/idosens/core/sched.o
                0x0000000020000408                sched_num_threads
 .bss.sched_runqueues
                0x000000002000040c       0x40 /home/clement/riot_idosens/tests/driver_sx127x/bin/idosens/core/sched.o
                0x000000002000040c                sched_runqueues
 .bss.sched_threads
                0x000000002000044c       0x84 /home/clement/riot_idosens/tests/driver_sx127x/bin/idosens/core/sched.o
                0x000000002000044c                sched_threads
 .bss._rx_buf_mem
                0x00000000200004d0       0x40 /home/clement/riot_idosens/tests/driver_sx127x/bin/idosens/stdio_uart/stdio_uart.o
 .bss.isr_ctx   0x0000000020000510        0xc /home/clement/riot_idosens/tests/driver_sx127x/bin/idosens/stm32_common_periph/uart.o
 .bss._in_handler
                0x000000002000051c        0x4 /home/clement/riot_idosens/tests/driver_sx127x/bin/idosens/xtimer/xtimer_core.o
 .bss._long_cnt
                0x0000000020000520        0x4 /home/clement/riot_idosens/tests/driver_sx127x/bin/idosens/xtimer/xtimer_core.o
 .bss._xtimer_high_cnt
                0x0000000020000524        0x4 /home/clement/riot_idosens/tests/driver_sx127x/bin/idosens/xtimer/xtimer_core.o
                0x0000000020000524                _xtimer_high_cnt
 .bss.long_list_head
                0x0000000020000528        0x4 /home/clement/riot_idosens/tests/driver_sx127x/bin/idosens/xtimer/xtimer_core.o
 .bss.overflow_list_head
                0x000000002000052c        0x4 /home/clement/riot_idosens/tests/driver_sx127x/bin/idosens/xtimer/xtimer_core.o
 .bss.timer_list_head
                0x0000000020000530        0x4 /home/clement/riot_idosens/tests/driver_sx127x/bin/idosens/xtimer/xtimer_core.o
 .bss.crashed   0x0000000020000534        0x4 /home/clement/riot_idosens/tests/driver_sx127x/bin/idosens/core/panic.o
 .bss.idle_stack
                0x0000000020000538      0x100 /home/clement/riot_idosens/tests/driver_sx127x/bin/idosens/core/kernel_init.o
 .bss.main_stack
                0x0000000020000638      0x600 /home/clement/riot_idosens/tests/driver_sx127x/bin/idosens/core/kernel_init.o
 .bss.exti_ctx  0x0000000020000c38       0x80 /home/clement/riot_idosens/tests/driver_sx127x/bin/idosens/periph/gpio.o
 .bss.isr_ctx   0x0000000020000cb8       0x10 /home/clement/riot_idosens/tests/driver_sx127x/bin/idosens/stm32_common_periph/timer.o
 .bss._msg_q.7522
                0x0000000020000cc8       0x80 /home/clement/riot_idosens/tests/driver_sx127x/bin/idosens/application_tests_driver_sx127x/main.o
 .bss._recv_pid
                0x0000000020000d48        0x2 /home/clement/riot_idosens/tests/driver_sx127x/bin/idosens/application_tests_driver_sx127x/main.o
 .bss.message   0x0000000020000d4a       0x20 /home/clement/riot_idosens/tests/driver_sx127x/bin/idosens/application_tests_driver_sx127x/main.o
 .bss.stack     0x0000000020000d6a      0x400 /home/clement/riot_idosens/tests/driver_sx127x/bin/idosens/application_tests_driver_sx127x/main.o
 *fill*         0x000000002000116a        0x2 
 .bss.sx127x    0x000000002000116c       0x80 /home/clement/riot_idosens/tests/driver_sx127x/bin/idosens/application_tests_driver_sx127x/main.o
 .bss.locks     0x00000000200011ec        0x4 /home/clement/riot_idosens/tests/driver_sx127x/bin/idosens/stm32_common_periph/spi.o
 .bss.__malloc_free_list
                0x00000000200011f0        0x4 /usr/bin/../lib/gcc/arm-none-eabi/7.3.1/../../../../arm-none-eabi/lib/thumb/v7-m/libc_nano.a(lib_a-nano-mallocr.o)
                0x00000000200011f0                __malloc_free_list
 .bss.__malloc_sbrk_start
                0x00000000200011f4        0x4 /usr/bin/../lib/gcc/arm-none-eabi/7.3.1/../../../../arm-none-eabi/lib/thumb/v7-m/libc_nano.a(lib_a-nano-mallocr.o)
                0x00000000200011f4                __malloc_sbrk_start
 *(COMMON)
                0x00000000200011f8                . = ALIGN (0x4)
                0x00000000200011f8                _ebss = .
                0x00000000200011f8                _ezero = .

.noinit         0x00000000200011f8        0x0 load address 0x0000000008006880
                0x00000000200011f8                __noinit_start = .
 *(.noinit)
                0x00000000200011f8                . = ALIGN (0x4)
                0x00000000200011f8                __noinit_end = .
                0x00000000200011f8                . = ALIGN (0x4)
                0x00000000200011f8                _sheap = .
                0x0000000020010000                _eheap = (ORIGIN (ram) + LENGTH (ram))
                0x0000000020000000                _sram = ORIGIN (ram)
                0x0000000020010000                _eram = (ORIGIN (ram) + LENGTH (ram))
                0x0000000008006880                _sbackup_data_load = LOADADDR (.backup.data)

.backup.data    0x0000000000000000        0x0 load address 0x0000000008006880
                0x0000000000000000                _sbackup_data = .
 *(.backup.data)
                0x0000000000000000                _ebackup_data = .
                0x0000000000000000                . = ALIGN (0x4)

.backup.bss     0x0000000000000000        0x0 load address 0x0000000008006880
                0x0000000000000000                _sbackup_bss = .
 *(.backup.bss)
                0x0000000000000000                _ebackup_bss = .
                0x0000000000000000                . = ALIGN (0x4)
OUTPUT(/home/clement/riot_idosens/tests/driver_sx127x/bin/idosens/tests_driver_sx127x.elf elf32-littlearm)

.debug_info     0x0000000000000000    0x3485e
 .debug_info    0x0000000000000000       0xfe /home/clement/riot_idosens/tests/driver_sx127x/bin/idosens/cpu/vectors.o
 .debug_info    0x00000000000000fe     0x1b00 /home/clement/riot_idosens/tests/driver_sx127x/bin/idosens/newlib_syscalls_default/syscalls.o
 .debug_info    0x0000000000001bfe      0xe48 /home/clement/riot_idosens/tests/driver_sx127x/bin/idosens/core/sched.o
 .debug_info    0x0000000000002a46      0xfdc /home/clement/riot_idosens/tests/driver_sx127x/bin/idosens/cortexm_common/thread_arch.o
 .debug_info    0x0000000000003a22     0x18c0 /home/clement/riot_idosens/tests/driver_sx127x/bin/idosens/cortexm_common/vectors_cortexm.o
 .debug_info    0x00000000000052e2      0xcf3 /home/clement/riot_idosens/tests/driver_sx127x/bin/idosens/cortexm_common/irq_arch.o
 .debug_info    0x0000000000005fd5     0x1274 /home/clement/riot_idosens/tests/driver_sx127x/bin/idosens/stdio_uart/stdio_uart.o
 .debug_info    0x0000000000007249      0xe58 /home/clement/riot_idosens/tests/driver_sx127x/bin/idosens/stm32_common_periph/pm.o
 .debug_info    0x00000000000080a1     0x1984 /home/clement/riot_idosens/tests/driver_sx127x/bin/idosens/stm32_common_periph/uart.o
 .debug_info    0x0000000000009a25     0x1d75 /home/clement/riot_idosens/tests/driver_sx127x/bin/idosens/xtimer/xtimer_core.o
 .debug_info    0x000000000000b79a      0xff6 /home/clement/riot_idosens/tests/driver_sx127x/bin/idosens/board/board.o
 .debug_info    0x000000000000c790      0xd68 /home/clement/riot_idosens/tests/driver_sx127x/bin/idosens/core/panic.o
 .debug_info    0x000000000000d4f8      0xda9 /home/clement/riot_idosens/tests/driver_sx127x/bin/idosens/core/kernel_init.o
 .debug_info    0x000000000000e2a1     0x1213 /home/clement/riot_idosens/tests/driver_sx127x/bin/idosens/core/thread.o
 .debug_info    0x000000000000f4b4      0x426 /home/clement/riot_idosens/tests/driver_sx127x/bin/idosens/isrpipe/isrpipe.o
 .debug_info    0x000000000000f8da     0x1b49 /home/clement/riot_idosens/tests/driver_sx127x/bin/idosens/periph/gpio.o
 .debug_info    0x0000000000011423      0xd6e /home/clement/riot_idosens/tests/driver_sx127x/bin/idosens/pm_layered/pm.o
 .debug_info    0x0000000000012191      0xdbf /home/clement/riot_idosens/tests/driver_sx127x/bin/idosens/ps/ps.o
 .debug_info    0x0000000000012f50     0x115f /home/clement/riot_idosens/tests/driver_sx127x/bin/idosens/stm32_common/stmclk.o
 .debug_info    0x00000000000140af     0x1126 /home/clement/riot_idosens/tests/driver_sx127x/bin/idosens/stm32_common/stmclk_common.o
 .debug_info    0x00000000000151d5      0xe35 /home/clement/riot_idosens/tests/driver_sx127x/bin/idosens/stm32_common/cpu_init.o
 .debug_info    0x000000000001600a     0x11a7 /home/clement/riot_idosens/tests/driver_sx127x/bin/idosens/stm32_common/cpu_common.o
 .debug_info    0x00000000000171b1     0x169e /home/clement/riot_idosens/tests/driver_sx127x/bin/idosens/stm32_common_periph/timer.o
 .debug_info    0x000000000001884f      0x3ea /home/clement/riot_idosens/tests/driver_sx127x/bin/idosens/tsrb/tsrb.o
 .debug_info    0x0000000000018c39     0x1010 /home/clement/riot_idosens/tests/driver_sx127x/bin/idosens/periph_common/init.o
 .debug_info    0x0000000000019c49     0x29db /home/clement/riot_idosens/tests/driver_sx127x/bin/idosens/application_tests_driver_sx127x/main.o
 .debug_info    0x000000000001c624     0x1001 /home/clement/riot_idosens/tests/driver_sx127x/bin/idosens/auto_init/auto_init.o
 .debug_info    0x000000000001d625      0xeb3 /home/clement/riot_idosens/tests/driver_sx127x/bin/idosens/core/mutex.o
 .debug_info    0x000000000001e4d8     0x179d /home/clement/riot_idosens/tests/driver_sx127x/bin/idosens/core/msg.o
 .debug_info    0x000000000001fc75     0x120b /home/clement/riot_idosens/tests/driver_sx127x/bin/idosens/cortexm_common/cortexm_init.o
 .debug_info    0x0000000000020e80     0x1c64 /home/clement/riot_idosens/tests/driver_sx127x/bin/idosens/fmt/fmt.o
 .debug_info    0x0000000000022ae4     0x1018 /home/clement/riot_idosens/tests/driver_sx127x/bin/idosens/shell/shell.o
 .debug_info    0x0000000000023afc      0x90e /home/clement/riot_idosens/tests/driver_sx127x/bin/idosens/shell_commands/shell_commands.o
 .debug_info    0x000000000002440a      0xbcd /home/clement/riot_idosens/tests/driver_sx127x/bin/idosens/shell_commands/sc_sys.o
 .debug_info    0x0000000000024fd7       0x8e /home/clement/riot_idosens/tests/driver_sx127x/bin/idosens/shell_commands/sc_ps.o
 .debug_info    0x0000000000025065     0x17b3 /home/clement/riot_idosens/tests/driver_sx127x/bin/idosens/stm32_common_periph/spi.o
 .debug_info    0x0000000000026818     0x203b /home/clement/riot_idosens/tests/driver_sx127x/bin/idosens/sx127x/sx127x_internal.o
 .debug_info    0x0000000000028853     0x2cc0 /home/clement/riot_idosens/tests/driver_sx127x/bin/idosens/sx127x/sx127x_getset.o
 .debug_info    0x000000000002b513     0x2831 /home/clement/riot_idosens/tests/driver_sx127x/bin/idosens/sx127x/sx127x_netdev.o
 .debug_info    0x000000000002dd44     0x2309 /home/clement/riot_idosens/tests/driver_sx127x/bin/idosens/sx127x/sx127x.o
 .debug_info    0x000000000003004d     0x1e66 /home/clement/riot_idosens/tests/driver_sx127x/bin/idosens/xtimer/xtimer.o
 .debug_info    0x0000000000031eb3     0x120d /home/clement/riot_idosens/tests/driver_sx127x/bin/idosens/periph_common/spi.o
 .debug_info    0x00000000000330c0      0xd7c /home/clement/riot_idosens/tests/driver_sx127x/bin/idosens/cortexm_common_periph/pm.o
 .debug_info    0x0000000000033e3c      0xa22 /home/clement/riot_idosens/tests/driver_sx127x/bin/idosens/iolist/iolist.o

.debug_abbrev   0x0000000000000000     0x7e21
 .debug_abbrev  0x0000000000000000       0xc5 /home/clement/riot_idosens/tests/driver_sx127x/bin/idosens/cpu/vectors.o
 .debug_abbrev  0x00000000000000c5      0x412 /home/clement/riot_idosens/tests/driver_sx127x/bin/idosens/newlib_syscalls_default/syscalls.o
 .debug_abbrev  0x00000000000004d7      0x33c /home/clement/riot_idosens/tests/driver_sx127x/bin/idosens/core/sched.o
 .debug_abbrev  0x0000000000000813      0x318 /home/clement/riot_idosens/tests/driver_sx127x/bin/idosens/cortexm_common/thread_arch.o
 .debug_abbrev  0x0000000000000b2b      0x3a7 /home/clement/riot_idosens/tests/driver_sx127x/bin/idosens/cortexm_common/vectors_cortexm.o
 .debug_abbrev  0x0000000000000ed2      0x289 /home/clement/riot_idosens/tests/driver_sx127x/bin/idosens/cortexm_common/irq_arch.o