Archive member included to satisfy reference by file (symbol)

/home/clement/RIOT-master/tests/driver_sx127x/bin/b-l072z-lrwan1/core/sched.o
                              /home/clement/RIOT-master/tests/driver_sx127x/bin/b-l072z-lrwan1/newlib_syscalls_default/syscalls.o (sched_active_pid)
/home/clement/RIOT-master/tests/driver_sx127x/bin/b-l072z-lrwan1/core/bitarithm.o
                              /home/clement/RIOT-master/tests/driver_sx127x/bin/b-l072z-lrwan1/core/sched.o (MultiplyDeBruijnBitPosition)
/home/clement/RIOT-master/tests/driver_sx127x/bin/b-l072z-lrwan1/cortexm_common/thread_arch.o
                              /home/clement/RIOT-master/tests/driver_sx127x/bin/b-l072z-lrwan1/core/sched.o (cpu_switch_context_exit)
/home/clement/RIOT-master/tests/driver_sx127x/bin/b-l072z-lrwan1/cortexm_common/vectors_cortexm.o
                              /home/clement/RIOT-master/tests/driver_sx127x/bin/b-l072z-lrwan1/cpu/vectors.o (dummy_handler_default)
/home/clement/RIOT-master/tests/driver_sx127x/bin/b-l072z-lrwan1/cortexm_common/irq_arch.o
                              /home/clement/RIOT-master/tests/driver_sx127x/bin/b-l072z-lrwan1/newlib_syscalls_default/syscalls.o (irq_disable)
/home/clement/RIOT-master/tests/driver_sx127x/bin/b-l072z-lrwan1/div/div.o
                              /home/clement/RIOT-master/tests/driver_sx127x/bin/b-l072z-lrwan1/newlib_syscalls_default/syscalls.o (_div_mulhi64)
/home/clement/RIOT-master/tests/driver_sx127x/bin/b-l072z-lrwan1/stdio_uart/stdio_uart.o
                              /home/clement/RIOT-master/tests/driver_sx127x/bin/b-l072z-lrwan1/newlib_syscalls_default/syscalls.o (stdio_read)
/home/clement/RIOT-master/tests/driver_sx127x/bin/b-l072z-lrwan1/stm32_common_periph/pm.o
                              /home/clement/RIOT-master/tests/driver_sx127x/bin/b-l072z-lrwan1/newlib_syscalls_default/syscalls.o (pm_off)
/home/clement/RIOT-master/tests/driver_sx127x/bin/b-l072z-lrwan1/stm32_common_periph/uart.o
                              /home/clement/RIOT-master/tests/driver_sx127x/bin/b-l072z-lrwan1/stdio_uart/stdio_uart.o (uart_init)
/home/clement/RIOT-master/tests/driver_sx127x/bin/b-l072z-lrwan1/stm32_common_periph/gpio.o
                              /home/clement/RIOT-master/tests/driver_sx127x/bin/b-l072z-lrwan1/stm32_common_periph/uart.o (gpio_init)
/home/clement/RIOT-master/tests/driver_sx127x/bin/b-l072z-lrwan1/xtimer/xtimer_core.o
                              /home/clement/RIOT-master/tests/driver_sx127x/bin/b-l072z-lrwan1/newlib_syscalls_default/syscalls.o (_xtimer_now64)
/home/clement/RIOT-master/tests/driver_sx127x/bin/b-l072z-lrwan1/board/board.o
                              /home/clement/RIOT-master/tests/driver_sx127x/bin/b-l072z-lrwan1/cortexm_common/vectors_cortexm.o (board_init)
/home/clement/RIOT-master/tests/driver_sx127x/bin/b-l072z-lrwan1/core/panic.o
                              /home/clement/RIOT-master/tests/driver_sx127x/bin/b-l072z-lrwan1/cortexm_common/vectors_cortexm.o (core_panic)
/home/clement/RIOT-master/tests/driver_sx127x/bin/b-l072z-lrwan1/core/kernel_init.o
                              /home/clement/RIOT-master/tests/driver_sx127x/bin/b-l072z-lrwan1/cortexm_common/vectors_cortexm.o (kernel_init)
/home/clement/RIOT-master/tests/driver_sx127x/bin/b-l072z-lrwan1/core/thread.o
                              /home/clement/RIOT-master/tests/driver_sx127x/bin/b-l072z-lrwan1/core/kernel_init.o (thread_create)
/home/clement/RIOT-master/tests/driver_sx127x/bin/b-l072z-lrwan1/isrpipe/isrpipe.o
                              /home/clement/RIOT-master/tests/driver_sx127x/bin/b-l072z-lrwan1/stdio_uart/stdio_uart.o (isrpipe_write_one)
/home/clement/RIOT-master/tests/driver_sx127x/bin/b-l072z-lrwan1/pm_layered/pm.o
                              /home/clement/RIOT-master/tests/driver_sx127x/bin/b-l072z-lrwan1/core/kernel_init.o (pm_set_lowest)
/home/clement/RIOT-master/tests/driver_sx127x/bin/b-l072z-lrwan1/ps/ps.o
                              /home/clement/RIOT-master/tests/driver_sx127x/bin/b-l072z-lrwan1/core/panic.o (ps)
/home/clement/RIOT-master/tests/driver_sx127x/bin/b-l072z-lrwan1/stm32_common/cpu_init.o
                              /home/clement/RIOT-master/tests/driver_sx127x/bin/b-l072z-lrwan1/board/board.o (cpu_init)
/home/clement/RIOT-master/tests/driver_sx127x/bin/b-l072z-lrwan1/stm32_common/stmclk_l0l1.o
                              /home/clement/RIOT-master/tests/driver_sx127x/bin/b-l072z-lrwan1/stm32_common_periph/pm.o (stmclk_init_sysclk)
/home/clement/RIOT-master/tests/driver_sx127x/bin/b-l072z-lrwan1/stm32_common/cpu_common.o
                              /home/clement/RIOT-master/tests/driver_sx127x/bin/b-l072z-lrwan1/stm32_common_periph/uart.o (periph_apb_clk)
/home/clement/RIOT-master/tests/driver_sx127x/bin/b-l072z-lrwan1/stm32_common_periph/timer.o
                              /home/clement/RIOT-master/tests/driver_sx127x/bin/b-l072z-lrwan1/xtimer/xtimer_core.o (timer_set_absolute)
[...]
Memory Configuration

Name             Origin             Length             Attributes
ccmram           0x0000000010000000 0x0000000000000000
rom              0x0000000008000000 0x0000000000030000 xr
ram              0x0000000020000000 0x0000000000005000 w !xr
bkup-ram         0x0000000000000000 0x0000000000000000 w !xr
*default*        0x0000000000000000 0xffffffffffffffff

Linker script and memory map

LOAD /home/clement/RIOT-master/tests/driver_sx127x/bin/b-l072z-lrwan1/cpu/vectors.o
LOAD /home/clement/RIOT-master/tests/driver_sx127x/bin/b-l072z-lrwan1/newlib_syscalls_default/syscalls.o
START GROUP
LOAD /home/clement/RIOT-master/tests/driver_sx127x/bin/b-l072z-lrwan1/application_tests_driver_sx127x.a
LOAD /home/clement/RIOT-master/tests/driver_sx127x/bin/b-l072z-lrwan1/auto_init.a
LOAD /home/clement/RIOT-master/tests/driver_sx127x/bin/b-l072z-lrwan1/board.a
LOAD /home/clement/RIOT-master/tests/driver_sx127x/bin/b-l072z-lrwan1/core.a
LOAD /home/clement/RIOT-master/tests/driver_sx127x/bin/b-l072z-lrwan1/cortexm_common.a
LOAD /home/clement/RIOT-master/tests/driver_sx127x/bin/b-l072z-lrwan1/cortexm_common_periph.a
LOAD /home/clement/RIOT-master/tests/driver_sx127x/bin/b-l072z-lrwan1/cpu.a
LOAD /home/clement/RIOT-master/tests/driver_sx127x/bin/b-l072z-lrwan1/div.a
LOAD /home/clement/RIOT-master/tests/driver_sx127x/bin/b-l072z-lrwan1/fmt.a
LOAD /home/clement/RIOT-master/tests/driver_sx127x/bin/b-l072z-lrwan1/iolist.a
LOAD /home/clement/RIOT-master/tests/driver_sx127x/bin/b-l072z-lrwan1/isrpipe.a
LOAD /home/clement/RIOT-master/tests/driver_sx127x/bin/b-l072z-lrwan1/netif.a
LOAD /home/clement/RIOT-master/tests/driver_sx127x/bin/b-l072z-lrwan1/newlib_syscalls_default.a
LOAD /home/clement/RIOT-master/tests/driver_sx127x/bin/b-l072z-lrwan1/od.a
LOAD /home/clement/RIOT-master/tests/driver_sx127x/bin/b-l072z-lrwan1/periph.a
LOAD /home/clement/RIOT-master/tests/driver_sx127x/bin/b-l072z-lrwan1/pm_layered.a
LOAD /home/clement/RIOT-master/tests/driver_sx127x/bin/b-l072z-lrwan1/ps.a
LOAD /home/clement/RIOT-master/tests/driver_sx127x/bin/b-l072z-lrwan1/shell.a
LOAD /home/clement/RIOT-master/tests/driver_sx127x/bin/b-l072z-lrwan1/shell_commands.a
LOAD /home/clement/RIOT-master/tests/driver_sx127x/bin/b-l072z-lrwan1/stdio_uart.a
LOAD /home/clement/RIOT-master/tests/driver_sx127x/bin/b-l072z-lrwan1/stm32_common.a
LOAD /home/clement/RIOT-master/tests/driver_sx127x/bin/b-l072z-lrwan1/stm32_common_periph.a
LOAD /home/clement/RIOT-master/tests/driver_sx127x/bin/b-l072z-lrwan1/sx127x.a
LOAD /home/clement/RIOT-master/tests/driver_sx127x/bin/b-l072z-lrwan1/sys.a
LOAD /home/clement/RIOT-master/tests/driver_sx127x/bin/b-l072z-lrwan1/tsrb.a
LOAD /home/clement/RIOT-master/tests/driver_sx127x/bin/b-l072z-lrwan1/xtimer.a
LOAD /home/clement/RIOT-master/tests/driver_sx127x/bin/b-l072z-lrwan1/periph_common.a
LOAD /usr/bin/../lib/gcc/arm-none-eabi/7.3.1/../../../../arm-none-eabi/lib/thumb/v6-m/libm.a
END GROUP
LOAD /usr/bin/../lib/gcc/arm-none-eabi/7.3.1/thumb/v6-m/libgcc.a
                0x0000000008000000                _rom_start_addr = 0x8000000
                0x0000000020000000                _ram_start_addr = 0x20000000
                0x0000000000030000                _rom_length = 0x30000
                0x0000000000005000                _ram_length = 0x5000
LOAD /usr/bin/../lib/gcc/arm-none-eabi/7.3.1/../../../../arm-none-eabi/lib/thumb/v6-m/libc_nano.a
START GROUP
LOAD /usr/bin/../lib/gcc/arm-none-eabi/7.3.1/thumb/v6-m/libgcc.a
LOAD /usr/bin/../lib/gcc/arm-none-eabi/7.3.1/../../../../arm-none-eabi/lib/thumb/v6-m/libg_nano.a
LOAD /usr/bin/../lib/gcc/arm-none-eabi/7.3.1/../../../../arm-none-eabi/lib/thumb/v6-m/libc_nano.a
END GROUP
START GROUP
LOAD /usr/bin/../lib/gcc/arm-none-eabi/7.3.1/thumb/v6-m/libgcc.a
LOAD /usr/bin/../lib/gcc/arm-none-eabi/7.3.1/../../../../arm-none-eabi/lib/thumb/v6-m/libc_nano.a
END GROUP
                0x0000000000000000                ccmram_length = DEFINED (ccmram_len)?ccmram_len:0x0
                0x0000000000000000                _rom_offset = DEFINED (_rom_offset)?_rom_offset:0x0
                0x0000000000030000                _fw_rom_length = DEFINED (_fw_rom_length)?_fw_rom_length:(_rom_length - _rom_offset)
                0x0000000000000001                ASSERT ((_fw_rom_length <= (_rom_length - _rom_offset)), Specified firmware size does not fit in ROM)
                0x0000000000000000                _backup_ram_start_addr = DEFINED (_backup_ram_start_addr)?_backup_ram_start_addr:0x0
                0x0000000000000000                _backup_ram_len = DEFINED (_backup_ram_len)?_backup_ram_len:0x0

.text           0x0000000008000000     0x7be0
                0x0000000008000000                . = ALIGN (0x4)
                0x0000000008000000                _sfixed = .
                0x0000000008000000                _isr_vectors = DEFINED (_isr_vectors)?_isr_vectors:.
 *(SORT_BY_NAME(.vectors*))
 .vectors.0     0x0000000008000000       0x40 /home/clement/RIOT-master/tests/driver_sx127x/bin/b-l072z-lrwan1/cortexm_common/vectors_cortexm.o
                0x0000000008000000                cortex_vector_base
 .vectors.1     0x0000000008000040       0x80 /home/clement/RIOT-master/tests/driver_sx127x/bin/b-l072z-lrwan1/cpu/vectors.o
                0x0000000008000040                vector_cpu
 *(.text .text.* .gnu.linkonce.t.*)
 .text.dummy_handler
                0x00000000080000c0        0x8 /home/clement/RIOT-master/tests/driver_sx127x/bin/b-l072z-lrwan1/cpu/vectors.o
                0x00000000080000c0                isr_pvd
                0x00000000080000c0                isr_i2c1
                0x00000000080000c0                isr_tsc
                0x00000000080000c0                isr_tim7
                0x00000000080000c0                isr_i2c3
                0x00000000080000c0                isr_rng_lpuart1
                0x00000000080000c0                isr_dma1_channel4_5_6_7
                0x00000000080000c0                isr_usart4_5
                0x00000000080000c0                isr_tim22
                0x00000000080000c0                isr_i2c2
                0x00000000080000c0                isr_dma1_channel2_3
                0x00000000080000c0                isr_spi2
                0x00000000080000c0                isr_dma1_channel1
                0x00000000080000c0                dummy_handler
                0x00000000080000c0                isr_tim21
                0x00000000080000c0                isr_spi1
                0x00000000080000c0                isr_lptim1
                0x00000000080000c0                isr_rcc
                0x00000000080000c0                isr_flash
                0x00000000080000c0                isr_rtc
                0x00000000080000c0                isr_lpuart1
                0x00000000080000c0                isr_usb
                0x00000000080000c0                isr_adc1_comp
                0x00000000080000c0                isr_tim6_dac
                0x00000000080000c0                isr_lcd
                0x00000000080000c0                isr_tim3
                0x00000000080000c0                isr_rcc_crs
                0x00000000080000c0                isr_wwdg
 .text._init    0x00000000080000c8        0x2 /home/clement/RIOT-master/tests/driver_sx127x/bin/b-l072z-lrwan1/newlib_syscalls_default/syscalls.o
                0x00000000080000c8                _init
 .text._fini    0x00000000080000ca        0x2 /home/clement/RIOT-master/tests/driver_sx127x/bin/b-l072z-lrwan1/newlib_syscalls_default/syscalls.o
                0x00000000080000ca                _fini
 .text._sbrk_r  0x00000000080000cc       0x3c /home/clement/RIOT-master/tests/driver_sx127x/bin/b-l072z-lrwan1/newlib_syscalls_default/syscalls.o
                0x00000000080000cc                _sbrk_r
 .text._read_r  0x0000000008000108        0xc /home/clement/RIOT-master/tests/driver_sx127x/bin/b-l072z-lrwan1/newlib_syscalls_default/syscalls.o
                0x0000000008000108                _read_r
 .text._write_r
                0x0000000008000114        0xc /home/clement/RIOT-master/tests/driver_sx127x/bin/b-l072z-lrwan1/newlib_syscalls_default/syscalls.o
                0x0000000008000114                _write_r
 .text._close_r
                0x0000000008000120        0xa /home/clement/RIOT-master/tests/driver_sx127x/bin/b-l072z-lrwan1/newlib_syscalls_default/syscalls.o
                0x0000000008000120                _close_r
 .text._lseek_r
                0x000000000800012a        0xa /home/clement/RIOT-master/tests/driver_sx127x/bin/b-l072z-lrwan1/newlib_syscalls_default/syscalls.o
                0x000000000800012a                _lseek_r
 .text._fstat_r
                0x0000000008000134        0xa /home/clement/RIOT-master/tests/driver_sx127x/bin/b-l072z-lrwan1/newlib_syscalls_default/syscalls.o
                0x0000000008000134                _fstat_r
 .text._isatty_r
                0x000000000800013e        0xe /home/clement/RIOT-master/tests/driver_sx127x/bin/b-l072z-lrwan1/newlib_syscalls_default/syscalls.o
                0x000000000800013e                _isatty_r
 .text.sched_run
                0x000000000800014c       0x68 /home/clement/RIOT-master/tests/driver_sx127x/bin/b-l072z-lrwan1/core/sched.o
                0x000000000800014c                sched_run
 .text.sched_set_status
                0x00000000080001b4       0x7c /home/clement/RIOT-master/tests/driver_sx127x/bin/b-l072z-lrwan1/core/sched.o
                0x00000000080001b4                sched_set_status
 .text.sched_switch
                0x0000000008000230       0x30 /home/clement/RIOT-master/tests/driver_sx127x/bin/b-l072z-lrwan1/core/sched.o
                0x0000000008000230                sched_switch
 .text.sched_task_exit
                0x0000000008000260       0x3c /home/clement/RIOT-master/tests/driver_sx127x/bin/b-l072z-lrwan1/core/sched.o
                0x0000000008000260                sched_task_exit
 .text.thread_stack_init
                0x000000000800029c       0x90 /home/clement/RIOT-master/tests/driver_sx127x/bin/b-l072z-lrwan1/cortexm_common/thread_arch.o
                0x000000000800029c                thread_stack_init
 .text.thread_isr_stack_usage
                0x000000000800032c       0x24 /home/clement/RIOT-master/tests/driver_sx127x/bin/b-l072z-lrwan1/cortexm_common/thread_arch.o
                0x000000000800032c                thread_isr_stack_usage
 .text.thread_isr_stack_pointer
                0x0000000008000350        0x6 /home/clement/RIOT-master/tests/driver_sx127x/bin/b-l072z-lrwan1/cortexm_common/thread_arch.o
                0x0000000008000350                thread_isr_stack_pointer
 *fill*         0x0000000008000356        0x2 
 .text.thread_isr_stack_start
                0x0000000008000358        0x8 /home/clement/RIOT-master/tests/driver_sx127x/bin/b-l072z-lrwan1/cortexm_common/thread_arch.o
                0x0000000008000358                thread_isr_stack_start
 .text.cpu_switch_context_exit
                0x0000000008000360        0x8 /home/clement/RIOT-master/tests/driver_sx127x/bin/b-l072z-lrwan1/cortexm_common/thread_arch.o
                0x0000000008000360                cpu_switch_context_exit
 .text.thread_yield_higher
                0x0000000008000368       0x14 /home/clement/RIOT-master/tests/driver_sx127x/bin/b-l072z-lrwan1/cortexm_common/thread_arch.o
                0x0000000008000368                thread_yield_higher
 .text.isr_pendsv
                0x000000000800037c       0x28 /home/clement/RIOT-master/tests/driver_sx127x/bin/b-l072z-lrwan1/cortexm_common/thread_arch.o
                0x000000000800037c                isr_pendsv
 .text.isr_svc  0x00000000080003a4       0x2c /home/clement/RIOT-master/tests/driver_sx127x/bin/b-l072z-lrwan1/cortexm_common/thread_arch.o
                0x00000000080003a4                isr_svc
 .text.hard_fault_default
                0x00000000080003d0       0x50 /home/clement/RIOT-master/tests/driver_sx127x/bin/b-l072z-lrwan1/cortexm_common/vectors_cortexm.o
                0x00000000080003d0                hard_fault_default
 .text.nmi_default
                0x0000000008000420       0x10 /home/clement/RIOT-master/tests/driver_sx127x/bin/b-l072z-lrwan1/cortexm_common/vectors_cortexm.o
                0x0000000008000420                nmi_default
 .text.dummy_handler_default
                0x0000000008000430       0x10 /home/clement/RIOT-master/tests/driver_sx127x/bin/b-l072z-lrwan1/cortexm_common/vectors_cortexm.o
                0x0000000008000430                dummy_handler_default
                0x0000000008000430                isr_systick
 .text.pre_startup
                0x0000000008000440        0x2 /home/clement/RIOT-master/tests/driver_sx127x/bin/b-l072z-lrwan1/cortexm_common/vectors_cortexm.o
                0x0000000008000440                pre_startup
 .text.post_startup
                0x0000000008000442        0x2 /home/clement/RIOT-master/tests/driver_sx127x/bin/b-l072z-lrwan1/cortexm_common/vectors_cortexm.o
                0x0000000008000442                post_startup
 .text.reset_handler_default
                0x0000000008000444       0x68 /home/clement/RIOT-master/tests/driver_sx127x/bin/b-l072z-lrwan1/cortexm_common/vectors_cortexm.o
                0x0000000008000444                reset_handler_default
 .text.hard_fault_handler
                0x00000000080004ac      0x118 /home/clement/RIOT-master/tests/driver_sx127x/bin/b-l072z-lrwan1/cortexm_common/vectors_cortexm.o
                0x00000000080004ac                hard_fault_handler
 .text.irq_disable
                0x00000000080005c4        0x8 /home/clement/RIOT-master/tests/driver_sx127x/bin/b-l072z-lrwan1/cortexm_common/irq_arch.o
                0x00000000080005c4                irq_disable
 .text.irq_enable
                0x00000000080005cc        0x8 /home/clement/RIOT-master/tests/driver_sx127x/bin/b-l072z-lrwan1/cortexm_common/irq_arch.o
                0x00000000080005cc                irq_enable
 .text.irq_restore
                0x00000000080005d4        0x6 /home/clement/RIOT-master/tests/driver_sx127x/bin/b-l072z-lrwan1/cortexm_common/irq_arch.o
                0x00000000080005d4                irq_restore
 .text.irq_is_in
                0x00000000080005da        0x8 /home/clement/RIOT-master/tests/driver_sx127x/bin/b-l072z-lrwan1/cortexm_common/irq_arch.o
                0x00000000080005da                irq_is_in
 *fill*         0x00000000080005e2        0x2 
 .text.stdio_init
                0x00000000080005e4       0x1c /home/clement/RIOT-master/tests/driver_sx127x/bin/b-l072z-lrwan1/stdio_uart/stdio_uart.o
                0x00000000080005e4                stdio_init
 .text.stdio_read
                0x0000000008000600       0x14 /home/clement/RIOT-master/tests/driver_sx127x/bin/b-l072z-lrwan1/stdio_uart/stdio_uart.o
                0x0000000008000600                stdio_read
 .text.stdio_write
                0x0000000008000614       0x12 /home/clement/RIOT-master/tests/driver_sx127x/bin/b-l072z-lrwan1/stdio_uart/stdio_uart.o
                0x0000000008000614                stdio_write
 *fill*         0x0000000008000626        0x2 
 .text.pm_set   0x0000000008000628       0x78 /home/clement/RIOT-master/tests/driver_sx127x/bin/b-l072z-lrwan1/stm32_common_periph/pm.o
                0x0000000008000628                pm_set
 .text.pm_off   0x00000000080006a0        0xe /home/clement/RIOT-master/tests/driver_sx127x/bin/b-l072z-lrwan1/stm32_common_periph/pm.o
                0x00000000080006a0                pm_off
 *fill*         0x00000000080006ae        0x2 
 .text.uart_enable_clock
                0x00000000080006b0       0x30 /home/clement/RIOT-master/tests/driver_sx127x/bin/b-l072z-lrwan1/stm32_common_periph/uart.o
 .text.irq_handler
                0x00000000080006e0       0x4c /home/clement/RIOT-master/tests/driver_sx127x/bin/b-l072z-lrwan1/stm32_common_periph/uart.o
 .text.uart_init
                0x000000000800072c       0xd0 /home/clement/RIOT-master/tests/driver_sx127x/bin/b-l072z-lrwan1/stm32_common_periph/uart.o
                0x000000000800072c                uart_init
 .text.uart_write
                0x00000000080007fc       0x44 /home/clement/RIOT-master/tests/driver_sx127x/bin/b-l072z-lrwan1/stm32_common_periph/uart.o
                0x00000000080007fc                uart_write
 .text.isr_usart2
                0x0000000008000840        0xa /home/clement/RIOT-master/tests/driver_sx127x/bin/b-l072z-lrwan1/stm32_common_periph/uart.o
                0x0000000008000840                isr_usart2
 .text.isr_usart1
                0x000000000800084a        0xa /home/clement/RIOT-master/tests/driver_sx127x/bin/b-l072z-lrwan1/stm32_common_periph/uart.o
                0x000000000800084a                isr_usart1
 .text.gpio_init
                0x0000000008000854       0x76 /home/clement/RIOT-master/tests/driver_sx127x/bin/b-l072z-lrwan1/stm32_common_periph/gpio.o
                0x0000000008000854                gpio_init
 .text.gpio_init_af
                0x00000000080008ca       0x42 /home/clement/RIOT-master/tests/driver_sx127x/bin/b-l072z-lrwan1/stm32_common_periph/gpio.o
                0x00000000080008ca                gpio_init_af
 .text.gpio_read
                0x000000000800090c       0x14 /home/clement/RIOT-master/tests/driver_sx127x/bin/b-l072z-lrwan1/stm32_common_periph/gpio.o
                0x000000000800090c                gpio_read
 .text.gpio_set
                0x0000000008000920       0x10 /home/clement/RIOT-master/tests/driver_sx127x/bin/b-l072z-lrwan1/stm32_common_periph/gpio.o
                0x0000000008000920                gpio_set
 .text.gpio_clear
                0x0000000008000930       0x12 /home/clement/RIOT-master/tests/driver_sx127x/bin/b-l072z-lrwan1/stm32_common_periph/gpio.o
                0x0000000008000930                gpio_clear
 .text.gpio_write
                0x0000000008000942       0x12 /home/clement/RIOT-master/tests/driver_sx127x/bin/b-l072z-lrwan1/stm32_common_periph/gpio.o
                0x0000000008000942                gpio_write
 .text.gpio_init_int
                0x0000000008000954       0xac /home/clement/RIOT-master/tests/driver_sx127x/bin/b-l072z-lrwan1/stm32_common_periph/gpio.o
                0x0000000008000954                gpio_init_int
 .text.isr_exti
                0x0000000008000a00       0x44 /home/clement/RIOT-master/tests/driver_sx127x/bin/b-l072z-lrwan1/stm32_common_periph/gpio.o
                0x0000000008000a00                isr_exti
 .text._xtimer_lltimer_now
                0x0000000008000a44        0xa /home/clement/RIOT-master/tests/driver_sx127x/bin/b-l072z-lrwan1/xtimer/xtimer_core.o
 *fill*         0x0000000008000a4e        0x2 
 .text._xtimer_now
                0x0000000008000a50       0x18 /home/clement/RIOT-master/tests/driver_sx127x/bin/b-l072z-lrwan1/xtimer/xtimer_core.o
 .text._lltimer_set
                0x0000000008000a68       0x1c /home/clement/RIOT-master/tests/driver_sx127x/bin/b-l072z-lrwan1/xtimer/xtimer_core.o
 .text._add_timer_to_long_list.constprop.3
                0x0000000008000a84       0x2c /home/clement/RIOT-master/tests/driver_sx127x/bin/b-l072z-lrwan1/xtimer/xtimer_core.o
 .text._next_period
                0x0000000008000ab0       0xc4 /home/clement/RIOT-master/tests/driver_sx127x/bin/b-l072z-lrwan1/xtimer/xtimer_core.o
 .text._periph_timer_callback
                0x0000000008000b74       0xd8 /home/clement/RIOT-master/tests/driver_sx127x/bin/b-l072z-lrwan1/xtimer/xtimer_core.o
 .text._remove  0x0000000008000c4c       0x70 /home/clement/RIOT-master/tests/driver_sx127x/bin/b-l072z-lrwan1/xtimer/xtimer_core.o
 .text.xtimer_init
                0x0000000008000cbc       0x20 /home/clement/RIOT-master/tests/driver_sx127x/bin/b-l072z-lrwan1/xtimer/xtimer_core.o
                0x0000000008000cbc                xtimer_init
 .text._xtimer_set_absolute
                0x0000000008000cdc       0xd8 /home/clement/RIOT-master/tests/driver_sx127x/bin/b-l072z-lrwan1/xtimer/xtimer_core.o
                0x0000000008000cdc                _xtimer_set_absolute
 .text.xtimer_remove
                0x0000000008000db4       0x24 /home/clement/RIOT-master/tests/driver_sx127x/bin/b-l072z-lrwan1/xtimer/xtimer_core.o
                0x0000000008000db4                xtimer_remove
 .text._xtimer_set
                0x0000000008000dd8       0x3c /home/clement/RIOT-master/tests/driver_sx127x/bin/b-l072z-lrwan1/xtimer/xtimer_core.o
                0x0000000008000dd8                _xtimer_set
 .text._xtimer_set64
                0x0000000008000e14       0x60 /home/clement/RIOT-master/tests/driver_sx127x/bin/b-l072z-lrwan1/xtimer/xtimer_core.o
                0x0000000008000e14                _xtimer_set64
 .text.board_init
                0x0000000008000e74       0x40 /home/clement/RIOT-master/tests/driver_sx127x/bin/b-l072z-lrwan1/board/board.o
                0x0000000008000e74                board_init
 .text.panic_arch
                0x0000000008000eb4        0x2 /home/clement/RIOT-master/tests/driver_sx127x/bin/b-l072z-lrwan1/core/panic.o
                0x0000000008000eb4                panic_arch
 *fill*         0x0000000008000eb6        0x2 
 .text.core_panic
                0x0000000008000eb8       0x54 /home/clement/RIOT-master/tests/driver_sx127x/bin/b-l072z-lrwan1/core/panic.o
                0x0000000008000eb8                core_panic
 .text.main_trampoline
                0x0000000008000f0c       0x18 /home/clement/RIOT-master/tests/driver_sx127x/bin/b-l072z-lrwan1/core/kernel_init.o
 .text.idle_thread
                0x0000000008000f24        0x8 /home/clement/RIOT-master/tests/driver_sx127x/bin/b-l072z-lrwan1/core/kernel_init.o
 .text.kernel_init
                0x0000000008000f2c       0x58 /home/clement/RIOT-master/tests/driver_sx127x/bin/b-l072z-lrwan1/core/kernel_init.o
                0x0000000008000f2c                kernel_init
 .text.thread_add_to_list
                0x0000000008000f84       0x34 /home/clement/RIOT-master/tests/driver_sx127x/bin/b-l072z-lrwan1/core/thread.o
                0x0000000008000f84                thread_add_to_list
 .text.thread_measure_stack_free
                0x0000000008000fb8       0x10 /home/clement/RIOT-master/tests/driver_sx127x/bin/b-l072z-lrwan1/core/thread.o
                0x0000000008000fb8                thread_measure_stack_free
 .text.thread_create
                0x0000000008000fc8       0xe8 /home/clement/RIOT-master/tests/driver_sx127x/bin/b-l072z-lrwan1/core/thread.o
                0x0000000008000fc8                thread_create
 .text.isrpipe_write_one
                0x00000000080010b0       0x16 /home/clement/RIOT-master/tests/driver_sx127x/bin/b-l072z-lrwan1/isrpipe/isrpipe.o
                0x00000000080010b0                isrpipe_write_one
 .text.isrpipe_read
                0x00000000080010c6       0x24 /home/clement/RIOT-master/tests/driver_sx127x/bin/b-l072z-lrwan1/isrpipe/isrpipe.o
                0x00000000080010c6                isrpipe_read
 *fill*         0x00000000080010ea        0x2 
 .text.pm_set_lowest
                0x00000000080010ec       0x34 /home/clement/RIOT-master/tests/driver_sx127x/bin/b-l072z-lrwan1/pm_layered/pm.o
                0x00000000080010ec                pm_set_lowest
 .text.pm_block
                0x0000000008001120       0x30 /home/clement/RIOT-master/tests/driver_sx127x/bin/b-l072z-lrwan1/pm_layered/pm.o
                0x0000000008001120                pm_block
 .text.pm_unblock
                0x0000000008001150       0x30 /home/clement/RIOT-master/tests/driver_sx127x/bin/b-l072z-lrwan1/pm_layered/pm.o
                0x0000000008001150                pm_unblock
 .text.ps       0x0000000008001180       0xe8 /home/clement/RIOT-master/tests/driver_sx127x/bin/b-l072z-lrwan1/ps/ps.o
                0x0000000008001180                ps
 .text.cpu_init
                0x0000000008001268       0x1e /home/clement/RIOT-master/tests/driver_sx127x/bin/b-l072z-lrwan1/stm32_common/cpu_init.o
                0x0000000008001268                cpu_init
 *fill*         0x0000000008001286        0x2 
 .text.stmclk_init_sysclk
                0x0000000008001288       0xb4 /home/clement/RIOT-master/tests/driver_sx127x/bin/b-l072z-lrwan1/stm32_common/stmclk_l0l1.o
                0x0000000008001288                stmclk_init_sysclk
 .text.periph_apb_clk
                0x000000000800133c        0x8 /home/clement/RIOT-master/tests/driver_sx127x/bin/b-l072z-lrwan1/stm32_common/cpu_common.o
                0x000000000800133c                periph_apb_clk
 .text.periph_timer_clk
                0x0000000008001344       0x14 /home/clement/RIOT-master/tests/driver_sx127x/bin/b-l072z-lrwan1/stm32_common/cpu_common.o
                0x0000000008001344                periph_timer_clk
 .text.periph_clk_en
                0x0000000008001358       0x38 /home/clement/RIOT-master/tests/driver_sx127x/bin/b-l072z-lrwan1/stm32_common/cpu_common.o
                0x0000000008001358                periph_clk_en
 .text.periph_clk_dis
                0x0000000008001390       0x38 /home/clement/RIOT-master/tests/driver_sx127x/bin/b-l072z-lrwan1/stm32_common/cpu_common.o
                0x0000000008001390                periph_clk_dis
 .text.timer_set_absolute
                0x00000000080013c8       0x3c /home/clement/RIOT-master/tests/driver_sx127x/bin/b-l072z-lrwan1/stm32_common_periph/timer.o
                0x00000000080013c8                timer_set_absolute
 .text.timer_read
                0x0000000008001404       0x10 /home/clement/RIOT-master/tests/driver_sx127x/bin/b-l072z-lrwan1/stm32_common_periph/timer.o
                0x0000000008001404                timer_read
 .text.timer_start
                0x0000000008001414       0x14 /home/clement/RIOT-master/tests/driver_sx127x/bin/b-l072z-lrwan1/stm32_common_periph/timer.o
                0x0000000008001414                timer_start
 .text.timer_init
                0x0000000008001428       0x58 /home/clement/RIOT-master/tests/driver_sx127x/bin/b-l072z-lrwan1/stm32_common_periph/timer.o
                0x0000000008001428                timer_init
 .text.isr_tim2
                0x0000000008001480       0x44 /home/clement/RIOT-master/tests/driver_sx127x/bin/b-l072z-lrwan1/stm32_common_periph/timer.o
                0x0000000008001480                isr_tim2
 .text._pop     0x00000000080014c4       0x12 /home/clement/RIOT-master/tests/driver_sx127x/bin/b-l072z-lrwan1/tsrb/tsrb.o
 .text.tsrb_get
                0x00000000080014d6       0x28 /home/clement/RIOT-master/tests/driver_sx127x/bin/b-l072z-lrwan1/tsrb/tsrb.o
                0x00000000080014d6                tsrb_get
 .text.tsrb_add_one
                0x00000000080014fe       0x26 /home/clement/RIOT-master/tests/driver_sx127x/bin/b-l072z-lrwan1/tsrb/tsrb.o
                0x00000000080014fe                tsrb_add_one
 .text.periph_init
                0x0000000008001524       0x10 /home/clement/RIOT-master/tests/driver_sx127x/bin/b-l072z-lrwan1/periph_common/init.o
                0x0000000008001524                periph_init
 .text.reset_cmd
                0x0000000008001534       0x28 /home/clement/RIOT-master/tests/driver_sx127x/bin/b-l072z-lrwan1/application_tests_driver_sx127x/main.o
                0x0000000008001534                reset_cmd
 .text.lora_setup_cmd
                0x000000000800155c       0xe0 /home/clement/RIOT-master/tests/driver_sx127x/bin/b-l072z-lrwan1/application_tests_driver_sx127x/main.o
                0x000000000800155c                lora_setup_cmd
 .text.listen_cmd
                0x000000000800163c       0x50 /home/clement/RIOT-master/tests/driver_sx127x/bin/b-l072z-lrwan1/application_tests_driver_sx127x/main.o
                0x000000000800163c                listen_cmd
 .text.random_cmd
                0x000000000800168c       0x2c /home/clement/RIOT-master/tests/driver_sx127x/bin/b-l072z-lrwan1/application_tests_driver_sx127x/main.o
                0x000000000800168c                random_cmd
 .text.rx_timeout_cmd
                0x00000000080016b8       0x68 /home/clement/RIOT-master/tests/driver_sx127x/bin/b-l072z-lrwan1/application_tests_driver_sx127x/main.o
                0x00000000080016b8                rx_timeout_cmd
 .text.register_cmd
                0x0000000008001720      0x1a0 /home/clement/RIOT-master/tests/driver_sx127x/bin/b-l072z-lrwan1/application_tests_driver_sx127x/main.o
                0x0000000008001720                register_cmd
 .text.send_cmd
                0x00000000080018c0       0x6c /home/clement/RIOT-master/tests/driver_sx127x/bin/b-l072z-lrwan1/application_tests_driver_sx127x/main.o
                0x00000000080018c0                send_cmd
 .text._recv_thread
                0x000000000800192c       0x38 /home/clement/RIOT-master/tests/driver_sx127x/bin/b-l072z-lrwan1/application_tests_driver_sx127x/main.o
                0x000000000800192c                _recv_thread
 .text.channel_cmd
                0x0000000008001964       0x8c /home/clement/RIOT-master/tests/driver_sx127x/bin/b-l072z-lrwan1/application_tests_driver_sx127x/main.o
                0x0000000008001964                channel_cmd
 .text.syncword_cmd
                0x00000000080019f0       0x98 /home/clement/RIOT-master/tests/driver_sx127x/bin/b-l072z-lrwan1/application_tests_driver_sx127x/main.o
                0x00000000080019f0                syncword_cmd
 .text._event_cb
                0x0000000008001a88       0xc4 /home/clement/RIOT-master/tests/driver_sx127x/bin/b-l072z-lrwan1/application_tests_driver_sx127x/main.o
 .text.startup.main
                0x0000000008001b4c       0xd8 /home/clement/RIOT-master/tests/driver_sx127x/bin/b-l072z-lrwan1/application_tests_driver_sx127x/main.o
                0x0000000008001b4c                main
 .text.auto_init
                0x0000000008001c24        0x8 /home/clement/RIOT-master/tests/driver_sx127x/bin/b-l072z-lrwan1/auto_init/auto_init.o
                0x0000000008001c24                auto_init
 .text._mutex_lock
                0x0000000008001c2c       0x60 /home/clement/RIOT-master/tests/driver_sx127x/bin/b-l072z-lrwan1/core/mutex.o
                0x0000000008001c2c                _mutex_lock
 .text.mutex_unlock
                0x0000000008001c8c       0x4a /home/clement/RIOT-master/tests/driver_sx127x/bin/b-l072z-lrwan1/core/mutex.o
                0x0000000008001c8c                mutex_unlock
 *fill*         0x0000000008001cd6        0x2 
 .text._msg_receive
                0x0000000008001cd8      0x104 /home/clement/RIOT-master/tests/driver_sx127x/bin/b-l072z-lrwan1/core/msg.o
 .text.queue_msg
                0x0000000008001ddc       0x28 /home/clement/RIOT-master/tests/driver_sx127x/bin/b-l072z-lrwan1/core/msg.o
 .text._msg_send
                0x0000000008001e04       0xa8 /home/clement/RIOT-master/tests/driver_sx127x/bin/b-l072z-lrwan1/core/msg.o
 .text.msg_send_to_self
                0x0000000008001eac       0x30 /home/clement/RIOT-master/tests/driver_sx127x/bin/b-l072z-lrwan1/core/msg.o
                0x0000000008001eac                msg_send_to_self
 .text.msg_send_int
                0x0000000008001edc       0x44 /home/clement/RIOT-master/tests/driver_sx127x/bin/b-l072z-lrwan1/core/msg.o
                0x0000000008001edc                msg_send_int
 .text.msg_send
                0x0000000008001f20       0x40 /home/clement/RIOT-master/tests/driver_sx127x/bin/b-l072z-lrwan1/core/msg.o
                0x0000000008001f20                msg_send
 .text.msg_receive
                0x0000000008001f60        0xa /home/clement/RIOT-master/tests/driver_sx127x/bin/b-l072z-lrwan1/core/msg.o
                0x0000000008001f60                msg_receive
 *fill*         0x0000000008001f6a        0x2 
 .text.msg_init_queue
                0x0000000008001f6c       0x28 /home/clement/RIOT-master/tests/driver_sx127x/bin/b-l072z-lrwan1/core/msg.o
                0x0000000008001f6c                msg_init_queue
 .text.cortexm_init
                0x0000000008001f94       0x78 /home/clement/RIOT-master/tests/driver_sx127x/bin/b-l072z-lrwan1/cortexm_common/cortexm_init.o
                0x0000000008001f94                cortexm_init
 .text.fmt_hex_byte
                0x000000000800200c       0x42 /home/clement/RIOT-master/tests/driver_sx127x/bin/b-l072z-lrwan1/fmt/fmt.o
                0x000000000800200c                fmt_hex_byte
 *fill*         0x000000000800204e        0x2 
 .text.flush_if_needed
                0x0000000008002050       0x14 /home/clement/RIOT-master/tests/driver_sx127x/bin/b-l072z-lrwan1/shell/shell.o
 .text.shell_run_once
                0x0000000008002064      0x240 /home/clement/RIOT-master/tests/driver_sx127x/bin/b-l072z-lrwan1/shell/shell.o
                0x0000000008002064                shell_run_once
 .text._reboot_handler
                0x00000000080022a4        0xa /home/clement/RIOT-master/tests/driver_sx127x/bin/b-l072z-lrwan1/shell_commands/sc_sys.o
                0x00000000080022a4                _reboot_handler
 .text._ps_handler
                0x00000000080022ae        0xa /home/clement/RIOT-master/tests/driver_sx127x/bin/b-l072z-lrwan1/shell_commands/sc_ps.o
                0x00000000080022ae                _ps_handler
 .text.spi_init_pins
                0x00000000080022b8       0x48 /home/clement/RIOT-master/tests/driver_sx127x/bin/b-l072z-lrwan1/stm32_common_periph/spi.o
                0x00000000080022b8                spi_init_pins
 .text.spi_init
                0x0000000008002300       0x50 /home/clement/RIOT-master/tests/driver_sx127x/bin/b-l072z-lrwan1/stm32_common_periph/spi.o
                0x0000000008002300                spi_init
 .text.spi_init_cs
                0x0000000008002350       0x60 /home/clement/RIOT-master/tests/driver_sx127x/bin/b-l072z-lrwan1/stm32_common_periph/spi.o
                0x0000000008002350                spi_init_cs
 .text.spi_init_with_gpio_mode
                0x00000000080023b0       0x70 /home/clement/RIOT-master/tests/driver_sx127x/bin/b-l072z-lrwan1/stm32_common_periph/spi.o
                0x00000000080023b0                spi_init_with_gpio_mode
 .text.spi_acquire
                0x0000000008002420       0x74 /home/clement/RIOT-master/tests/driver_sx127x/bin/b-l072z-lrwan1/stm32_common_periph/spi.o
                0x0000000008002420                spi_acquire
 .text.spi_release
                0x0000000008002494       0x3c /home/clement/RIOT-master/tests/driver_sx127x/bin/b-l072z-lrwan1/stm32_common_periph/spi.o
                0x0000000008002494                spi_release
 .text.spi_transfer_bytes
                0x00000000080024d0       0xf8 /home/clement/RIOT-master/tests/driver_sx127x/bin/b-l072z-lrwan1/stm32_common_periph/spi.o
                0x00000000080024d0                spi_transfer_bytes
 .text.sx127x_reg_write_burst
                0x00000000080025c8       0x46 /home/clement/RIOT-master/tests/driver_sx127x/bin/b-l072z-lrwan1/sx127x/sx127x_internal.o
                0x00000000080025c8                sx127x_reg_write_burst
 .text.sx127x_reg_write
                0x000000000800260e       0x12 /home/clement/RIOT-master/tests/driver_sx127x/bin/b-l072z-lrwan1/sx127x/sx127x_internal.o
                0x000000000800260e                sx127x_reg_write
 .text.sx127x_reg_read_burst
                0x0000000008002620       0x46 /home/clement/RIOT-master/tests/driver_sx127x/bin/b-l072z-lrwan1/sx127x/sx127x_internal.o
                0x0000000008002620                sx127x_reg_read_burst
 .text.sx127x_reg_read
                0x0000000008002666       0x12 /home/clement/RIOT-master/tests/driver_sx127x/bin/b-l072z-lrwan1/sx127x/sx127x_internal.o
                0x0000000008002666                sx127x_reg_read
 .text.sx127x_check_version
                0x0000000008002678       0x12 /home/clement/RIOT-master/tests/driver_sx127x/bin/b-l072z-lrwan1/sx127x/sx127x_internal.o
                0x0000000008002678                sx127x_check_version
 .text.sx127x_write_fifo
                0x000000000800268a        0xe /home/clement/RIOT-master/tests/driver_sx127x/bin/b-l072z-lrwan1/sx127x/sx127x_internal.o
                0x000000000800268a                sx127x_write_fifo
 .text.sx127x_read_fifo
                0x0000000008002698        0xe /home/clement/RIOT-master/tests/driver_sx127x/bin/b-l072z-lrwan1/sx127x/sx127x_internal.o
                0x0000000008002698                sx127x_read_fifo
 *fill*         0x00000000080026a6        0x2 
 .text.sx1276_rx_chain_calibration
                0x00000000080026a8       0xb8 /home/clement/RIOT-master/tests/driver_sx127x/bin/b-l072z-lrwan1/sx127x/sx127x_internal.o
                0x00000000080026a8                sx1276_rx_chain_calibration
 .text._low_datarate_optimize
                0x0000000008002760       0x4a /home/clement/RIOT-master/tests/driver_sx127x/bin/b-l072z-lrwan1/sx127x/sx127x_getset.o
 .text.sx127x_get_state
                0x00000000080027aa        0x4 /home/clement/RIOT-master/tests/driver_sx127x/bin/b-l072z-lrwan1/sx127x/sx127x_getset.o
                0x00000000080027aa                sx127x_get_state
 .text.sx127x_set_state
                0x00000000080027ae        0x4 /home/clement/RIOT-master/tests/driver_sx127x/bin/b-l072z-lrwan1/sx127x/sx127x_getset.o
                0x00000000080027ae                sx127x_set_state
 .text.sx127x_get_syncword
                0x00000000080027b2        0xa /home/clement/RIOT-master/tests/driver_sx127x/bin/b-l072z-lrwan1/sx127x/sx127x_getset.o
                0x00000000080027b2                sx127x_get_syncword
 .text.sx127x_set_syncword
                0x00000000080027bc        0xc /home/clement/RIOT-master/tests/driver_sx127x/bin/b-l072z-lrwan1/sx127x/sx127x_getset.o
                0x00000000080027bc                sx127x_set_syncword
 .text.sx127x_get_channel
                0x00000000080027c8       0x3c /home/clement/RIOT-master/tests/driver_sx127x/bin/b-l072z-lrwan1/sx127x/sx127x_getset.o
                0x00000000080027c8                sx127x_get_channel
 .text.sx127x_set_channel
                0x0000000008002804       0x44 /home/clement/RIOT-master/tests/driver_sx127x/bin/b-l072z-lrwan1/sx127x/sx127x_getset.o
                0x0000000008002804                sx127x_set_channel
 .text.sx127x_get_time_on_air
                0x0000000008002848      0x140 /home/clement/RIOT-master/tests/driver_sx127x/bin/b-l072z-lrwan1/sx127x/sx127x_getset.o
                0x0000000008002848                sx127x_get_time_on_air
 .text.sx127x_get_max_payload_len
                0x0000000008002988       0x1c /home/clement/RIOT-master/tests/driver_sx127x/bin/b-l072z-lrwan1/sx127x/sx127x_getset.o
                0x0000000008002988                sx127x_get_max_payload_len
 .text.sx127x_set_max_payload_len
                0x00000000080029a4       0x1c /home/clement/RIOT-master/tests/driver_sx127x/bin/b-l072z-lrwan1/sx127x/sx127x_getset.o
                0x00000000080029a4                sx127x_set_max_payload_len
 .text.sx127x_get_op_mode
                0x00000000080029c0        0xe /home/clement/RIOT-master/tests/driver_sx127x/bin/b-l072z-lrwan1/sx127x/sx127x_getset.o
                0x00000000080029c0                sx127x_get_op_mode
 .text.sx127x_set_op_mode
                0x00000000080029ce       0x20 /home/clement/RIOT-master/tests/driver_sx127x/bin/b-l072z-lrwan1/sx127x/sx127x_getset.o
                0x00000000080029ce                sx127x_set_op_mode
 .text.sx127x_set_modem
                0x00000000080029ee       0x5a /home/clement/RIOT-master/tests/driver_sx127x/bin/b-l072z-lrwan1/sx127x/sx127x_getset.o
                0x00000000080029ee                sx127x_set_modem
 .text.sx127x_set_sleep
                0x0000000008002a48       0x20 /home/clement/RIOT-master/tests/driver_sx127x/bin/b-l072z-lrwan1/sx127x/sx127x_getset.o
                0x0000000008002a48                sx127x_set_sleep
 .text.sx127x_set_standby
                0x0000000008002a68       0x20 /home/clement/RIOT-master/tests/driver_sx127x/bin/b-l072z-lrwan1/sx127x/sx127x_getset.o
                0x0000000008002a68                sx127x_set_standby
 .text.sx127x_set_rx
                0x0000000008002a88       0xfc /home/clement/RIOT-master/tests/driver_sx127x/bin/b-l072z-lrwan1/sx127x/sx127x_getset.o
                0x0000000008002a88                sx127x_set_rx
 .text.sx127x_set_tx
                0x0000000008002b84       0x5e /home/clement/RIOT-master/tests/driver_sx127x/bin/b-l072z-lrwan1/sx127x/sx127x_getset.o
                0x0000000008002b84                sx127x_set_tx
 .text.sx127x_get_bandwidth
                0x0000000008002be2        0x4 /home/clement/RIOT-master/tests/driver_sx127x/bin/b-l072z-lrwan1/sx127x/sx127x_getset.o
                0x0000000008002be2                sx127x_get_bandwidth
 *fill*         0x0000000008002be6        0x2 
 .text.sx127x_set_bandwidth
                0x0000000008002be8       0x74 /home/clement/RIOT-master/tests/driver_sx127x/bin/b-l072z-lrwan1/sx127x/sx127x_getset.o
                0x0000000008002be8                sx127x_set_bandwidth
 .text.sx127x_get_spreading_factor
                0x0000000008002c5c        0x4 /home/clement/RIOT-master/tests/driver_sx127x/bin/b-l072z-lrwan1/sx127x/sx127x_getset.o
                0x0000000008002c5c                sx127x_get_spreading_factor
 .text.sx127x_set_spreading_factor
                0x0000000008002c60       0x5c /home/clement/RIOT-master/tests/driver_sx127x/bin/b-l072z-lrwan1/sx127x/sx127x_getset.o
                0x0000000008002c60                sx127x_set_spreading_factor
 .text.sx127x_get_coding_rate
                0x0000000008002cbc        0x4 /home/clement/RIOT-master/tests/driver_sx127x/bin/b-l072z-lrwan1/sx127x/sx127x_getset.o
                0x0000000008002cbc                sx127x_get_coding_rate
 .text.sx127x_set_coding_rate
                0x0000000008002cc0       0x24 /home/clement/RIOT-master/tests/driver_sx127x/bin/b-l072z-lrwan1/sx127x/sx127x_getset.o
                0x0000000008002cc0                sx127x_set_coding_rate
 .text.sx127x_get_rx_single
                0x0000000008002ce4        0xa /home/clement/RIOT-master/tests/driver_sx127x/bin/b-l072z-lrwan1/sx127x/sx127x_getset.o
                0x0000000008002ce4                sx127x_get_rx_single
 .text.sx127x_set_rx_single
                0x0000000008002cee       0x12 /home/clement/RIOT-master/tests/driver_sx127x/bin/b-l072z-lrwan1/sx127x/sx127x_getset.o
                0x0000000008002cee                sx127x_set_rx_single
 .text.sx127x_get_crc
                0x0000000008002d00       0x14 /home/clement/RIOT-master/tests/driver_sx127x/bin/b-l072z-lrwan1/sx127x/sx127x_getset.o
                0x0000000008002d00                sx127x_get_crc
 .text.sx127x_set_crc
                0x0000000008002d14       0x34 /home/clement/RIOT-master/tests/driver_sx127x/bin/b-l072z-lrwan1/sx127x/sx127x_getset.o
                0x0000000008002d14                sx127x_set_crc
 .text.sx127x_get_hop_period
                0x0000000008002d48        0xa /home/clement/RIOT-master/tests/driver_sx127x/bin/b-l072z-lrwan1/sx127x/sx127x_getset.o
                0x0000000008002d48                sx127x_get_hop_period
 .text.sx127x_set_hop_period
                0x0000000008002d52       0x30 /home/clement/RIOT-master/tests/driver_sx127x/bin/b-l072z-lrwan1/sx127x/sx127x_getset.o
                0x0000000008002d52                sx127x_set_hop_period
 .text.sx127x_get_fixed_header_len_mode
                0x0000000008002d82        0x8 /home/clement/RIOT-master/tests/driver_sx127x/bin/b-l072z-lrwan1/sx127x/sx127x_getset.o
                0x0000000008002d82                sx127x_get_fixed_header_len_mode
 .text.sx127x_set_fixed_header_len_mode
                0x0000000008002d8a       0x2e /home/clement/RIOT-master/tests/driver_sx127x/bin/b-l072z-lrwan1/sx127x/sx127x_getset.o
                0x0000000008002d8a                sx127x_set_fixed_header_len_mode
 .text.sx127x_set_payload_length
                0x0000000008002db8        0xc /home/clement/RIOT-master/tests/driver_sx127x/bin/b-l072z-lrwan1/sx127x/sx127x_getset.o
                0x0000000008002db8                sx127x_set_payload_length
 .text.sx127x_get_tx_power
                0x0000000008002dc4        0x4 /home/clement/RIOT-master/tests/driver_sx127x/bin/b-l072z-lrwan1/sx127x/sx127x_getset.o
                0x0000000008002dc4                sx127x_get_tx_power
 .text.sx127x_set_tx_power
                0x0000000008002dc8       0xb8 /home/clement/RIOT-master/tests/driver_sx127x/bin/b-l072z-lrwan1/sx127x/sx127x_getset.o
                0x0000000008002dc8                sx127x_set_tx_power
 .text.sx127x_set_preamble_length
                0x0000000008002e80       0x1c /home/clement/RIOT-master/tests/driver_sx127x/bin/b-l072z-lrwan1/sx127x/sx127x_getset.o
                0x0000000008002e80                sx127x_set_preamble_length
 .text.sx127x_set_rx_timeout
                0x0000000008002e9c        0x4 /home/clement/RIOT-master/tests/driver_sx127x/bin/b-l072z-lrwan1/sx127x/sx127x_getset.o
                0x0000000008002e9c                sx127x_set_rx_timeout
 .text.sx127x_set_tx_timeout
                0x0000000008002ea0        0x4 /home/clement/RIOT-master/tests/driver_sx127x/bin/b-l072z-lrwan1/sx127x/sx127x_getset.o
                0x0000000008002ea0                sx127x_set_tx_timeout
 .text.sx127x_set_symbol_timeout
                0x0000000008002ea4       0x2c /home/clement/RIOT-master/tests/driver_sx127x/bin/b-l072z-lrwan1/sx127x/sx127x_getset.o
                0x0000000008002ea4                sx127x_set_symbol_timeout
 .text.sx127x_get_iq_invert
                0x0000000008002ed0        0x8 /home/clement/RIOT-master/tests/driver_sx127x/bin/b-l072z-lrwan1/sx127x/sx127x_getset.o
                0x0000000008002ed0                sx127x_get_iq_invert
 .text.sx127x_set_iq_invert
                0x0000000008002ed8       0x46 /home/clement/RIOT-master/tests/driver_sx127x/bin/b-l072z-lrwan1/sx127x/sx127x_getset.o
                0x0000000008002ed8                sx127x_set_iq_invert
 .text.sx127x_set_freq_hop
                0x0000000008002f1e       0x12 /home/clement/RIOT-master/tests/driver_sx127x/bin/b-l072z-lrwan1/sx127x/sx127x_getset.o
                0x0000000008002f1e                sx127x_set_freq_hop
 .text._set     0x0000000008002f30      0x1fc /home/clement/RIOT-master/tests/driver_sx127x/bin/b-l072z-lrwan1/sx127x/sx127x_netdev.o
 .text._get     0x000000000800312c      0x150 /home/clement/RIOT-master/tests/driver_sx127x/bin/b-l072z-lrwan1/sx127x/sx127x_netdev.o
 .text._init    0x000000000800327c       0x38 /home/clement/RIOT-master/tests/driver_sx127x/bin/b-l072z-lrwan1/sx127x/sx127x_netdev.o
 .text._recv    0x00000000080032b4      0x118 /home/clement/RIOT-master/tests/driver_sx127x/bin/b-l072z-lrwan1/sx127x/sx127x_netdev.o
 .text._send    0x00000000080033cc       0x8a /home/clement/RIOT-master/tests/driver_sx127x/bin/b-l072z-lrwan1/sx127x/sx127x_netdev.o
 .text._on_dio0_irq
                0x0000000008003456       0x3e /home/clement/RIOT-master/tests/driver_sx127x/bin/b-l072z-lrwan1/sx127x/sx127x_netdev.o
                0x0000000008003456                _on_dio0_irq
 .text._on_dio1_irq
                0x0000000008003494       0x44 /home/clement/RIOT-master/tests/driver_sx127x/bin/b-l072z-lrwan1/sx127x/sx127x_netdev.o
                0x0000000008003494                _on_dio1_irq
 .text._on_dio2_irq
                0x00000000080034d8       0x58 /home/clement/RIOT-master/tests/driver_sx127x/bin/b-l072z-lrwan1/sx127x/sx127x_netdev.o
                0x00000000080034d8                _on_dio2_irq
 .text._on_dio3_irq
                0x0000000008003530       0x5c /home/clement/RIOT-master/tests/driver_sx127x/bin/b-l072z-lrwan1/sx127x/sx127x_netdev.o
                0x0000000008003530                _on_dio3_irq
 .text._isr     0x000000000800358c       0x3a /home/clement/RIOT-master/tests/driver_sx127x/bin/b-l072z-lrwan1/sx127x/sx127x_netdev.o
 .text._on_tx_timeout
                0x00000000080035c6        0xa /home/clement/RIOT-master/tests/driver_sx127x/bin/b-l072z-lrwan1/sx127x/sx127x.o
 .text._on_rx_timeout
                0x00000000080035d0        0xa /home/clement/RIOT-master/tests/driver_sx127x/bin/b-l072z-lrwan1/sx127x/sx127x.o
 *fill*         0x00000000080035da        0x2 
 .text.sx127x_reset
                0x00000000080035dc       0x38 /home/clement/RIOT-master/tests/driver_sx127x/bin/b-l072z-lrwan1/sx127x/sx127x.o
                0x00000000080035dc                sx127x_reset
 .text.sx127x_init
                0x0000000008003614      0x100 /home/clement/RIOT-master/tests/driver_sx127x/bin/b-l072z-lrwan1/sx127x/sx127x.o
                0x0000000008003614                sx127x_init
 .text.sx127x_init_radio_settings
                0x0000000008003714       0x8c /home/clement/RIOT-master/tests/driver_sx127x/bin/b-l072z-lrwan1/sx127x/sx127x.o
                0x0000000008003714                sx127x_init_radio_settings
 .text.sx127x_random
                0x00000000080037a0       0x4c /home/clement/RIOT-master/tests/driver_sx127x/bin/b-l072z-lrwan1/sx127x/sx127x.o
                0x00000000080037a0                sx127x_random
 .text.sx127x_isr
                0x00000000080037ec        0xe /home/clement/RIOT-master/tests/driver_sx127x/bin/b-l072z-lrwan1/sx127x/sx127x.o
                0x00000000080037ec                sx127x_isr
 .text.sx127x_on_dio2_isr
                0x00000000080037fa       0x14 /home/clement/RIOT-master/tests/driver_sx127x/bin/b-l072z-lrwan1/sx127x/sx127x.o
 .text.sx127x_on_dio0_isr
                0x000000000800380e       0x14 /home/clement/RIOT-master/tests/driver_sx127x/bin/b-l072z-lrwan1/sx127x/sx127x.o
 .text.sx127x_on_dio3_isr
                0x0000000008003822       0x14 /home/clement/RIOT-master/tests/driver_sx127x/bin/b-l072z-lrwan1/sx127x/sx127x.o
 .text.sx127x_on_dio1_isr
                0x0000000008003836       0x14 /home/clement/RIOT-master/tests/driver_sx127x/bin/b-l072z-lrwan1/sx127x/sx127x.o
 .text._callback_unlock_mutex
                0x000000000800384a        0x8 /home/clement/RIOT-master/tests/driver_sx127x/bin/b-l072z-lrwan1/xtimer/xtimer.o
 .text._xtimer_spin
                0x0000000008003852       0x1e /home/clement/RIOT-master/tests/driver_sx127x/bin/b-l072z-lrwan1/xtimer/xtimer.o
 .text._xtimer_tsleep
                0x0000000008003870       0x58 /home/clement/RIOT-master/tests/driver_sx127x/bin/b-l072z-lrwan1/xtimer/xtimer.o
                0x0000000008003870                _xtimer_tsleep
 .text.spi_transfer_regs
                0x00000000080038c8       0x34 /home/clement/RIOT-master/tests/driver_sx127x/bin/b-l072z-lrwan1/periph_common/spi.o
                0x00000000080038c8                spi_transfer_regs
 .text.ceil     0x00000000080038fc      0x128 /usr/bin/../lib/gcc/arm-none-eabi/7.3.1/../../../../arm-none-eabi/lib/thumb/v6-m/libm.a(lib_a-s_ceil.o)
                0x00000000080038fc                ceil
 .text.floor    0x0000000008003a24      0x138 /usr/bin/../lib/gcc/arm-none-eabi/7.3.1/../../../../arm-none-eabi/lib/thumb/v6-m/libm.a(lib_a-s_floor.o)
                0x0000000008003a24                floor
 .text.pm_reboot
                0x0000000008003b5c       0x1c /home/clement/RIOT-master/tests/driver_sx127x/bin/b-l072z-lrwan1/cortexm_common_periph/pm.o
                0x0000000008003b5c                pm_reboot
 .text.iolist_size
                0x0000000008003b78       0x12 /home/clement/RIOT-master/tests/driver_sx127x/bin/b-l072z-lrwan1/iolist/iolist.o
                0x0000000008003b78                iolist_size
 *fill*         0x0000000008003b8a        0x2 
 .text          0x0000000008003b8c       0x14 /usr/bin/../lib/gcc/arm-none-eabi/7.3.1/thumb/v6-m/libgcc.a(_thumb1_case_uqi.o)
                0x0000000008003b8c                __gnu_thumb1_case_uqi
 .text          0x0000000008003ba0      0x114 /usr/bin/../lib/gcc/arm-none-eabi/7.3.1/thumb/v6-m/libgcc.a(_udivsi3.o)
                0x0000000008003ba0                __udivsi3
                0x0000000008003ba0                __aeabi_uidiv
                0x0000000008003cac                __aeabi_uidivmod
 .text          0x0000000008003cb4        0x4 /usr/bin/../lib/gcc/arm-none-eabi/7.3.1/thumb/v6-m/libgcc.a(_dvmd_tls.o)
                0x0000000008003cb4                __aeabi_ldiv0
                0x0000000008003cb4                __aeabi_idiv0
 .text          0x0000000008003cb8       0x7c /usr/bin/../lib/gcc/arm-none-eabi/7.3.1/thumb/v6-m/libgcc.a(_arm_cmpdf2.o)
                0x0000000008003cb8                __aeabi_cdrcmple
                0x0000000008003cc8                __aeabi_cdcmple
                0x0000000008003cc8                __aeabi_cdcmpeq
                0x0000000008003cd8                __aeabi_dcmpeq
                0x0000000008003ce4                __aeabi_dcmplt
                0x0000000008003cf8                __aeabi_dcmple
                0x0000000008003d0c                __aeabi_dcmpgt
                0x0000000008003d20                __aeabi_dcmpge
 .text          0x0000000008003d34       0x3c /usr/bin/../lib/gcc/arm-none-eabi/7.3.1/thumb/v6-m/libgcc.a(_fixunsdfsi.o)
                0x0000000008003d34                __fixunsdfsi
                0x0000000008003d34                __aeabi_d2uiz
 .text          0x0000000008003d70      0x638 /usr/bin/../lib/gcc/arm-none-eabi/7.3.1/thumb/v6-m/libgcc.a(adddf3.o)
                0x0000000008003d70                __aeabi_dadd
 .text          0x00000000080043a8      0x604 /usr/bin/../lib/gcc/arm-none-eabi/7.3.1/thumb/v6-m/libgcc.a(divdf3.o)
                0x00000000080043a8                __aeabi_ddiv
 .text          0x00000000080049ac       0x78 /usr/bin/../lib/gcc/arm-none-eabi/7.3.1/thumb/v6-m/libgcc.a(eqdf2.o)
                0x00000000080049ac                __eqdf2
                0x00000000080049ac                __nedf2
 .text          0x0000000008004a24       0xc8 /usr/bin/../lib/gcc/arm-none-eabi/7.3.1/thumb/v6-m/libgcc.a(gedf2.o)
                0x0000000008004a24                __gtdf2
                0x0000000008004a24                __gedf2
 .text          0x0000000008004aec       0xd0 /usr/bin/../lib/gcc/arm-none-eabi/7.3.1/thumb/v6-m/libgcc.a(ledf2.o)
                0x0000000008004aec                __ltdf2
                0x0000000008004aec                __ledf2
 .text          0x0000000008004bbc      0x4e4 /usr/bin/../lib/gcc/arm-none-eabi/7.3.1/thumb/v6-m/libgcc.a(muldf3.o)
                0x0000000008004bbc                __aeabi_dmul
 .text          0x00000000080050a0      0x690 /usr/bin/../lib/gcc/arm-none-eabi/7.3.1/thumb/v6-m/libgcc.a(subdf3.o)
                0x00000000080050a0                __aeabi_dsub
 .text          0x0000000008005730       0x6c /usr/bin/../lib/gcc/arm-none-eabi/7.3.1/thumb/v6-m/libgcc.a(fixdfsi.o)
                0x0000000008005730                __aeabi_d2iz
 .text          0x000000000800579c       0x74 /usr/bin/../lib/gcc/arm-none-eabi/7.3.1/thumb/v6-m/libgcc.a(floatsidf.o)
                0x000000000800579c                __aeabi_i2d
 .text          0x0000000008005810       0x64 /usr/bin/../lib/gcc/arm-none-eabi/7.3.1/thumb/v6-m/libgcc.a(floatunsidf.o)
                0x0000000008005810                __aeabi_ui2d
 .text          0x0000000008005874       0x3c /usr/bin/../lib/gcc/arm-none-eabi/7.3.1/thumb/v6-m/libgcc.a(_clzsi2.o)
                0x0000000008005874                __clzsi2
 .text.atoi     0x00000000080058b0        0xc /usr/bin/../lib/gcc/arm-none-eabi/7.3.1/../../../../arm-none-eabi/lib/thumb/v6-m/libc_nano.a(lib_a-atoi.o)
                0x00000000080058b0                atoi
 .text.__sflush_r
                0x00000000080058bc      0x114 /usr/bin/../lib/gcc/arm-none-eabi/7.3.1/../../../../arm-none-eabi/lib/thumb/v6-m/libc_nano.a(lib_a-fflush.o)
                0x00000000080058bc                __sflush_r
 .text._fflush_r
                0x00000000080059d0       0x58 /usr/bin/../lib/gcc/arm-none-eabi/7.3.1/../../../../arm-none-eabi/lib/thumb/v6-m/libc_nano.a(lib_a-fflush.o)
                0x00000000080059d0                _fflush_r
 .text.fflush   0x0000000008005a28       0x28 /usr/bin/../lib/gcc/arm-none-eabi/7.3.1/../../../../arm-none-eabi/lib/thumb/v6-m/libc_nano.a(lib_a-fflush.o)
                0x0000000008005a28                fflush
 .text.std      0x0000000008005a50       0x48 /usr/bin/../lib/gcc/arm-none-eabi/7.3.1/../../../../arm-none-eabi/lib/thumb/v6-m/libc_nano.a(lib_a-findfp.o)
 .text._cleanup_r
                0x0000000008005a98       0x10 /usr/bin/../lib/gcc/arm-none-eabi/7.3.1/../../../../arm-none-eabi/lib/thumb/v6-m/libc_nano.a(lib_a-findfp.o)
                0x0000000008005a98                _cleanup_r
 .text.__sfmoreglue
                0x0000000008005aa8       0x2c /usr/bin/../lib/gcc/arm-none-eabi/7.3.1/../../../../arm-none-eabi/lib/thumb/v6-m/libc_nano.a(lib_a-findfp.o)
                0x0000000008005aa8                __sfmoreglue
 .text.__sinit  0x0000000008005ad4       0x68 /usr/bin/../lib/gcc/arm-none-eabi/7.3.1/../../../../arm-none-eabi/lib/thumb/v6-m/libc_nano.a(lib_a-findfp.o)
                0x0000000008005ad4                __sinit
 .text.__sfp    0x0000000008005b3c       0x7c /usr/bin/../lib/gcc/arm-none-eabi/7.3.1/../../../../arm-none-eabi/lib/thumb/v6-m/libc_nano.a(lib_a-findfp.o)
                0x0000000008005b3c                __sfp
 .text._fwalk   0x0000000008005bb8       0x38 /usr/bin/../lib/gcc/arm-none-eabi/7.3.1/../../../../arm-none-eabi/lib/thumb/v6-m/libc_nano.a(lib_a-fwalk.o)
                0x0000000008005bb8                _fwalk
 .text._fwalk_reent
                0x0000000008005bf0       0x42 /usr/bin/../lib/gcc/arm-none-eabi/7.3.1/../../../../arm-none-eabi/lib/thumb/v6-m/libc_nano.a(lib_a-fwalk.o)
                0x0000000008005bf0                _fwalk_reent
 *fill*         0x0000000008005c32        0x2 
 .text.getchar  0x0000000008005c34       0x24 /usr/bin/../lib/gcc/arm-none-eabi/7.3.1/../../../../arm-none-eabi/lib/thumb/v6-m/libc_nano.a(lib_a-getchar.o)
                0x0000000008005c34                getchar
 .text.__libc_init_array
                0x0000000008005c58       0x48 /usr/bin/../lib/gcc/arm-none-eabi/7.3.1/../../../../arm-none-eabi/lib/thumb/v6-m/libc_nano.a(lib_a-init.o)
                0x0000000008005c58                __libc_init_array
 .text.memcpy   0x0000000008005ca0       0x12 /usr/bin/../lib/gcc/arm-none-eabi/7.3.1/../../../../arm-none-eabi/lib/thumb/v6-m/libc_nano.a(lib_a-memcpy-stub.o)
                0x0000000008005ca0                memcpy
 .text.memset   0x0000000008005cb2       0x10 /usr/bin/../lib/gcc/arm-none-eabi/7.3.1/../../../../arm-none-eabi/lib/thumb/v6-m/libc_nano.a(lib_a-memset.o)
                0x0000000008005cb2                memset
 *fill*         0x0000000008005cc2        0x2 
 .text._free_r  0x0000000008005cc4       0x94 /usr/bin/../lib/gcc/arm-none-eabi/7.3.1/../../../../arm-none-eabi/lib/thumb/v6-m/libc_nano.a(lib_a-nano-freer.o)
                0x0000000008005cc4                _free_r
 .text._malloc_r
                0x0000000008005d58       0xbc /usr/bin/../lib/gcc/arm-none-eabi/7.3.1/../../../../arm-none-eabi/lib/thumb/v6-m/libc_nano.a(lib_a-nano-mallocr.o)
                0x0000000008005d58                _malloc_r
 .text.printf   0x0000000008005e14       0x34 /usr/bin/../lib/gcc/arm-none-eabi/7.3.1/../../../../arm-none-eabi/lib/thumb/v6-m/libc_nano.a(lib_a-printf.o)
                0x0000000008005e14                printf
                0x0000000008005e14                iprintf
 .text.putchar  0x0000000008005e48       0x28 /usr/bin/../lib/gcc/arm-none-eabi/7.3.1/../../../../arm-none-eabi/lib/thumb/v6-m/libc_nano.a(lib_a-putchar.o)
                0x0000000008005e48                putchar
 .text._puts_r  0x0000000008005e70       0xc0 /usr/bin/../lib/gcc/arm-none-eabi/7.3.1/../../../../arm-none-eabi/lib/thumb/v6-m/libc_nano.a(lib_a-puts.o)
                0x0000000008005e70                _puts_r
 .text.puts     0x0000000008005f30       0x14 /usr/bin/../lib/gcc/arm-none-eabi/7.3.1/../../../../arm-none-eabi/lib/thumb/v6-m/libc_nano.a(lib_a-puts.o)
                0x0000000008005f30                puts
 .text.__sread  0x0000000008005f44       0x28 /usr/bin/../lib/gcc/arm-none-eabi/7.3.1/../../../../arm-none-eabi/lib/thumb/v6-m/libc_nano.a(lib_a-stdio.o)
                0x0000000008005f44                __sread
 .text.__swrite
                0x0000000008005f6c       0x38 /usr/bin/../lib/gcc/arm-none-eabi/7.3.1/../../../../arm-none-eabi/lib/thumb/v6-m/libc_nano.a(lib_a-stdio.o)
                0x0000000008005f6c                __swrite
 .text.__sseek  0x0000000008005fa4       0x2c /usr/bin/../lib/gcc/arm-none-eabi/7.3.1/../../../../arm-none-eabi/lib/thumb/v6-m/libc_nano.a(lib_a-stdio.o)
                0x0000000008005fa4                __sseek
 .text.__sclose
                0x0000000008005fd0        0xc /usr/bin/../lib/gcc/arm-none-eabi/7.3.1/../../../../arm-none-eabi/lib/thumb/v6-m/libc_nano.a(lib_a-stdio.o)
                0x0000000008005fd0                __sclose
 .text          0x0000000008005fdc       0x14 /usr/bin/../lib/gcc/arm-none-eabi/7.3.1/../../../../arm-none-eabi/lib/thumb/v6-m/libc_nano.a(lib_a-strcmp.o)
                0x0000000008005fdc                strcmp
 .text          0x0000000008005ff0        0xe /usr/bin/../lib/gcc/arm-none-eabi/7.3.1/../../../../arm-none-eabi/lib/thumb/v6-m/libc_nano.a(lib_a-strlen.o)
                0x0000000008005ff0                strlen
 .text.strstr   0x0000000008005ffe       0x32 /usr/bin/../lib/gcc/arm-none-eabi/7.3.1/../../../../arm-none-eabi/lib/thumb/v6-m/libc_nano.a(lib_a-strstr.o)
                0x0000000008005ffe                strstr
 .text._strtol_l.isra.0
                0x0000000008006030      0x104 /usr/bin/../lib/gcc/arm-none-eabi/7.3.1/../../../../arm-none-eabi/lib/thumb/v6-m/libc_nano.a(lib_a-strtol.o)
 .text.strtol   0x0000000008006134       0x28 /usr/bin/../lib/gcc/arm-none-eabi/7.3.1/../../../../arm-none-eabi/lib/thumb/v6-m/libc_nano.a(lib_a-strtol.o)
                0x0000000008006134                strtol
 .text.__swbuf_r
                0x000000000800615c       0xac /usr/bin/../lib/gcc/arm-none-eabi/7.3.1/../../../../arm-none-eabi/lib/thumb/v6-m/libc_nano.a(lib_a-wbuf.o)
                0x000000000800615c                __swbuf_r
 .text.__swsetup_r
                0x0000000008006208       0xec /usr/bin/../lib/gcc/arm-none-eabi/7.3.1/../../../../arm-none-eabi/lib/thumb/v6-m/libc_nano.a(lib_a-wsetup.o)
                0x0000000008006208                __swsetup_r
 .text._getc_r  0x00000000080062f4       0x5c /usr/bin/../lib/gcc/arm-none-eabi/7.3.1/../../../../arm-none-eabi/lib/thumb/v6-m/libc_nano.a(lib_a-getc.o)
                0x00000000080062f4                _getc_r
 .text.__locale_ctype_ptr_l
                0x0000000008006350        0x6 /usr/bin/../lib/gcc/arm-none-eabi/7.3.1/../../../../arm-none-eabi/lib/thumb/v6-m/libc_nano.a(lib_a-locale.o)
                0x0000000008006350                __locale_ctype_ptr_l
 *fill*         0x0000000008006356        0x2 
 .text.__swhatbuf_r
                0x0000000008006358       0x50 /usr/bin/../lib/gcc/arm-none-eabi/7.3.1/../../../../arm-none-eabi/lib/thumb/v6-m/libc_nano.a(lib_a-makebuf.o)
                0x0000000008006358                __swhatbuf_r
 .text.__smakebuf_r
                0x00000000080063a8       0x88 /usr/bin/../lib/gcc/arm-none-eabi/7.3.1/../../../../arm-none-eabi/lib/thumb/v6-m/libc_nano.a(lib_a-makebuf.o)
                0x00000000080063a8                __smakebuf_r
 .text.__ascii_mbtowc
                0x0000000008006430       0x24 /usr/bin/../lib/gcc/arm-none-eabi/7.3.1/../../../../arm-none-eabi/lib/thumb/v6-m/libc_nano.a(lib_a-mbtowc_r.o)
                0x0000000008006430                __ascii_mbtowc
 .text.__malloc_lock
                0x0000000008006454        0x2 /usr/bin/../lib/gcc/arm-none-eabi/7.3.1/../../../../arm-none-eabi/lib/thumb/v6-m/libc_nano.a(lib_a-mlock.o)
                0x0000000008006454                __malloc_lock
 .text.__malloc_unlock
                0x0000000008006456        0x2 /usr/bin/../lib/gcc/arm-none-eabi/7.3.1/../../../../arm-none-eabi/lib/thumb/v6-m/libc_nano.a(lib_a-mlock.o)
                0x0000000008006456                __malloc_unlock
 .text.__sfputc_r
                0x0000000008006458       0x2a /usr/bin/../lib/gcc/arm-none-eabi/7.3.1/../../../../arm-none-eabi/lib/thumb/v6-m/libc_nano.a(lib_a-nano-vfprintf.o)
 .text.__sfputs_r
                0x0000000008006482       0x24 /usr/bin/../lib/gcc/arm-none-eabi/7.3.1/../../../../arm-none-eabi/lib/thumb/v6-m/libc_nano.a(lib_a-nano-vfprintf.o)
                0x0000000008006482                __sfputs_r
 *fill*         0x00000000080064a6        0x2 
 .text._vfprintf_r
                0x00000000080064a8      0x22c /usr/bin/../lib/gcc/arm-none-eabi/7.3.1/../../../../arm-none-eabi/lib/thumb/v6-m/libc_nano.a(lib_a-nano-vfprintf.o)
                0x00000000080064a8                _vfiprintf_r
                0x00000000080064a8                _vfprintf_r
 .text._printf_common
                0x00000000080066d4       0xda /usr/bin/../lib/gcc/arm-none-eabi/7.3.1/../../../../arm-none-eabi/lib/thumb/v6-m/libc_nano.a(lib_a-nano-vfprintf_i.o)
                0x00000000080066d4                _printf_common
 *fill*         0x00000000080067ae        0x2 
 .text._printf_i
                0x00000000080067b0      0x210 /usr/bin/../lib/gcc/arm-none-eabi/7.3.1/../../../../arm-none-eabi/lib/thumb/v6-m/libc_nano.a(lib_a-nano-vfprintf_i.o)
                0x00000000080067b0                _printf_i
 .text._putc_r  0x00000000080069c0       0x6c /usr/bin/../lib/gcc/arm-none-eabi/7.3.1/../../../../arm-none-eabi/lib/thumb/v6-m/libc_nano.a(lib_a-putc.o)
                0x00000000080069c0                _putc_r
 .text.__srget_r
                0x0000000008006a2c       0x60 /usr/bin/../lib/gcc/arm-none-eabi/7.3.1/../../../../arm-none-eabi/lib/thumb/v6-m/libc_nano.a(lib_a-rget.o)
                0x0000000008006a2c                __srget_r
 .text.__ascii_wctomb
                0x0000000008006a8c       0x18 /usr/bin/../lib/gcc/arm-none-eabi/7.3.1/../../../../arm-none-eabi/lib/thumb/v6-m/libc_nano.a(lib_a-wctomb_r.o)
                0x0000000008006a8c                __ascii_wctomb
 .text.memchr   0x0000000008006aa4       0x16 /usr/bin/../lib/gcc/arm-none-eabi/7.3.1/../../../../arm-none-eabi/lib/thumb/v6-m/libc_nano.a(lib_a-memchr-stub.o)
                0x0000000008006aa4                memchr
 .text.lflush   0x0000000008006aba       0x18 /usr/bin/../lib/gcc/arm-none-eabi/7.3.1/../../../../arm-none-eabi/lib/thumb/v6-m/libc_nano.a(lib_a-refill.o)
 *fill*         0x0000000008006ad2        0x2 
 .text.__srefill_r
                0x0000000008006ad4      0x124 /usr/bin/../lib/gcc/arm-none-eabi/7.3.1/../../../../arm-none-eabi/lib/thumb/v6-m/libc_nano.a(lib_a-refill.o)
                0x0000000008006ad4                __srefill_r
 *(.glue_7t)
 .glue_7t       0x0000000008006bf8        0x0 linker stubs
 *(.glue_7)
 .glue_7        0x0000000008006bf8        0x0 linker stubs
 *(.rodata .rodata* .gnu.linkonce.r.*)
 .rodata.MultiplyDeBruijnBitPosition
                0x0000000008006bf8       0x20 /home/clement/RIOT-master/tests/driver_sx127x/bin/b-l072z-lrwan1/core/bitarithm.o
                0x0000000008006bf8                MultiplyDeBruijnBitPosition
 .rodata.dummy_handler_default.str1.1
                0x0000000008006c18        0xe /home/clement/RIOT-master/tests/driver_sx127x/bin/b-l072z-lrwan1/cortexm_common/vectors_cortexm.o
 .rodata.hard_fault_handler.str1.1
                0x0000000008006c26      0x18b /home/clement/RIOT-master/tests/driver_sx127x/bin/b-l072z-lrwan1/cortexm_common/vectors_cortexm.o
 .rodata.nmi_default.str1.1
                0x0000000008006db1        0xc /home/clement/RIOT-master/tests/driver_sx127x/bin/b-l072z-lrwan1/cortexm_common/vectors_cortexm.o
 *fill*         0x0000000008006dbd        0x3 
 .rodata.uart_config
                0x0000000008006dc0       0x38 /home/clement/RIOT-master/tests/driver_sx127x/bin/b-l072z-lrwan1/stm32_common_periph/uart.o
 .rodata.assert_crash_message
                0x0000000008006df8       0x12 /home/clement/RIOT-master/tests/driver_sx127x/bin/b-l072z-lrwan1/core/panic.o
                0x0000000008006df8                assert_crash_message
 .rodata.core_panic.str1.1
                0x0000000008006e0a       0x2e /home/clement/RIOT-master/tests/driver_sx127x/bin/b-l072z-lrwan1/core/panic.o
                                         0x30 (size before relaxing)
 .rodata.main_trampoline.str1.1
                0x0000000008006e38       0x50 /home/clement/RIOT-master/tests/driver_sx127x/bin/b-l072z-lrwan1/core/kernel_init.o
 .rodata.str1.1
                0x0000000008006e88        0xa /home/clement/RIOT-master/tests/driver_sx127x/bin/b-l072z-lrwan1/core/kernel_init.o
 .rodata        0x0000000008006e92        0x2 /home/clement/RIOT-master/tests/driver_sx127x/bin/b-l072z-lrwan1/ps/ps.o
 .rodata.ps.str1.1
                0x0000000008006e94       0xf7 /home/clement/RIOT-master/tests/driver_sx127x/bin/b-l072z-lrwan1/ps/ps.o
                                         0xfd (size before relaxing)
 *fill*         0x0000000008006f8b        0x1 
 .rodata.state_names
                0x0000000008006f8c       0x30 /home/clement/RIOT-master/tests/driver_sx127x/bin/b-l072z-lrwan1/ps/ps.o
 .rodata.str1.1
                0x0000000008006fbc       0x63 /home/clement/RIOT-master/tests/driver_sx127x/bin/b-l072z-lrwan1/ps/ps.o
 .rodata.apbmul
                0x000000000800701f        0x2 /home/clement/RIOT-master/tests/driver_sx127x/bin/b-l072z-lrwan1/stm32_common/cpu_common.o
 *fill*         0x0000000008007021        0x3 
 .rodata.timer_config
                0x0000000008007024       0x10 /home/clement/RIOT-master/tests/driver_sx127x/bin/b-l072z-lrwan1/stm32_common_periph/timer.o
 .rodata._event_cb.str1.1
                0x0000000008007034       0xb3 /home/clement/RIOT-master/tests/driver_sx127x/bin/b-l072z-lrwan1/application_tests_driver_sx127x/main.o
 .rodata._recv_thread.str1.1
                0x00000000080070e7       0x14 /home/clement/RIOT-master/tests/driver_sx127x/bin/b-l072z-lrwan1/application_tests_driver_sx127x/main.o
 .rodata.channel_cmd.str1.1
                0x00000000080070fb       0x3b /home/clement/RIOT-master/tests/driver_sx127x/bin/b-l072z-lrwan1/application_tests_driver_sx127x/main.o
 .rodata.listen_cmd.str1.1
                0x0000000008007136       0x11 /home/clement/RIOT-master/tests/driver_sx127x/bin/b-l072z-lrwan1/application_tests_driver_sx127x/main.o
 .rodata.lora_setup_cmd.str1.1
                0x0000000008007147      0x193 /home/clement/RIOT-master/tests/driver_sx127x/bin/b-l072z-lrwan1/application_tests_driver_sx127x/main.o
 .rodata.main.str1.1
                0x00000000080072da       0x8e /home/clement/RIOT-master/tests/driver_sx127x/bin/b-l072z-lrwan1/application_tests_driver_sx127x/main.o
 .rodata.random_cmd.str1.1
                0x0000000008007368       0x20 /home/clement/RIOT-master/tests/driver_sx127x/bin/b-l072z-lrwan1/application_tests_driver_sx127x/main.o
 .rodata.register_cmd.str1.1
                0x0000000008007388      0x152 /home/clement/RIOT-master/tests/driver_sx127x/bin/b-l072z-lrwan1/application_tests_driver_sx127x/main.o
                                        0x159 (size before relaxing)
 .rodata.reset_cmd.str1.1
                0x00000000080074da       0x14 /home/clement/RIOT-master/tests/driver_sx127x/bin/b-l072z-lrwan1/application_tests_driver_sx127x/main.o
 .rodata.rx_timeout_cmd.str1.1
                0x00000000080074ee       0x68 /home/clement/RIOT-master/tests/driver_sx127x/bin/b-l072z-lrwan1/application_tests_driver_sx127x/main.o
                                         0x6c (size before relaxing)
 .rodata.send_cmd.str1.1
                0x0000000008007556       0x60 /home/clement/RIOT-master/tests/driver_sx127x/bin/b-l072z-lrwan1/application_tests_driver_sx127x/main.o
 *fill*         0x00000000080075b6        0x2 
 .rodata.shell_commands
                0x00000000080075b8       0x78 /home/clement/RIOT-master/tests/driver_sx127x/bin/b-l072z-lrwan1/application_tests_driver_sx127x/main.o
 .rodata.str1.1
                0x0000000008007630      0x135 /home/clement/RIOT-master/tests/driver_sx127x/bin/b-l072z-lrwan1/application_tests_driver_sx127x/main.o
                                        0x143 (size before relaxing)
 .rodata.syncword_cmd.str1.1
                0x0000000008007765       0x61 /home/clement/RIOT-master/tests/driver_sx127x/bin/b-l072z-lrwan1/application_tests_driver_sx127x/main.o
 .rodata.shell_run_once.str1.1
                0x00000000080077c6       0x82 /home/clement/RIOT-master/tests/driver_sx127x/bin/b-l072z-lrwan1/shell/shell.o
 .rodata._shell_command_list
                0x0000000008007848       0x24 /home/clement/RIOT-master/tests/driver_sx127x/bin/b-l072z-lrwan1/shell_commands/shell_commands.o
                0x0000000008007848                _shell_command_list
 .rodata.str1.1
                0x000000000800786c       0x44 /home/clement/RIOT-master/tests/driver_sx127x/bin/b-l072z-lrwan1/shell_commands/shell_commands.o
 .rodata.spi_config
                0x00000000080078b0       0x40 /home/clement/RIOT-master/tests/driver_sx127x/bin/b-l072z-lrwan1/stm32_common_periph/spi.o
 .rodata.spi_divtable
                0x00000000080078f0        0xa /home/clement/RIOT-master/tests/driver_sx127x/bin/b-l072z-lrwan1/stm32_common_periph/spi.o
 .rodata.sx127x_set_tx_power.cst1
                0x00000000080078fa        0x1 /home/clement/RIOT-master/tests/driver_sx127x/bin/b-l072z-lrwan1/sx127x/sx127x_getset.o
 *fill*         0x00000000080078fb        0x5 
 .rodata.CSWTCH.87
                0x0000000008007900       0x18 /home/clement/RIOT-master/tests/driver_sx127x/bin/b-l072z-lrwan1/sx127x/sx127x_getset.o
 .rodata._on_dio1_irq.str1.1
                0x0000000008007918       0x2f /home/clement/RIOT-master/tests/driver_sx127x/bin/b-l072z-lrwan1/sx127x/sx127x_netdev.o
 .rodata._on_dio2_irq.str1.1
                0x0000000008007947       0x2f /home/clement/RIOT-master/tests/driver_sx127x/bin/b-l072z-lrwan1/sx127x/sx127x_netdev.o
 .rodata._on_dio3_irq.str1.1
                0x0000000008007976       0x2f /home/clement/RIOT-master/tests/driver_sx127x/bin/b-l072z-lrwan1/sx127x/sx127x_netdev.o
 *fill*         0x00000000080079a5        0x3 
 .rodata.sx127x_driver
                0x00000000080079a8       0x18 /home/clement/RIOT-master/tests/driver_sx127x/bin/b-l072z-lrwan1/sx127x/sx127x_netdev.o
                0x00000000080079a8                sx127x_driver
 .rodata        0x00000000080079c0       0x40 /usr/bin/../lib/gcc/arm-none-eabi/7.3.1/thumb/v6-m/libgcc.a(divdf3.o)
 .rodata        0x0000000008007a00       0x40 /usr/bin/../lib/gcc/arm-none-eabi/7.3.1/thumb/v6-m/libgcc.a(muldf3.o)
 .rodata.__sf_fake_stderr
                0x0000000008007a40       0x20 /usr/bin/../lib/gcc/arm-none-eabi/7.3.1/../../../../arm-none-eabi/lib/thumb/v6-m/libc_nano.a(lib_a-findfp.o)
                0x0000000008007a40                __sf_fake_stderr
 .rodata.__sf_fake_stdin
                0x0000000008007a60       0x20 /usr/bin/../lib/gcc/arm-none-eabi/7.3.1/../../../../arm-none-eabi/lib/thumb/v6-m/libc_nano.a(lib_a-findfp.o)
                0x0000000008007a60                __sf_fake_stdin
 .rodata.__sf_fake_stdout
                0x0000000008007a80       0x20 /usr/bin/../lib/gcc/arm-none-eabi/7.3.1/../../../../arm-none-eabi/lib/thumb/v6-m/libc_nano.a(lib_a-findfp.o)
                0x0000000008007a80                __sf_fake_stdout
 .rodata._global_impure_ptr
                0x0000000008007aa0        0x4 /usr/bin/../lib/gcc/arm-none-eabi/7.3.1/../../../../arm-none-eabi/lib/thumb/v6-m/libc_nano.a(lib_a-impure.o)
                0x0000000008007aa0                _global_impure_ptr
 .rodata._setlocale_r.str1.1
                0x0000000008007aa4        0x8 /usr/bin/../lib/gcc/arm-none-eabi/7.3.1/../../../../arm-none-eabi/lib/thumb/v6-m/libc_nano.a(lib_a-locale.o)
                                          0x9 (size before relaxing)
 .rodata.str1.1
                0x0000000008007aac        0x8 /usr/bin/../lib/gcc/arm-none-eabi/7.3.1/../../../../arm-none-eabi/lib/thumb/v6-m/libc_nano.a(lib_a-locale.o)
                                          0x2 (size before relaxing)
 .rodata._vfprintf_r.str1.1
                0x0000000008007aac       0x11 /usr/bin/../lib/gcc/arm-none-eabi/7.3.1/../../../../arm-none-eabi/lib/thumb/v6-m/libc_nano.a(lib_a-nano-vfprintf.o)
 .rodata._printf_i.str1.1
                0x0000000008007abd       0x22 /usr/bin/../lib/gcc/arm-none-eabi/7.3.1/../../../../arm-none-eabi/lib/thumb/v6-m/libc_nano.a(lib_a-nano-vfprintf_i.o)
 .rodata._ctype_
                0x0000000008007adf      0x101 /usr/bin/../lib/gcc/arm-none-eabi/7.3.1/../../../../arm-none-eabi/lib/thumb/v6-m/libc_nano.a(lib_a-ctype_.o)
                0x0000000008007adf                _ctype_
 *(.ARM.extab* .gnu.linkonce.armextab.*)
                0x0000000008007be0                . = ALIGN (0x4)
 *(.init)
                0x0000000008007be0                . = ALIGN (0x4)
                0x0000000008007be0                __preinit_array_start = .
 *(.preinit_array)
                0x0000000008007be0                __preinit_array_end = .
                0x0000000008007be0                . = ALIGN (0x4)
                0x0000000008007be0                __init_array_start = .
 *(SORT_BY_NAME(.init_array.*))
 *(.init_array)
                0x0000000008007be0                __init_array_end = .
                0x0000000008007be0                . = ALIGN (0x4)
 *crtbegin.o(.ctors)
 *(EXCLUDE_FILE(*crtend.o) .ctors)
 *(SORT_BY_NAME(.ctors.*))
 *crtend.o(.ctors)
                0x0000000008007be0                . = ALIGN (0x4)
 *(.fini)
                0x0000000008007be0                . = ALIGN (0x4)
                0x0000000008007be0                __fini_array_start = .
 *(.fini_array)
 *(SORT_BY_NAME(.fini_array.*))
                0x0000000008007be0                __fini_array_end = .
 *crtbegin.o(.dtors)
 *(EXCLUDE_FILE(*crtend.o) .dtors)
 *(SORT_BY_NAME(.dtors.*))
 *crtend.o(.dtors)
                0x0000000008007be0                . = ALIGN (0x4)
                0x0000000008007be0                _efixed = .
                [!provide]                        PROVIDE (__exidx_start = .)

.vfp11_veneer   0x0000000008007be0        0x0
 .vfp11_veneer  0x0000000008007be0        0x0 linker stubs

.v4_bx          0x0000000008007be0        0x0
 .v4_bx         0x0000000008007be0        0x0 linker stubs

.iplt           0x0000000008007be0        0x0
 .iplt          0x0000000008007be0        0x0 /home/clement/RIOT-master/tests/driver_sx127x/bin/b-l072z-lrwan1/cpu/vectors.o

.igot.plt       0x0000000008007be0        0x0
 .igot.plt      0x0000000008007be0        0x0 /home/clement/RIOT-master/tests/driver_sx127x/bin/b-l072z-lrwan1/cpu/vectors.o

.rel.dyn        0x0000000008007be0        0x0
 .rel.iplt      0x0000000008007be0        0x0 /home/clement/RIOT-master/tests/driver_sx127x/bin/b-l072z-lrwan1/cpu/vectors.o

.ARM.exidx
 *(.ARM.exidx* .gnu.linkonce.armexidx.*)
                [!provide]                        PROVIDE (__exidx_end = .)
                0x0000000008007be0                . = ALIGN (0x4)

.eh_frame
 *(.eh_frame)
                0x0000000008007be0                . = ALIGN (0x4)
                0x0000000008007be0                _etext = .

.stack          0x0000000020000000      0x200
 *(.puf)
                0x0000000020000000                . = ALIGN (0x8)
                0x0000000020000000                _sstack = .
 *(.isr_stack)
 .isr_stack     0x0000000020000000      0x200 /home/clement/RIOT-master/tests/driver_sx127x/bin/b-l072z-lrwan1/cortexm_common/vectors_cortexm.o
                0x0000000020000000                isr_stack
                0x0000000020000200                . = ALIGN (0x8)
                0x0000000020000200                _estack = .

.relocate       0x0000000020000200      0x1f8 load address 0x0000000008007be0
                0x0000000020000200                . = ALIGN (0x4)
                0x0000000020000200                _srelocate = .
 *(.ramfunc .ramfunc.*)
 *(.data .data.*)
 .data.heap_top
                0x0000000020000200        0x4 /home/clement/RIOT-master/tests/driver_sx127x/bin/b-l072z-lrwan1/newlib_syscalls_default/syscalls.o
                0x0000000020000200                heap_top
 .data.stdio_uart_isrpipe
                0x0000000020000204       0x14 /home/clement/RIOT-master/tests/driver_sx127x/bin/b-l072z-lrwan1/stdio_uart/stdio_uart.o
                0x0000000020000204                stdio_uart_isrpipe
 .data.idle_name
                0x0000000020000218        0x4 /home/clement/RIOT-master/tests/driver_sx127x/bin/b-l072z-lrwan1/core/kernel_init.o
                0x0000000020000218                idle_name
 .data.main_name
                0x000000002000021c        0x4 /home/clement/RIOT-master/tests/driver_sx127x/bin/b-l072z-lrwan1/core/kernel_init.o
                0x000000002000021c                main_name
 .data.pm_blocker
                0x0000000020000220        0x4 /home/clement/RIOT-master/tests/driver_sx127x/bin/b-l072z-lrwan1/pm_layered/pm.o
                0x0000000020000220                pm_blocker
 .data._impure_ptr
                0x0000000020000224        0x4 /usr/bin/../lib/gcc/arm-none-eabi/7.3.1/../../../../arm-none-eabi/lib/thumb/v6-m/libc_nano.a(lib_a-impure.o)
                0x0000000020000224                _impure_ptr
 .data.impure_data
                0x0000000020000228       0x60 /usr/bin/../lib/gcc/arm-none-eabi/7.3.1/../../../../arm-none-eabi/lib/thumb/v6-m/libc_nano.a(lib_a-impure.o)
 .data.__global_locale
                0x0000000020000288      0x16c /usr/bin/../lib/gcc/arm-none-eabi/7.3.1/../../../../arm-none-eabi/lib/thumb/v6-m/libc_nano.a(lib_a-locale.o)
                0x0000000020000288                __global_locale
 *(.openocd .openocd.*)
 .openocd       0x00000000200003f4        0x2 /home/clement/RIOT-master/tests/driver_sx127x/bin/b-l072z-lrwan1/core/sched.o
                0x00000000200003f4                _tcb_name_offset
                0x00000000200003f5                max_threads
                0x00000000200003f8                . = ALIGN (0x4)
 *fill*         0x00000000200003f6        0x2 
                0x00000000200003f8                _erelocate = .

.bss            0x00000000200003f8      0xe08 load address 0x0000000008007dd8
                0x00000000200003f8                . = ALIGN (0x4)
                0x00000000200003f8                _sbss = .
                0x00000000200003f8                _szero = .
 *(.bss .bss.*)
 .bss.runqueue_bitcache
                0x00000000200003f8        0x4 /home/clement/RIOT-master/tests/driver_sx127x/bin/b-l072z-lrwan1/core/sched.o
 .bss.sched_active_pid
                0x00000000200003fc        0x2 /home/clement/RIOT-master/tests/driver_sx127x/bin/b-l072z-lrwan1/core/sched.o
                0x00000000200003fc                sched_active_pid
 *fill*         0x00000000200003fe        0x2 
 .bss.sched_active_thread
                0x0000000020000400        0x4 /home/clement/RIOT-master/tests/driver_sx127x/bin/b-l072z-lrwan1/core/sched.o
                0x0000000020000400                sched_active_thread
 .bss.sched_context_switch_request
                0x0000000020000404        0x4 /home/clement/RIOT-master/tests/driver_sx127x/bin/b-l072z-lrwan1/core/sched.o
                0x0000000020000404                sched_context_switch_request
 .bss.sched_num_threads
                0x0000000020000408        0x4 /home/clement/RIOT-master/tests/driver_sx127x/bin/b-l072z-lrwan1/core/sched.o
                0x0000000020000408                sched_num_threads
 .bss.sched_runqueues
                0x000000002000040c       0x40 /home/clement/RIOT-master/tests/driver_sx127x/bin/b-l072z-lrwan1/core/sched.o
                0x000000002000040c                sched_runqueues
 .bss.sched_threads
                0x000000002000044c       0x84 /home/clement/RIOT-master/tests/driver_sx127x/bin/b-l072z-lrwan1/core/sched.o
                0x000000002000044c                sched_threads
 .bss._rx_buf_mem
                0x00000000200004d0       0x40 /home/clement/RIOT-master/tests/driver_sx127x/bin/b-l072z-lrwan1/stdio_uart/stdio_uart.o
 .bss.isr_ctx   0x0000000020000510       0x18 /home/clement/RIOT-master/tests/driver_sx127x/bin/b-l072z-lrwan1/stm32_common_periph/uart.o
 .bss.isr_ctx   0x0000000020000528       0x80 /home/clement/RIOT-master/tests/driver_sx127x/bin/b-l072z-lrwan1/stm32_common_periph/gpio.o
 .bss._in_handler
                0x00000000200005a8        0x4 /home/clement/RIOT-master/tests/driver_sx127x/bin/b-l072z-lrwan1/xtimer/xtimer_core.o
 .bss._long_cnt
                0x00000000200005ac        0x4 /home/clement/RIOT-master/tests/driver_sx127x/bin/b-l072z-lrwan1/xtimer/xtimer_core.o
 .bss._xtimer_high_cnt
                0x00000000200005b0        0x4 /home/clement/RIOT-master/tests/driver_sx127x/bin/b-l072z-lrwan1/xtimer/xtimer_core.o
                0x00000000200005b0                _xtimer_high_cnt
 .bss.long_list_head
                0x00000000200005b4        0x4 /home/clement/RIOT-master/tests/driver_sx127x/bin/b-l072z-lrwan1/xtimer/xtimer_core.o
 .bss.overflow_list_head
                0x00000000200005b8        0x4 /home/clement/RIOT-master/tests/driver_sx127x/bin/b-l072z-lrwan1/xtimer/xtimer_core.o
 .bss.timer_list_head
                0x00000000200005bc        0x4 /home/clement/RIOT-master/tests/driver_sx127x/bin/b-l072z-lrwan1/xtimer/xtimer_core.o
 .bss.crashed   0x00000000200005c0        0x4 /home/clement/RIOT-master/tests/driver_sx127x/bin/b-l072z-lrwan1/core/panic.o
 .bss.idle_stack
                0x00000000200005c4      0x100 /home/clement/RIOT-master/tests/driver_sx127x/bin/b-l072z-lrwan1/core/kernel_init.o
 .bss.main_stack
                0x00000000200006c4      0x600 /home/clement/RIOT-master/tests/driver_sx127x/bin/b-l072z-lrwan1/core/kernel_init.o
 .bss.isr_ctx   0x0000000020000cc4        0x8 /home/clement/RIOT-master/tests/driver_sx127x/bin/b-l072z-lrwan1/stm32_common_periph/timer.o
 .bss._msg_q.7276
                0x0000000020000ccc       0x80 /home/clement/RIOT-master/tests/driver_sx127x/bin/b-l072z-lrwan1/application_tests_driver_sx127x/main.o
 .bss._recv_pid
                0x0000000020000d4c        0x2 /home/clement/RIOT-master/tests/driver_sx127x/bin/b-l072z-lrwan1/application_tests_driver_sx127x/main.o
 .bss.message   0x0000000020000d4e       0x20 /home/clement/RIOT-master/tests/driver_sx127x/bin/b-l072z-lrwan1/application_tests_driver_sx127x/main.o
 .bss.stack     0x0000000020000d6e      0x400 /home/clement/RIOT-master/tests/driver_sx127x/bin/b-l072z-lrwan1/application_tests_driver_sx127x/main.o
 *fill*         0x000000002000116e        0x2 
 .bss.sx127x    0x0000000020001170       0x80 /home/clement/RIOT-master/tests/driver_sx127x/bin/b-l072z-lrwan1/application_tests_driver_sx127x/main.o
 .bss.locks     0x00000000200011f0        0x8 /home/clement/RIOT-master/tests/driver_sx127x/bin/b-l072z-lrwan1/stm32_common_periph/spi.o
 .bss.__malloc_free_list
                0x00000000200011f8        0x4 /usr/bin/../lib/gcc/arm-none-eabi/7.3.1/../../../../arm-none-eabi/lib/thumb/v6-m/libc_nano.a(lib_a-nano-mallocr.o)
                0x00000000200011f8                __malloc_free_list
 .bss.__malloc_sbrk_start
                0x00000000200011fc        0x4 /usr/bin/../lib/gcc/arm-none-eabi/7.3.1/../../../../arm-none-eabi/lib/thumb/v6-m/libc_nano.a(lib_a-nano-mallocr.o)
                0x00000000200011fc                __malloc_sbrk_start
 *(COMMON)
                0x0000000020001200                . = ALIGN (0x4)
                0x0000000020001200                _ebss = .
                0x0000000020001200                _ezero = .

.noinit         0x0000000020001200        0x0 load address 0x0000000008007dd8
                0x0000000020001200                __noinit_start = .
 *(.noinit)
                0x0000000020001200                . = ALIGN (0x4)
                0x0000000020001200                __noinit_end = .
                0x0000000020001200                . = ALIGN (0x4)
                0x0000000020001200                _sheap = .
                0x0000000020005000                _eheap = (ORIGIN (ram) + LENGTH (ram))
                0x0000000020000000                _sram = ORIGIN (ram)
                0x0000000020005000                _eram = (ORIGIN (ram) + LENGTH (ram))
                0x0000000008007dd8                _sbackup_data_load = LOADADDR (.backup.data)

.backup.data    0x0000000000000000        0x0 load address 0x0000000008007dd8
                0x0000000000000000                _sbackup_data = .
 *(.backup.data)
                0x0000000000000000                _ebackup_data = .
                0x0000000000000000                . = ALIGN (0x4)

.backup.bss     0x0000000000000000        0x0 load address 0x0000000008007dd8
                0x0000000000000000                _sbackup_bss = .
 *(.backup.bss)
                0x0000000000000000                _ebackup_bss = .
                0x0000000000000000                . = ALIGN (0x4)
OUTPUT(/home/clement/RIOT-master/tests/driver_sx127x/bin/b-l072z-lrwan1/tests_driver_sx127x.elf elf32-littlearm)

.debug_info     0x0000000000000000    0x36586
 .debug_info    0x0000000000000000       0xd7 /home/clement/RIOT-master/tests/driver_sx127x/bin/b-l072z-lrwan1/cpu/vectors.o
 .debug_info    0x00000000000000d7     0x1dbb /home/clement/RIOT-master/tests/driver_sx127x/bin/b-l072z-lrwan1/newlib_syscalls_default/syscalls.o
 .debug_info    0x0000000000001e92      0xe44 /home/clement/RIOT-master/tests/driver_sx127x/bin/b-l072z-lrwan1/core/sched.o
 .debug_info    0x0000000000002cd6      0x936 /home/clement/RIOT-master/tests/driver_sx127x/bin/b-l072z-lrwan1/core/bitarithm.o
 .debug_info    0x000000000000360c      0xee2 /home/clement/RIOT-master/tests/driver_sx127x/bin/b-l072z-lrwan1/cortexm_common/thread_arch.o
 .debug_info    0x00000000000044ee     0x108d /home/clement/RIOT-master/tests/driver_sx127x/bin/b-l072z-lrwan1/cortexm_common/vectors_cortexm.o
 .debug_info    0x000000000000557b      0xccc /home/clement/RIOT-master/tests/driver_sx127x/bin/b-l072z-lrwan1/cortexm_common/irq_arch.o
 .debug_info    0x0000000000006247     0x1540 /home/clement/RIOT-master/tests/driver_sx127x/bin/b-l072z-lrwan1/stdio_uart/stdio_uart.o
 .debug_info    0x0000000000007787      0xd32 /home/clement/RIOT-master/tests/driver_sx127x/bin/b-l072z-lrwan1/stm32_common_periph/pm.o
 .debug_info    0x00000000000084b9     0x1be1 /home/clement/RIOT-master/tests/driver_sx127x/bin/b-l072z-lrwan1/stm32_common_periph/uart.o
 .debug_info    0x000000000000a09a     0x1d08 /home/clement/RIOT-master/tests/driver_sx127x/bin/b-l072z-lrwan1/stm32_common_periph/gpio.o
 .debug_info    0x000000000000bda2     0x206f /home/clement/RIOT-master/tests/driver_sx127x/bin/b-l072z-lrwan1/xtimer/xtimer_core.o
 .debug_info    0x000000000000de11     0x13b9 /home/clement/RIOT-master/tests/driver_sx127x/bin/b-l072z-lrwan1/board/board.o
 .debug_info    0x000000000000f1ca      0xd29 /home/clement/RIOT-master/tests/driver_sx127x/bin/b-l072z-lrwan1/core/panic.o
 .debug_info    0x000000000000fef3      0xd82 /home/clement/RIOT-master/tests/driver_sx127x/bin/b-l072z-lrwan1/core/kernel_init.o
 .debug_info    0x0000000000010c75     0x11d1 /home/clement/RIOT-master/tests/driver_sx127x/bin/b-l072z-lrwan1/core/thread.o
 .debug_info    0x0000000000011e46      0x412 /home/clement/RIOT-master/tests/driver_sx127x/bin/b-l072z-lrwan1/isrpipe/isrpipe.o
 .debug_info    0x0000000000012258      0xd36 /home/clement/RIOT-master/tests/driver_sx127x/bin/b-l072z-lrwan1/pm_layered/pm.o
 .debug_info    0x0000000000012f8e      0xdd4 /home/clement/RIOT-master/tests/driver_sx127x/bin/b-l072z-lrwan1/ps/ps.o
 .debug_info    0x0000000000013d62      0xc4e /home/clement/RIOT-master/tests/driver_sx127x/bin/b-l072z-lrwan1/stm32_common/cpu_init.o
 .debug_info    0x00000000000149b0     0x14b7 /home/clement/RIOT-master/tests/driver_sx127x/bin/b-l072z-lrwan1/stm32_common/stmclk_l0l1.o
 .debug_info    0x0000000000015e67     0x14ef /home/clement/RIOT-master/tests/driver_sx127x/bin/b-l072z-lrwan1/stm32_common/cpu_common.o
 .debug_info    0x0000000000017356     0x183c /home/clement/RIOT-master/tests/driver_sx127x/bin/b-l072z-lrwan1/stm32_common_periph/timer.o
 .debug_info    0x0000000000018b92      0x3ea /home/clement/RIOT-master/tests/driver_sx127x/bin/b-l072z-lrwan1/tsrb/tsrb.o
 .debug_info    0x0000000000018f7c     0x12f2 /home/clement/RIOT-master/tests/driver_sx127x/bin/b-l072z-lrwan1/periph_common/init.o
 .debug_info    0x000000000001a26e     0x2cd8 /home/clement/RIOT-master/tests/driver_sx127x/bin/b-l072z-lrwan1/application_tests_driver_sx127x/main.o
 .debug_info    0x000000000001cf46     0x12cd /home/clement/RIOT-master/tests/driver_sx127x/bin/b-l072z-lrwan1/auto_init/auto_init.o
 .debug_info    0x000000000001e213      0xea8 /home/clement/RIOT-master/tests/driver_sx127x/bin/b-l072z-lrwan1/core/mutex.o
 .debug_info    0x000000000001f0bb     0x17b9 /home/clement/RIOT-master/tests/driver_sx127x/bin/b-l072z-lrwan1/core/msg.o
 .debug_info    0x0000000000020874      0xf71 /home/clement/RIOT-master/tests/driver_sx127x/bin/b-l072z-lrwan1/cortexm_common/cortexm_init.o
 .debug_info    0x00000000000217e5     0x1c64 /home/clement/RIOT-master/tests/driver_sx127x/bin/b-l072z-lrwan1/fmt/fmt.o
 .debug_info    0x0000000000023449      0xfa6 /home/clement/RIOT-master/tests/driver_sx127x/bin/b-l072z-lrwan1/shell/shell.o
 .debug_info    0x00000000000243ef      0x90e /home/clement/RIOT-master/tests/driver_sx127x/bin/b-l072z-lrwan1/shell_commands/shell_commands.o
 .debug_info    0x0000000000024cfd      0xba6 /home/clement/RIOT-master/tests/driver_sx127x/bin/b-l072z-lrwan1/shell_commands/sc_sys.o
 .debug_info    0x00000000000258a3       0x8e /home/clement/RIOT-master/tests/driver_sx127x/bin/b-l072z-lrwan1/shell_commands/sc_ps.o
 .debug_info    0x0000000000025931     0x1bdc /home/clement/RIOT-master/tests/driver_sx127x/bin/b-l072z-lrwan1/stm32_common_periph/spi.o
 .debug_info    0x000000000002750d     0x2312 /home/clement/RIOT-master/tests/driver_sx127x/bin/b-l072z-lrwan1/sx127x/sx127x_internal.o
 .debug_info    0x000000000002981f     0x2f9f /home/clement/RIOT-master/tests/driver_sx127x/bin/b-l072z-lrwan1/sx127x/sx127x_getset.o
 .debug_info    0x000000000002c7be     0x2b25 /home/clement/RIOT-master/tests/driver_sx127x/bin/b-l072z-lrwan1/sx127x/sx127x_netdev.o
 .debug_info    0x000000000002f2e3     0x2648 /home/clement/RIOT-master/tests/driver_sx127x/bin/b-l072z-lrwan1/sx127x/sx127x.o
 .debug_info    0x000000000003192b     0x210a /home/clement/RIOT-master/tests/driver_sx127x/bin/b-l072z-lrwan1/xtimer/xtimer.o
 .debug_info    0x0000000000033a35     0x14d9 /home/clement/RIOT-master/tests/driver_sx127x/bin/b-l072z-lrwan1/periph_common/spi.o
 .debug_info    0x0000000000034f0e      0xc56 /home/clement/RIOT-master/tests/driver_sx127x/bin/b-l072z-lrwan1/cortexm_common_periph/pm.o