Archive member included to satisfy reference by file (symbol)

/home/clement/RIOT-master/examples/default/bin/blackpill/core/sched.o
                              /home/clement/RIOT-master/examples/default/bin/blackpill/newlib_syscalls_default/syscalls.o (sched_active_pid)
/home/clement/RIOT-master/examples/default/bin/blackpill/cortexm_common/thread_arch.o
                              /home/clement/RIOT-master/examples/default/bin/blackpill/core/sched.o (cpu_switch_context_exit)
/home/clement/RIOT-master/examples/default/bin/blackpill/cortexm_common/vectors_cortexm.o
                              /home/clement/RIOT-master/examples/default/bin/blackpill/cpu/vectors.o (dummy_handler_default)
/home/clement/RIOT-master/examples/default/bin/blackpill/cortexm_common/irq_arch.o
                              /home/clement/RIOT-master/examples/default/bin/blackpill/newlib_syscalls_default/syscalls.o (irq_disable)
/home/clement/RIOT-master/examples/default/bin/blackpill/stdio_uart/stdio_uart.o
                              /home/clement/RIOT-master/examples/default/bin/blackpill/newlib_syscalls_default/syscalls.o (stdio_read)
/home/clement/RIOT-master/examples/default/bin/blackpill/stm32_common_periph/pm.o
                              /home/clement/RIOT-master/examples/default/bin/blackpill/newlib_syscalls_default/syscalls.o (pm_off)
/home/clement/RIOT-master/examples/default/bin/blackpill/stm32_common_periph/uart.o
                              /home/clement/RIOT-master/examples/default/bin/blackpill/stdio_uart/stdio_uart.o (uart_init)
/home/clement/RIOT-master/examples/default/bin/blackpill/boards_common_blxxxpill/board.o
                              /home/clement/RIOT-master/examples/default/bin/blackpill/cortexm_common/vectors_cortexm.o (board_init)
/home/clement/RIOT-master/examples/default/bin/blackpill/core/panic.o
                              /home/clement/RIOT-master/examples/default/bin/blackpill/cortexm_common/vectors_cortexm.o (core_panic)
/home/clement/RIOT-master/examples/default/bin/blackpill/core/kernel_init.o
                              /home/clement/RIOT-master/examples/default/bin/blackpill/cortexm_common/vectors_cortexm.o (kernel_init)
/home/clement/RIOT-master/examples/default/bin/blackpill/core/thread.o
                              /home/clement/RIOT-master/examples/default/bin/blackpill/core/kernel_init.o (thread_create)
/home/clement/RIOT-master/examples/default/bin/blackpill/isrpipe/isrpipe.o
                              /home/clement/RIOT-master/examples/default/bin/blackpill/stdio_uart/stdio_uart.o (isrpipe_write_one)
/home/clement/RIOT-master/examples/default/bin/blackpill/periph/gpio.o
                              /home/clement/RIOT-master/examples/default/bin/blackpill/stm32_common_periph/uart.o (gpio_init)
/home/clement/RIOT-master/examples/default/bin/blackpill/pm_layered/pm.o
                              /home/clement/RIOT-master/examples/default/bin/blackpill/core/kernel_init.o (pm_set_lowest)
/home/clement/RIOT-master/examples/default/bin/blackpill/ps/ps.o
                              /home/clement/RIOT-master/examples/default/bin/blackpill/core/panic.o (ps)
/home/clement/RIOT-master/examples/default/bin/blackpill/stm32_common/stmclk.o
                              /home/clement/RIOT-master/examples/default/bin/blackpill/stm32_common_periph/pm.o (stmclk_init_sysclk)
/home/clement/RIOT-master/examples/default/bin/blackpill/stm32_common/stmclk_common.o
                              /home/clement/RIOT-master/examples/default/bin/blackpill/stm32_common/stmclk.o (stmclk_enable_hsi)
/home/clement/RIOT-master/examples/default/bin/blackpill/stm32_common/cpu_init.o
                              /home/clement/RIOT-master/examples/default/bin/blackpill/boards_common_blxxxpill/board.o (cpu_init)
/home/clement/RIOT-master/examples/default/bin/blackpill/stm32_common/cpu_common.o
                              /home/clement/RIOT-master/examples/default/bin/blackpill/stm32_common_periph/uart.o (periph_apb_clk)
/home/clement/RIOT-master/examples/default/bin/blackpill/tsrb/tsrb.o
                              /home/clement/RIOT-master/examples/default/bin/blackpill/isrpipe/isrpipe.o (tsrb_get)
/home/clement/RIOT-master/examples/default/bin/blackpill/periph_common/init.o
                              /home/clement/RIOT-master/examples/default/bin/blackpill/stm32_common/cpu_init.o (periph_init)
/home/clement/RIOT-master/examples/default/bin/blackpill/application_default/main.o
                              /home/clement/RIOT-master/examples/default/bin/blackpill/core/kernel_init.o (main)
/home/clement/RIOT-master/examples/default/bin/blackpill/auto_init/auto_init.o
                              /home/clement/RIOT-master/examples/default/bin/blackpill/core/kernel_init.o (auto_init)
/home/clement/RIOT-master/examples/default/bin/blackpill/auto_init_saul/auto_init_gpio.o
[...]
Memory Configuration

Name             Origin             Length             Attributes
ccmram           0x0000000010000000 0x0000000000000000
rom              0x0000000008000000 0x0000000000010000 xr
ram              0x0000000020000000 0x0000000000005000 w !xr
bkup-ram         0x0000000000000000 0x0000000000000000 w !xr
*default*        0x0000000000000000 0xffffffffffffffff

Linker script and memory map

LOAD /home/clement/RIOT-master/examples/default/bin/blackpill/cpu/vectors.o
LOAD /home/clement/RIOT-master/examples/default/bin/blackpill/newlib_syscalls_default/syscalls.o
START GROUP
LOAD /home/clement/RIOT-master/examples/default/bin/blackpill/application_default.a
LOAD /home/clement/RIOT-master/examples/default/bin/blackpill/auto_init.a
LOAD /home/clement/RIOT-master/examples/default/bin/blackpill/auto_init_saul.a
LOAD /home/clement/RIOT-master/examples/default/bin/blackpill/board.a
LOAD /home/clement/RIOT-master/examples/default/bin/blackpill/boards_common_blxxxpill.a
LOAD /home/clement/RIOT-master/examples/default/bin/blackpill/core.a
LOAD /home/clement/RIOT-master/examples/default/bin/blackpill/cortexm_common.a
LOAD /home/clement/RIOT-master/examples/default/bin/blackpill/cortexm_common_periph.a
LOAD /home/clement/RIOT-master/examples/default/bin/blackpill/cpu.a
LOAD /home/clement/RIOT-master/examples/default/bin/blackpill/fmt.a
LOAD /home/clement/RIOT-master/examples/default/bin/blackpill/isrpipe.a
LOAD /home/clement/RIOT-master/examples/default/bin/blackpill/newlib_syscalls_default.a
LOAD /home/clement/RIOT-master/examples/default/bin/blackpill/periph.a
LOAD /home/clement/RIOT-master/examples/default/bin/blackpill/phydat.a
LOAD /home/clement/RIOT-master/examples/default/bin/blackpill/pm_layered.a
LOAD /home/clement/RIOT-master/examples/default/bin/blackpill/ps.a
LOAD /home/clement/RIOT-master/examples/default/bin/blackpill/saul.a
LOAD /home/clement/RIOT-master/examples/default/bin/blackpill/saul_reg.a
LOAD /home/clement/RIOT-master/examples/default/bin/blackpill/shell.a
LOAD /home/clement/RIOT-master/examples/default/bin/blackpill/shell_commands.a
LOAD /home/clement/RIOT-master/examples/default/bin/blackpill/stdio_uart.a
LOAD /home/clement/RIOT-master/examples/default/bin/blackpill/stm32_common.a
LOAD /home/clement/RIOT-master/examples/default/bin/blackpill/stm32_common_periph.a
LOAD /home/clement/RIOT-master/examples/default/bin/blackpill/sys.a
LOAD /home/clement/RIOT-master/examples/default/bin/blackpill/tsrb.a
LOAD /home/clement/RIOT-master/examples/default/bin/blackpill/periph_common.a
LOAD /usr/bin/../lib/gcc/arm-none-eabi/7.3.1/../../../../arm-none-eabi/lib/thumb/v7-m/libm.a
END GROUP
LOAD /usr/bin/../lib/gcc/arm-none-eabi/7.3.1/thumb/v7-m/libgcc.a
                0x0000000008000000                _rom_start_addr = 0x8000000
                0x0000000020000000                _ram_start_addr = 0x20000000
                0x0000000000010000                _rom_length = 0x10000
                0x0000000000005000                _ram_length = 0x5000
LOAD /usr/bin/../lib/gcc/arm-none-eabi/7.3.1/../../../../arm-none-eabi/lib/thumb/v7-m/libc_nano.a
START GROUP
LOAD /usr/bin/../lib/gcc/arm-none-eabi/7.3.1/thumb/v7-m/libgcc.a
LOAD /usr/bin/../lib/gcc/arm-none-eabi/7.3.1/../../../../arm-none-eabi/lib/thumb/v7-m/libg_nano.a
LOAD /usr/bin/../lib/gcc/arm-none-eabi/7.3.1/../../../../arm-none-eabi/lib/thumb/v7-m/libc_nano.a
END GROUP
START GROUP
LOAD /usr/bin/../lib/gcc/arm-none-eabi/7.3.1/thumb/v7-m/libgcc.a
LOAD /usr/bin/../lib/gcc/arm-none-eabi/7.3.1/../../../../arm-none-eabi/lib/thumb/v7-m/libc_nano.a
END GROUP
                0x0000000000000000                ccmram_length = DEFINED (ccmram_len)?ccmram_len:0x0
                0x0000000000000000                _rom_offset = DEFINED (_rom_offset)?_rom_offset:0x0
                0x0000000000010000                _fw_rom_length = DEFINED (_fw_rom_length)?_fw_rom_length:(_rom_length - _rom_offset)
                0x0000000000000001                ASSERT ((_fw_rom_length <= (_rom_length - _rom_offset)), Specified firmware size does not fit in ROM)
                0x0000000000000000                _backup_ram_start_addr = DEFINED (_backup_ram_start_addr)?_backup_ram_start_addr:0x0
                0x0000000000000000                _backup_ram_len = DEFINED (_backup_ram_len)?_backup_ram_len:0x0

.text           0x0000000008000000     0x3b20
                0x0000000008000000                . = ALIGN (0x4)
                0x0000000008000000                _sfixed = .
                0x0000000008000000                _isr_vectors = DEFINED (_isr_vectors)?_isr_vectors:.
 *(SORT_BY_NAME(.vectors*))
 .vectors.0     0x0000000008000000       0x40 /home/clement/RIOT-master/examples/default/bin/blackpill/cortexm_common/vectors_cortexm.o
                0x0000000008000000                cortex_vector_base
 .vectors.1     0x0000000008000040       0xac /home/clement/RIOT-master/examples/default/bin/blackpill/cpu/vectors.o
                0x0000000008000040                vector_cpu
 *(.text .text.* .gnu.linkonce.t.*)
 .text.dummy_handler
                0x00000000080000ec        0x4 /home/clement/RIOT-master/examples/default/bin/blackpill/cpu/vectors.o
                0x00000000080000ec                isr_pvd
                0x00000000080000ec                isr_usb_lp_can1_rx0
                0x00000000080000ec                isr_dma1_channel4
                0x00000000080000ec                isr_exti
                0x00000000080000ec                isr_tim7
                0x00000000080000ec                isr_tim5
                0x00000000080000ec                isr_i2c1_ev
                0x00000000080000ec                isr_tim1_brk
                0x00000000080000ec                isr_dma1_channel5
                0x00000000080000ec                isr_tim4
                0x00000000080000ec                isr_dma1_channel2
                0x00000000080000ec                isr_adc3
                0x00000000080000ec                isr_can1_sce
                0x00000000080000ec                isr_dma1_channel7
                0x00000000080000ec                isr_usb_hp_can1_tx
                0x00000000080000ec                isr_tim1_up
                0x00000000080000ec                isr_tim2
                0x00000000080000ec                isr_sdio
                0x00000000080000ec                isr_spi2
                0x00000000080000ec                isr_tim1_trg_com
                0x00000000080000ec                isr_dma1_channel1
                0x00000000080000ec                dummy_handler
                0x00000000080000ec                isr_adc1_2
                0x00000000080000ec                isr_can1_rx1
                0x00000000080000ec                isr_fsmc
                0x00000000080000ec                isr_spi1
                0x00000000080000ec                isr_tim6
                0x00000000080000ec                isr_rcc
                0x00000000080000ec                isr_flash
                0x00000000080000ec                isr_uart5
                0x00000000080000ec                isr_rtc
                0x00000000080000ec                isr_tim1_cc
                0x00000000080000ec                isr_usbwakeup
                0x00000000080000ec                isr_dma2_channel1
                0x00000000080000ec                isr_uart4
                0x00000000080000ec                isr_tim8_brk
                0x00000000080000ec                isr_i2c2_er
                0x00000000080000ec                isr_dma2_channel4_5
                0x00000000080000ec                isr_dma1_channel6
                0x00000000080000ec                isr_spi3
                0x00000000080000ec                isr_tim3
                0x00000000080000ec                isr_tim8_up
                0x00000000080000ec                isr_tim8_cc
                0x00000000080000ec                isr_i2c2_ev
                0x00000000080000ec                isr_dma2_channel2
                0x00000000080000ec                isr_dma2_channel3
                0x00000000080000ec                isr_rtc_alarm
                0x00000000080000ec                isr_tamper
                0x00000000080000ec                isr_dma1_channel3
                0x00000000080000ec                isr_tim8_trg_com
                0x00000000080000ec                isr_i2c1_er
                0x00000000080000ec                isr_wwdg
 .text._init    0x00000000080000f0        0x2 /home/clement/RIOT-master/examples/default/bin/blackpill/newlib_syscalls_default/syscalls.o
                0x00000000080000f0                _init
 .text._fini    0x00000000080000f2        0x2 /home/clement/RIOT-master/examples/default/bin/blackpill/newlib_syscalls_default/syscalls.o
                0x00000000080000f2                _fini
 .text._sbrk_r  0x00000000080000f4       0x3c /home/clement/RIOT-master/examples/default/bin/blackpill/newlib_syscalls_default/syscalls.o
                0x00000000080000f4                _sbrk_r
 .text._read_r  0x0000000008000130        0x8 /home/clement/RIOT-master/examples/default/bin/blackpill/newlib_syscalls_default/syscalls.o
                0x0000000008000130                _read_r
 .text._write_r
                0x0000000008000138        0x8 /home/clement/RIOT-master/examples/default/bin/blackpill/newlib_syscalls_default/syscalls.o
                0x0000000008000138                _write_r
 .text._close_r
                0x0000000008000140        0xa /home/clement/RIOT-master/examples/default/bin/blackpill/newlib_syscalls_default/syscalls.o
                0x0000000008000140                _close_r
 .text._lseek_r
                0x000000000800014a        0xa /home/clement/RIOT-master/examples/default/bin/blackpill/newlib_syscalls_default/syscalls.o
                0x000000000800014a                _lseek_r
 .text._fstat_r
                0x0000000008000154        0xa /home/clement/RIOT-master/examples/default/bin/blackpill/newlib_syscalls_default/syscalls.o
                0x0000000008000154                _fstat_r
 .text._isatty_r
                0x000000000800015e        0xe /home/clement/RIOT-master/examples/default/bin/blackpill/newlib_syscalls_default/syscalls.o
                0x000000000800015e                _isatty_r
 .text.sched_run
                0x000000000800016c       0x64 /home/clement/RIOT-master/examples/default/bin/blackpill/core/sched.o
                0x000000000800016c                sched_run
 .text.sched_set_status
                0x00000000080001d0       0x80 /home/clement/RIOT-master/examples/default/bin/blackpill/core/sched.o
                0x00000000080001d0                sched_set_status
 .text.sched_switch
                0x0000000008000250       0x30 /home/clement/RIOT-master/examples/default/bin/blackpill/core/sched.o
                0x0000000008000250                sched_switch
 .text.sched_task_exit
                0x0000000008000280       0x3c /home/clement/RIOT-master/examples/default/bin/blackpill/core/sched.o
                0x0000000008000280                sched_task_exit
 .text.thread_stack_init
                0x00000000080002bc       0x64 /home/clement/RIOT-master/examples/default/bin/blackpill/cortexm_common/thread_arch.o
                0x00000000080002bc                thread_stack_init
 .text.thread_isr_stack_usage
                0x0000000008000320       0x24 /home/clement/RIOT-master/examples/default/bin/blackpill/cortexm_common/thread_arch.o
                0x0000000008000320                thread_isr_stack_usage
 .text.thread_isr_stack_pointer
                0x0000000008000344        0x6 /home/clement/RIOT-master/examples/default/bin/blackpill/cortexm_common/thread_arch.o
                0x0000000008000344                thread_isr_stack_pointer
 *fill*         0x000000000800034a        0x2 
 .text.thread_isr_stack_start
                0x000000000800034c        0x8 /home/clement/RIOT-master/examples/default/bin/blackpill/cortexm_common/thread_arch.o
                0x000000000800034c                thread_isr_stack_start
 .text.cpu_switch_context_exit
                0x0000000008000354        0x8 /home/clement/RIOT-master/examples/default/bin/blackpill/cortexm_common/thread_arch.o
                0x0000000008000354                cpu_switch_context_exit
 .text.thread_yield_higher
                0x000000000800035c       0x10 /home/clement/RIOT-master/examples/default/bin/blackpill/cortexm_common/thread_arch.o
                0x000000000800035c                thread_yield_higher
 .text.isr_pendsv
                0x000000000800036c       0x1c /home/clement/RIOT-master/examples/default/bin/blackpill/cortexm_common/thread_arch.o
                0x000000000800036c                isr_pendsv
 .text.isr_svc  0x0000000008000388       0x1c /home/clement/RIOT-master/examples/default/bin/blackpill/cortexm_common/thread_arch.o
                0x0000000008000388                isr_svc
 .text.hard_fault_default
                0x00000000080003a4       0x44 /home/clement/RIOT-master/examples/default/bin/blackpill/cortexm_common/vectors_cortexm.o
                0x00000000080003a4                hard_fault_default
 .text.nmi_default
                0x00000000080003e8       0x10 /home/clement/RIOT-master/examples/default/bin/blackpill/cortexm_common/vectors_cortexm.o
                0x00000000080003e8                nmi_default
 .text.mem_manage_default
                0x00000000080003f8       0x10 /home/clement/RIOT-master/examples/default/bin/blackpill/cortexm_common/vectors_cortexm.o
                0x00000000080003f8                mem_manage_default
 .text.bus_fault_default
                0x0000000008000408       0x10 /home/clement/RIOT-master/examples/default/bin/blackpill/cortexm_common/vectors_cortexm.o
                0x0000000008000408                bus_fault_default
 .text.usage_fault_default
                0x0000000008000418       0x10 /home/clement/RIOT-master/examples/default/bin/blackpill/cortexm_common/vectors_cortexm.o
                0x0000000008000418                usage_fault_default
 .text.debug_mon_default
                0x0000000008000428       0x10 /home/clement/RIOT-master/examples/default/bin/blackpill/cortexm_common/vectors_cortexm.o
                0x0000000008000428                debug_mon_default
 .text.dummy_handler_default
                0x0000000008000438       0x10 /home/clement/RIOT-master/examples/default/bin/blackpill/cortexm_common/vectors_cortexm.o
                0x0000000008000438                dummy_handler_default
                0x0000000008000438                isr_systick
 .text.pre_startup
                0x0000000008000448        0x2 /home/clement/RIOT-master/examples/default/bin/blackpill/cortexm_common/vectors_cortexm.o
                0x0000000008000448                pre_startup
 .text.post_startup
                0x000000000800044a        0x2 /home/clement/RIOT-master/examples/default/bin/blackpill/cortexm_common/vectors_cortexm.o
                0x000000000800044a                post_startup
 .text.reset_handler_default
                0x000000000800044c       0x6c /home/clement/RIOT-master/examples/default/bin/blackpill/cortexm_common/vectors_cortexm.o
                0x000000000800044c                reset_handler_default
 .text.hard_fault_handler
                0x00000000080004b8      0x188 /home/clement/RIOT-master/examples/default/bin/blackpill/cortexm_common/vectors_cortexm.o
                0x00000000080004b8                hard_fault_handler
 .text.irq_disable
                0x0000000008000640        0x8 /home/clement/RIOT-master/examples/default/bin/blackpill/cortexm_common/irq_arch.o
                0x0000000008000640                irq_disable
 .text.irq_enable
                0x0000000008000648        0x8 /home/clement/RIOT-master/examples/default/bin/blackpill/cortexm_common/irq_arch.o
                0x0000000008000648                irq_enable
 .text.irq_restore
                0x0000000008000650        0x6 /home/clement/RIOT-master/examples/default/bin/blackpill/cortexm_common/irq_arch.o
                0x0000000008000650                irq_restore
 .text.irq_is_in
                0x0000000008000656        0x8 /home/clement/RIOT-master/examples/default/bin/blackpill/cortexm_common/irq_arch.o
                0x0000000008000656                irq_is_in
 *fill*         0x000000000800065e        0x2 
 .text.stdio_init
                0x0000000008000660       0x18 /home/clement/RIOT-master/examples/default/bin/blackpill/stdio_uart/stdio_uart.o
                0x0000000008000660                stdio_init
 .text.stdio_read
                0x0000000008000678       0x10 /home/clement/RIOT-master/examples/default/bin/blackpill/stdio_uart/stdio_uart.o
                0x0000000008000678                stdio_read
 .text.stdio_write
                0x0000000008000688       0x12 /home/clement/RIOT-master/examples/default/bin/blackpill/stdio_uart/stdio_uart.o
                0x0000000008000688                stdio_write
 *fill*         0x000000000800069a        0x2 
 .text.pm_set   0x000000000800069c       0x70 /home/clement/RIOT-master/examples/default/bin/blackpill/stm32_common_periph/pm.o
                0x000000000800069c                pm_set
 .text.pm_off   0x000000000800070c       0x10 /home/clement/RIOT-master/examples/default/bin/blackpill/stm32_common_periph/pm.o
                0x000000000800070c                pm_off
 .text.uart_enable_clock
                0x000000000800071c       0x30 /home/clement/RIOT-master/examples/default/bin/blackpill/stm32_common_periph/uart.o
 .text.irq_handler
                0x000000000800074c       0x48 /home/clement/RIOT-master/examples/default/bin/blackpill/stm32_common_periph/uart.o
 .text.uart_init
                0x0000000008000794       0xc0 /home/clement/RIOT-master/examples/default/bin/blackpill/stm32_common_periph/uart.o
                0x0000000008000794                uart_init
 .text.uart_write
                0x0000000008000854       0x40 /home/clement/RIOT-master/examples/default/bin/blackpill/stm32_common_periph/uart.o
                0x0000000008000854                uart_write
 .text.isr_usart1
                0x0000000008000894        0x6 /home/clement/RIOT-master/examples/default/bin/blackpill/stm32_common_periph/uart.o
                0x0000000008000894                isr_usart1
 .text.isr_usart2
                0x000000000800089a        0x6 /home/clement/RIOT-master/examples/default/bin/blackpill/stm32_common_periph/uart.o
                0x000000000800089a                isr_usart2
 .text.isr_usart3
                0x00000000080008a0        0x6 /home/clement/RIOT-master/examples/default/bin/blackpill/stm32_common_periph/uart.o
                0x00000000080008a0                isr_usart3
 *fill*         0x00000000080008a6        0x2 
 .text.board_init
                0x00000000080008a8       0x18 /home/clement/RIOT-master/examples/default/bin/blackpill/boards_common_blxxxpill/board.o
                0x00000000080008a8                board_init
 .text.panic_arch
                0x00000000080008c0        0x2 /home/clement/RIOT-master/examples/default/bin/blackpill/core/panic.o
                0x00000000080008c0                panic_arch
 *fill*         0x00000000080008c2        0x2 
 .text.core_panic
                0x00000000080008c4       0x54 /home/clement/RIOT-master/examples/default/bin/blackpill/core/panic.o
                0x00000000080008c4                core_panic
 .text.main_trampoline
                0x0000000008000918       0x18 /home/clement/RIOT-master/examples/default/bin/blackpill/core/kernel_init.o
 .text.idle_thread
                0x0000000008000930        0x8 /home/clement/RIOT-master/examples/default/bin/blackpill/core/kernel_init.o
 .text.kernel_init
                0x0000000008000938       0x58 /home/clement/RIOT-master/examples/default/bin/blackpill/core/kernel_init.o
                0x0000000008000938                kernel_init
 .text.thread_add_to_list
                0x0000000008000990       0x30 /home/clement/RIOT-master/examples/default/bin/blackpill/core/thread.o
                0x0000000008000990                thread_add_to_list
 .text.thread_measure_stack_free
                0x00000000080009c0        0xe /home/clement/RIOT-master/examples/default/bin/blackpill/core/thread.o
                0x00000000080009c0                thread_measure_stack_free
 *fill*         0x00000000080009ce        0x2 
 .text.thread_create
                0x00000000080009d0       0xec /home/clement/RIOT-master/examples/default/bin/blackpill/core/thread.o
                0x00000000080009d0                thread_create
 .text.isrpipe_write_one
                0x0000000008000abc       0x16 /home/clement/RIOT-master/examples/default/bin/blackpill/isrpipe/isrpipe.o
                0x0000000008000abc                isrpipe_write_one
 .text.isrpipe_read
                0x0000000008000ad2       0x24 /home/clement/RIOT-master/examples/default/bin/blackpill/isrpipe/isrpipe.o
                0x0000000008000ad2                isrpipe_read
 .text.gpio_init
                0x0000000008000af6       0x68 /home/clement/RIOT-master/examples/default/bin/blackpill/periph/gpio.o
                0x0000000008000af6                gpio_init
 .text.gpio_init_af
                0x0000000008000b5e       0x44 /home/clement/RIOT-master/examples/default/bin/blackpill/periph/gpio.o
                0x0000000008000b5e                gpio_init_af
 .text.gpio_read
                0x0000000008000ba2       0x2c /home/clement/RIOT-master/examples/default/bin/blackpill/periph/gpio.o
                0x0000000008000ba2                gpio_read
 .text.gpio_set
                0x0000000008000bce       0x12 /home/clement/RIOT-master/examples/default/bin/blackpill/periph/gpio.o
                0x0000000008000bce                gpio_set
 .text.gpio_write
                0x0000000008000be0       0x16 /home/clement/RIOT-master/examples/default/bin/blackpill/periph/gpio.o
                0x0000000008000be0                gpio_write
 *fill*         0x0000000008000bf6        0x2 
 .text.pm_set_lowest
                0x0000000008000bf8       0x38 /home/clement/RIOT-master/examples/default/bin/blackpill/pm_layered/pm.o
                0x0000000008000bf8                pm_set_lowest
 .text.pm_block
                0x0000000008000c30       0x30 /home/clement/RIOT-master/examples/default/bin/blackpill/pm_layered/pm.o
                0x0000000008000c30                pm_block
 .text.ps       0x0000000008000c60       0xe8 /home/clement/RIOT-master/examples/default/bin/blackpill/ps/ps.o
                0x0000000008000c60                ps
 .text.stmclk_init_sysclk
                0x0000000008000d48       0x80 /home/clement/RIOT-master/examples/default/bin/blackpill/stm32_common/stmclk.o
                0x0000000008000d48                stmclk_init_sysclk
 .text.stmclk_enable_hsi
                0x0000000008000dc8       0x18 /home/clement/RIOT-master/examples/default/bin/blackpill/stm32_common/stmclk_common.o
                0x0000000008000dc8                stmclk_enable_hsi
 .text.stmclk_disable_hsi
                0x0000000008000de0       0x18 /home/clement/RIOT-master/examples/default/bin/blackpill/stm32_common/stmclk_common.o
                0x0000000008000de0                stmclk_disable_hsi
 .text.cpu_init
                0x0000000008000df8       0xa0 /home/clement/RIOT-master/examples/default/bin/blackpill/stm32_common/cpu_init.o
                0x0000000008000df8                cpu_init
 .text.periph_apb_clk
                0x0000000008000e98       0x18 /home/clement/RIOT-master/examples/default/bin/blackpill/stm32_common/cpu_common.o
                0x0000000008000e98                periph_apb_clk
 .text.periph_clk_en
                0x0000000008000eb0       0x34 /home/clement/RIOT-master/examples/default/bin/blackpill/stm32_common/cpu_common.o
                0x0000000008000eb0                periph_clk_en
 .text._pop     0x0000000008000ee4       0x12 /home/clement/RIOT-master/examples/default/bin/blackpill/tsrb/tsrb.o
 .text.tsrb_get
                0x0000000008000ef6       0x26 /home/clement/RIOT-master/examples/default/bin/blackpill/tsrb/tsrb.o
                0x0000000008000ef6                tsrb_get
 .text.tsrb_add_one
                0x0000000008000f1c       0x26 /home/clement/RIOT-master/examples/default/bin/blackpill/tsrb/tsrb.o
                0x0000000008000f1c                tsrb_add_one
 .text.periph_init
                0x0000000008000f42        0x2 /home/clement/RIOT-master/examples/default/bin/blackpill/periph_common/init.o
                0x0000000008000f42                periph_init
 .text.startup.main
                0x0000000008000f44       0x1c /home/clement/RIOT-master/examples/default/bin/blackpill/application_default/main.o
                0x0000000008000f44                main
 .text.auto_init
                0x0000000008000f60        0x4 /home/clement/RIOT-master/examples/default/bin/blackpill/auto_init/auto_init.o
                0x0000000008000f60                auto_init
 .text.auto_init_gpio
                0x0000000008000f64       0x48 /home/clement/RIOT-master/examples/default/bin/blackpill/auto_init_saul/auto_init_gpio.o
                0x0000000008000f64                auto_init_gpio
 .text._mutex_lock
                0x0000000008000fac       0x60 /home/clement/RIOT-master/examples/default/bin/blackpill/core/mutex.o
                0x0000000008000fac                _mutex_lock
 .text.mutex_unlock
                0x000000000800100c       0x4c /home/clement/RIOT-master/examples/default/bin/blackpill/core/mutex.o
                0x000000000800100c                mutex_unlock
 .text.cortexm_init
                0x0000000008001058       0x40 /home/clement/RIOT-master/examples/default/bin/blackpill/cortexm_common/cortexm_init.o
                0x0000000008001058                cortexm_init
 .text.write    0x0000000008001098       0x1c /home/clement/RIOT-master/examples/default/bin/blackpill/saul/gpio_saul.o
 .text.read     0x00000000080010b4       0x24 /home/clement/RIOT-master/examples/default/bin/blackpill/saul/gpio_saul.o
 .text.saul_reg_add
                0x00000000080010d8       0x2c /home/clement/RIOT-master/examples/default/bin/blackpill/saul_reg/saul_reg.o
                0x00000000080010d8                saul_reg_add
 .text.saul_reg_find_nth
                0x0000000008001104       0x1c /home/clement/RIOT-master/examples/default/bin/blackpill/saul_reg/saul_reg.o
                0x0000000008001104                saul_reg_find_nth
 .text.saul_reg_read
                0x0000000008001120       0x10 /home/clement/RIOT-master/examples/default/bin/blackpill/saul_reg/saul_reg.o
                0x0000000008001120                saul_reg_read
 .text.saul_reg_write
                0x0000000008001130       0x10 /home/clement/RIOT-master/examples/default/bin/blackpill/saul_reg/saul_reg.o
                0x0000000008001130                saul_reg_write
 .text.flush_if_needed
                0x0000000008001140       0x10 /home/clement/RIOT-master/examples/default/bin/blackpill/shell/shell.o
 .text.shell_run_once
                0x0000000008001150      0x278 /home/clement/RIOT-master/examples/default/bin/blackpill/shell/shell.o
                0x0000000008001150                shell_run_once
 .text._reboot_handler
                0x00000000080013c8        0xa /home/clement/RIOT-master/examples/default/bin/blackpill/shell_commands/sc_sys.o
                0x00000000080013c8                _reboot_handler
 .text._ps_handler
                0x00000000080013d2        0xa /home/clement/RIOT-master/examples/default/bin/blackpill/shell_commands/sc_ps.o
                0x00000000080013d2                _ps_handler
 .text.probe    0x00000000080013dc       0x48 /home/clement/RIOT-master/examples/default/bin/blackpill/shell_commands/sc_saul_reg.o
 .text._saul    0x0000000008001424      0x17c /home/clement/RIOT-master/examples/default/bin/blackpill/shell_commands/sc_saul_reg.o
                0x0000000008001424                _saul
 .text.pm_reboot
                0x00000000080015a0       0x24 /home/clement/RIOT-master/examples/default/bin/blackpill/cortexm_common_periph/pm.o
                0x00000000080015a0                pm_reboot
 .text.phydat_unit_to_str
                0x00000000080015c4       0x1c /home/clement/RIOT-master/examples/default/bin/blackpill/phydat/phydat_str.o
                0x00000000080015c4                phydat_unit_to_str
 .text.phydat_prefix_from_scale
                0x00000000080015e0       0x14 /home/clement/RIOT-master/examples/default/bin/blackpill/phydat/phydat_str.o
                0x00000000080015e0                phydat_prefix_from_scale
 .text.phydat_dump
                0x00000000080015f4       0xe4 /home/clement/RIOT-master/examples/default/bin/blackpill/phydat/phydat_str.o
                0x00000000080015f4                phydat_dump
 .text.saul_class_to_str
                0x00000000080016d8        0xc /home/clement/RIOT-master/examples/default/bin/blackpill/saul/saul_str.o
                0x00000000080016d8                saul_class_to_str
 .text.fmt_u32_dec
                0x00000000080016e4       0x40 /home/clement/RIOT-master/examples/default/bin/blackpill/fmt/fmt.o
                0x00000000080016e4                fmt_u32_dec
 .text.fmt_s32_dec
                0x0000000008001724       0x20 /home/clement/RIOT-master/examples/default/bin/blackpill/fmt/fmt.o
                0x0000000008001724                fmt_s32_dec
 .text.fmt_lpad
                0x0000000008001744       0x2c /home/clement/RIOT-master/examples/default/bin/blackpill/fmt/fmt.o
                0x0000000008001744                fmt_lpad
 .text.fmt_s32_dfp
                0x0000000008001770       0xac /home/clement/RIOT-master/examples/default/bin/blackpill/fmt/fmt.o
                0x0000000008001770                fmt_s32_dfp
 .text.fmt_s16_dfp
                0x000000000800181c        0x4 /home/clement/RIOT-master/examples/default/bin/blackpill/fmt/fmt.o
                0x000000000800181c                fmt_s16_dfp
 .text.atoi     0x0000000008001820        0x8 /usr/bin/../lib/gcc/arm-none-eabi/7.3.1/../../../../arm-none-eabi/lib/thumb/v7-m/libc_nano.a(lib_a-atoi.o)
                0x0000000008001820                atoi
 .text.__sflush_r
                0x0000000008001828      0x10c /usr/bin/../lib/gcc/arm-none-eabi/7.3.1/../../../../arm-none-eabi/lib/thumb/v7-m/libc_nano.a(lib_a-fflush.o)
                0x0000000008001828                __sflush_r
 .text._fflush_r
                0x0000000008001934       0x54 /usr/bin/../lib/gcc/arm-none-eabi/7.3.1/../../../../arm-none-eabi/lib/thumb/v7-m/libc_nano.a(lib_a-fflush.o)
                0x0000000008001934                _fflush_r
 .text.fflush   0x0000000008001988       0x24 /usr/bin/../lib/gcc/arm-none-eabi/7.3.1/../../../../arm-none-eabi/lib/thumb/v7-m/libc_nano.a(lib_a-fflush.o)
                0x0000000008001988                fflush
 .text.std      0x00000000080019ac       0x48 /usr/bin/../lib/gcc/arm-none-eabi/7.3.1/../../../../arm-none-eabi/lib/thumb/v7-m/libc_nano.a(lib_a-findfp.o)
 .text._cleanup_r
                0x00000000080019f4        0xc /usr/bin/../lib/gcc/arm-none-eabi/7.3.1/../../../../arm-none-eabi/lib/thumb/v7-m/libc_nano.a(lib_a-findfp.o)
                0x00000000080019f4                _cleanup_r
 .text.__sfmoreglue
                0x0000000008001a00       0x2c /usr/bin/../lib/gcc/arm-none-eabi/7.3.1/../../../../arm-none-eabi/lib/thumb/v7-m/libc_nano.a(lib_a-findfp.o)
                0x0000000008001a00                __sfmoreglue
 .text.__sinit  0x0000000008001a2c       0x60 /usr/bin/../lib/gcc/arm-none-eabi/7.3.1/../../../../arm-none-eabi/lib/thumb/v7-m/libc_nano.a(lib_a-findfp.o)
                0x0000000008001a2c                __sinit
 .text.__sfp    0x0000000008001a8c       0x78 /usr/bin/../lib/gcc/arm-none-eabi/7.3.1/../../../../arm-none-eabi/lib/thumb/v7-m/libc_nano.a(lib_a-findfp.o)
                0x0000000008001a8c                __sfp
 .text._fwalk   0x0000000008001b04       0x38 /usr/bin/../lib/gcc/arm-none-eabi/7.3.1/../../../../arm-none-eabi/lib/thumb/v7-m/libc_nano.a(lib_a-fwalk.o)
                0x0000000008001b04                _fwalk
 .text._fwalk_reent
                0x0000000008001b3c       0x3c /usr/bin/../lib/gcc/arm-none-eabi/7.3.1/../../../../arm-none-eabi/lib/thumb/v7-m/libc_nano.a(lib_a-fwalk.o)
                0x0000000008001b3c                _fwalk_reent
 .text.getchar  0x0000000008001b78       0x24 /usr/bin/../lib/gcc/arm-none-eabi/7.3.1/../../../../arm-none-eabi/lib/thumb/v7-m/libc_nano.a(lib_a-getchar.o)
                0x0000000008001b78                getchar
 .text.__libc_init_array
                0x0000000008001b9c       0x48 /usr/bin/../lib/gcc/arm-none-eabi/7.3.1/../../../../arm-none-eabi/lib/thumb/v7-m/libc_nano.a(lib_a-init.o)
                0x0000000008001b9c                __libc_init_array
 .text.memmove  0x0000000008001be4       0x32 /usr/bin/../lib/gcc/arm-none-eabi/7.3.1/../../../../arm-none-eabi/lib/thumb/v7-m/libc_nano.a(lib_a-memmove.o)
                0x0000000008001be4                memmove
 .text.memset   0x0000000008001c16       0x10 /usr/bin/../lib/gcc/arm-none-eabi/7.3.1/../../../../arm-none-eabi/lib/thumb/v7-m/libc_nano.a(lib_a-memset.o)
                0x0000000008001c16                memset
 *fill*         0x0000000008001c26        0x2 
 .text._free_r  0x0000000008001c28       0x98 /usr/bin/../lib/gcc/arm-none-eabi/7.3.1/../../../../arm-none-eabi/lib/thumb/v7-m/libc_nano.a(lib_a-nano-freer.o)
                0x0000000008001c28                _free_r
 .text._malloc_r
                0x0000000008001cc0       0xb4 /usr/bin/../lib/gcc/arm-none-eabi/7.3.1/../../../../arm-none-eabi/lib/thumb/v7-m/libc_nano.a(lib_a-nano-mallocr.o)
                0x0000000008001cc0                _malloc_r
 .text.printf   0x0000000008001d74       0x30 /usr/bin/../lib/gcc/arm-none-eabi/7.3.1/../../../../arm-none-eabi/lib/thumb/v7-m/libc_nano.a(lib_a-printf.o)
                0x0000000008001d74                printf
                0x0000000008001d74                iprintf
 .text.putchar  0x0000000008001da4       0x28 /usr/bin/../lib/gcc/arm-none-eabi/7.3.1/../../../../arm-none-eabi/lib/thumb/v7-m/libc_nano.a(lib_a-putchar.o)
                0x0000000008001da4                putchar
 .text._puts_r  0x0000000008001dcc       0xb8 /usr/bin/../lib/gcc/arm-none-eabi/7.3.1/../../../../arm-none-eabi/lib/thumb/v7-m/libc_nano.a(lib_a-puts.o)
                0x0000000008001dcc                _puts_r
 .text.puts     0x0000000008001e84       0x10 /usr/bin/../lib/gcc/arm-none-eabi/7.3.1/../../../../arm-none-eabi/lib/thumb/v7-m/libc_nano.a(lib_a-puts.o)
                0x0000000008001e84                puts
 .text.__sread  0x0000000008001e94       0x22 /usr/bin/../lib/gcc/arm-none-eabi/7.3.1/../../../../arm-none-eabi/lib/thumb/v7-m/libc_nano.a(lib_a-stdio.o)
                0x0000000008001e94                __sread
 .text.__swrite
                0x0000000008001eb6       0x38 /usr/bin/../lib/gcc/arm-none-eabi/7.3.1/../../../../arm-none-eabi/lib/thumb/v7-m/libc_nano.a(lib_a-stdio.o)
                0x0000000008001eb6                __swrite
 .text.__sseek  0x0000000008001eee       0x24 /usr/bin/../lib/gcc/arm-none-eabi/7.3.1/../../../../arm-none-eabi/lib/thumb/v7-m/libc_nano.a(lib_a-stdio.o)
                0x0000000008001eee                __sseek
 .text.__sclose
                0x0000000008001f12        0x8 /usr/bin/../lib/gcc/arm-none-eabi/7.3.1/../../../../arm-none-eabi/lib/thumb/v7-m/libc_nano.a(lib_a-stdio.o)
                0x0000000008001f12                __sclose
 .text          0x0000000008001f1a       0x14 /usr/bin/../lib/gcc/arm-none-eabi/7.3.1/../../../../arm-none-eabi/lib/thumb/v7-m/libc_nano.a(lib_a-strcmp.o)
                0x0000000008001f1a                strcmp
 .text._strtol_l.isra.0
                0x0000000008001f2e       0xf6 /usr/bin/../lib/gcc/arm-none-eabi/7.3.1/../../../../arm-none-eabi/lib/thumb/v7-m/libc_nano.a(lib_a-strtol.o)
 .text.strtol   0x0000000008002024       0x2c /usr/bin/../lib/gcc/arm-none-eabi/7.3.1/../../../../arm-none-eabi/lib/thumb/v7-m/libc_nano.a(lib_a-strtol.o)
                0x0000000008002024                strtol
 .text.__swbuf_r
                0x0000000008002050       0xa4 /usr/bin/../lib/gcc/arm-none-eabi/7.3.1/../../../../arm-none-eabi/lib/thumb/v7-m/libc_nano.a(lib_a-wbuf.o)
                0x0000000008002050                __swbuf_r
 .text.__swsetup_r
                0x00000000080020f4       0xdc /usr/bin/../lib/gcc/arm-none-eabi/7.3.1/../../../../arm-none-eabi/lib/thumb/v7-m/libc_nano.a(lib_a-wsetup.o)
                0x00000000080020f4                __swsetup_r
 .text._getc_r  0x00000000080021d0       0x58 /usr/bin/../lib/gcc/arm-none-eabi/7.3.1/../../../../arm-none-eabi/lib/thumb/v7-m/libc_nano.a(lib_a-getc.o)
                0x00000000080021d0                _getc_r
 .text.__locale_ctype_ptr_l
                0x0000000008002228        0x6 /usr/bin/../lib/gcc/arm-none-eabi/7.3.1/../../../../arm-none-eabi/lib/thumb/v7-m/libc_nano.a(lib_a-locale.o)
                0x0000000008002228                __locale_ctype_ptr_l
 .text.__swhatbuf_r
                0x000000000800222e       0x48 /usr/bin/../lib/gcc/arm-none-eabi/7.3.1/../../../../arm-none-eabi/lib/thumb/v7-m/libc_nano.a(lib_a-makebuf.o)
                0x000000000800222e                __swhatbuf_r
 *fill*         0x0000000008002276        0x2 
 .text.__smakebuf_r
                0x0000000008002278       0x80 /usr/bin/../lib/gcc/arm-none-eabi/7.3.1/../../../../arm-none-eabi/lib/thumb/v7-m/libc_nano.a(lib_a-makebuf.o)
                0x0000000008002278                __smakebuf_r
 .text.__ascii_mbtowc
                0x00000000080022f8       0x24 /usr/bin/../lib/gcc/arm-none-eabi/7.3.1/../../../../arm-none-eabi/lib/thumb/v7-m/libc_nano.a(lib_a-mbtowc_r.o)
                0x00000000080022f8                __ascii_mbtowc
 .text.__malloc_lock
                0x000000000800231c        0x2 /usr/bin/../lib/gcc/arm-none-eabi/7.3.1/../../../../arm-none-eabi/lib/thumb/v7-m/libc_nano.a(lib_a-mlock.o)
                0x000000000800231c                __malloc_lock
 .text.__malloc_unlock
                0x000000000800231e        0x2 /usr/bin/../lib/gcc/arm-none-eabi/7.3.1/../../../../arm-none-eabi/lib/thumb/v7-m/libc_nano.a(lib_a-mlock.o)
                0x000000000800231e                __malloc_unlock
 .text.__sfputc_r
                0x0000000008002320       0x2a /usr/bin/../lib/gcc/arm-none-eabi/7.3.1/../../../../arm-none-eabi/lib/thumb/v7-m/libc_nano.a(lib_a-nano-vfprintf.o)
 .text.__sfputs_r
                0x000000000800234a       0x24 /usr/bin/../lib/gcc/arm-none-eabi/7.3.1/../../../../arm-none-eabi/lib/thumb/v7-m/libc_nano.a(lib_a-nano-vfprintf.o)
                0x000000000800234a                __sfputs_r
 *fill*         0x000000000800236e        0x2 
 .text._vfprintf_r
                0x0000000008002370      0x22c /usr/bin/../lib/gcc/arm-none-eabi/7.3.1/../../../../arm-none-eabi/lib/thumb/v7-m/libc_nano.a(lib_a-nano-vfprintf.o)
                0x0000000008002370                _vfiprintf_r
                0x0000000008002370                _vfprintf_r
 .text._printf_common
                0x000000000800259c       0xec /usr/bin/../lib/gcc/arm-none-eabi/7.3.1/../../../../arm-none-eabi/lib/thumb/v7-m/libc_nano.a(lib_a-nano-vfprintf_i.o)
                0x000000000800259c                _printf_common
 .text._printf_i
                0x0000000008002688      0x224 /usr/bin/../lib/gcc/arm-none-eabi/7.3.1/../../../../arm-none-eabi/lib/thumb/v7-m/libc_nano.a(lib_a-nano-vfprintf_i.o)
                0x0000000008002688                _printf_i
 .text._putc_r  0x00000000080028ac       0x6c /usr/bin/../lib/gcc/arm-none-eabi/7.3.1/../../../../arm-none-eabi/lib/thumb/v7-m/libc_nano.a(lib_a-putc.o)
                0x00000000080028ac                _putc_r
 .text.__srget_r
                0x0000000008002918       0x58 /usr/bin/../lib/gcc/arm-none-eabi/7.3.1/../../../../arm-none-eabi/lib/thumb/v7-m/libc_nano.a(lib_a-rget.o)
                0x0000000008002918                __srget_r
 .text.__ascii_wctomb
                0x0000000008002970       0x1a /usr/bin/../lib/gcc/arm-none-eabi/7.3.1/../../../../arm-none-eabi/lib/thumb/v7-m/libc_nano.a(lib_a-wctomb_r.o)
                0x0000000008002970                __ascii_wctomb
 .text.memchr   0x000000000800298a       0x1c /usr/bin/../lib/gcc/arm-none-eabi/7.3.1/../../../../arm-none-eabi/lib/thumb/v7-m/libc_nano.a(lib_a-memchr-stub.o)
                0x000000000800298a                memchr
 .text.lflush   0x00000000080029a6       0x12 /usr/bin/../lib/gcc/arm-none-eabi/7.3.1/../../../../arm-none-eabi/lib/thumb/v7-m/libc_nano.a(lib_a-refill.o)
 .text.__srefill_r
                0x00000000080029b8      0x118 /usr/bin/../lib/gcc/arm-none-eabi/7.3.1/../../../../arm-none-eabi/lib/thumb/v7-m/libc_nano.a(lib_a-refill.o)
                0x00000000080029b8                __srefill_r
 *(.glue_7t)
 .glue_7t       0x0000000008002ad0        0x0 linker stubs
 *(.glue_7)
 .glue_7        0x0000000008002ad0        0x0 linker stubs
 *(.rodata .rodata* .gnu.linkonce.r.*)
 .rodata.bus_fault_default.str1.1
                0x0000000008002ad0       0x12 /home/clement/RIOT-master/examples/default/bin/blackpill/cortexm_common/vectors_cortexm.o
 .rodata.debug_mon_default.str1.1
                0x0000000008002ae2       0x12 /home/clement/RIOT-master/examples/default/bin/blackpill/cortexm_common/vectors_cortexm.o
 .rodata.dummy_handler_default.str1.1
                0x0000000008002af4        0xe /home/clement/RIOT-master/examples/default/bin/blackpill/cortexm_common/vectors_cortexm.o
 .rodata.hard_fault_handler.str1.1
                0x0000000008002b02      0x1f4 /home/clement/RIOT-master/examples/default/bin/blackpill/cortexm_common/vectors_cortexm.o
 .rodata.mem_manage_default.str1.1
                0x0000000008002cf6       0x13 /home/clement/RIOT-master/examples/default/bin/blackpill/cortexm_common/vectors_cortexm.o
 .rodata.nmi_default.str1.1
                0x0000000008002d09        0xc /home/clement/RIOT-master/examples/default/bin/blackpill/cortexm_common/vectors_cortexm.o
 .rodata.usage_fault_default.str1.1
                0x0000000008002d15       0x14 /home/clement/RIOT-master/examples/default/bin/blackpill/cortexm_common/vectors_cortexm.o
 *fill*         0x0000000008002d29        0x3 
 .rodata.uart_config
                0x0000000008002d2c       0x3c /home/clement/RIOT-master/examples/default/bin/blackpill/stm32_common_periph/uart.o
 .rodata.assert_crash_message
                0x0000000008002d68       0x12 /home/clement/RIOT-master/examples/default/bin/blackpill/core/panic.o
                0x0000000008002d68                assert_crash_message
 .rodata.core_panic.str1.1
                0x0000000008002d7a       0x2e /home/clement/RIOT-master/examples/default/bin/blackpill/core/panic.o
                                         0x30 (size before relaxing)
 .rodata.main_trampoline.str1.1
                0x0000000008002da8       0x50 /home/clement/RIOT-master/examples/default/bin/blackpill/core/kernel_init.o
 .rodata.str1.1
                0x0000000008002df8        0xa /home/clement/RIOT-master/examples/default/bin/blackpill/core/kernel_init.o
 .rodata        0x0000000008002e02        0x2 /home/clement/RIOT-master/examples/default/bin/blackpill/ps/ps.o
 .rodata.ps.str1.1
                0x0000000008002e04       0xfd /home/clement/RIOT-master/examples/default/bin/blackpill/ps/ps.o
 *fill*         0x0000000008002f01        0x3 
 .rodata.state_names
                0x0000000008002f04       0x30 /home/clement/RIOT-master/examples/default/bin/blackpill/ps/ps.o
 .rodata.str1.1
                0x0000000008002f34       0x63 /home/clement/RIOT-master/examples/default/bin/blackpill/ps/ps.o
 .rodata.main.str1.1
                0x0000000008002f97       0x11 /home/clement/RIOT-master/examples/default/bin/blackpill/application_default/main.o
 .rodata.auto_init_gpio.str1.1
                0x0000000008002fa8        0x4 /home/clement/RIOT-master/examples/default/bin/blackpill/auto_init_saul/auto_init_gpio.o
 .rodata.saul_gpio_params
                0x0000000008002fac        0xc /home/clement/RIOT-master/examples/default/bin/blackpill/auto_init_saul/auto_init_gpio.o
 .rodata.gpio_out_saul_driver
                0x0000000008002fb8        0xc /home/clement/RIOT-master/examples/default/bin/blackpill/saul/gpio_saul.o
                0x0000000008002fb8                gpio_out_saul_driver
 .rodata.shell_run_once.str1.1
                0x0000000008002fc4       0x82 /home/clement/RIOT-master/examples/default/bin/blackpill/shell/shell.o
 *fill*         0x0000000008003046        0x2 
 .rodata._shell_command_list
                0x0000000008003048       0x30 /home/clement/RIOT-master/examples/default/bin/blackpill/shell_commands/shell_commands.o
                0x0000000008003048                _shell_command_list
 .rodata.str1.1
                0x0000000008003078       0x75 /home/clement/RIOT-master/examples/default/bin/blackpill/shell_commands/shell_commands.o
                                         0x78 (size before relaxing)
 .rodata._saul.str1.1
                0x00000000080030ed      0x177 /home/clement/RIOT-master/examples/default/bin/blackpill/shell_commands/sc_saul_reg.o
                                        0x178 (size before relaxing)
 .rodata.probe.str1.1
                0x0000000008003264       0x41 /home/clement/RIOT-master/examples/default/bin/blackpill/shell_commands/sc_saul_reg.o
 *fill*         0x00000000080032a5        0x3 
 .rodata.CSWTCH.2
                0x00000000080032a8       0x74 /home/clement/RIOT-master/examples/default/bin/blackpill/phydat/phydat_str.o
 .rodata.CSWTCH.4
                0x000000000800331c       0x1f /home/clement/RIOT-master/examples/default/bin/blackpill/phydat/phydat_str.o
 .rodata.phydat_dump.str1.1
                0x000000000800333b       0x46 /home/clement/RIOT-master/examples/default/bin/blackpill/phydat/phydat_str.o
                                         0x4a (size before relaxing)
 .rodata.phydat_unit_to_str.str1.1
                0x0000000008003381        0x1 /home/clement/RIOT-master/examples/default/bin/blackpill/phydat/phydat_str.o
 .rodata.str1.1
                0x0000000008003381       0x3f /home/clement/RIOT-master/examples/default/bin/blackpill/phydat/phydat_str.o
                                         0x4f (size before relaxing)
 .rodata.CSWTCH.1
                0x00000000080033c0      0x400 /home/clement/RIOT-master/examples/default/bin/blackpill/saul/saul_str.o
 .rodata.str1.1
                0x00000000080037c0      0x19e /home/clement/RIOT-master/examples/default/bin/blackpill/saul/saul_str.o
 *fill*         0x000000000800395e        0x2 
 .rodata._tenmap
                0x0000000008003960       0x20 /home/clement/RIOT-master/examples/default/bin/blackpill/fmt/fmt.o
 .rodata.__sf_fake_stderr
                0x0000000008003980       0x20 /usr/bin/../lib/gcc/arm-none-eabi/7.3.1/../../../../arm-none-eabi/lib/thumb/v7-m/libc_nano.a(lib_a-findfp.o)
                0x0000000008003980                __sf_fake_stderr
 .rodata.__sf_fake_stdin
                0x00000000080039a0       0x20 /usr/bin/../lib/gcc/arm-none-eabi/7.3.1/../../../../arm-none-eabi/lib/thumb/v7-m/libc_nano.a(lib_a-findfp.o)
                0x00000000080039a0                __sf_fake_stdin
 .rodata.__sf_fake_stdout
                0x00000000080039c0       0x20 /usr/bin/../lib/gcc/arm-none-eabi/7.3.1/../../../../arm-none-eabi/lib/thumb/v7-m/libc_nano.a(lib_a-findfp.o)
                0x00000000080039c0                __sf_fake_stdout
 .rodata._global_impure_ptr
                0x00000000080039e0        0x4 /usr/bin/../lib/gcc/arm-none-eabi/7.3.1/../../../../arm-none-eabi/lib/thumb/v7-m/libc_nano.a(lib_a-impure.o)
                0x00000000080039e0                _global_impure_ptr
 .rodata._setlocale_r.str1.1
                0x00000000080039e4        0x6 /usr/bin/../lib/gcc/arm-none-eabi/7.3.1/../../../../arm-none-eabi/lib/thumb/v7-m/libc_nano.a(lib_a-locale.o)
                                          0x9 (size before relaxing)
 .rodata.str1.1
                0x00000000080039ea        0x6 /usr/bin/../lib/gcc/arm-none-eabi/7.3.1/../../../../arm-none-eabi/lib/thumb/v7-m/libc_nano.a(lib_a-locale.o)
                                          0x2 (size before relaxing)
 .rodata._vfprintf_r.str1.1
                0x00000000080039ea       0x11 /usr/bin/../lib/gcc/arm-none-eabi/7.3.1/../../../../arm-none-eabi/lib/thumb/v7-m/libc_nano.a(lib_a-nano-vfprintf.o)
 .rodata._printf_i.str1.1
                0x00000000080039fb       0x22 /usr/bin/../lib/gcc/arm-none-eabi/7.3.1/../../../../arm-none-eabi/lib/thumb/v7-m/libc_nano.a(lib_a-nano-vfprintf_i.o)
 .rodata._ctype_
                0x0000000008003a1d      0x101 /usr/bin/../lib/gcc/arm-none-eabi/7.3.1/../../../../arm-none-eabi/lib/thumb/v7-m/libc_nano.a(lib_a-ctype_.o)
                0x0000000008003a1d                _ctype_
 *(.ARM.extab* .gnu.linkonce.armextab.*)
                0x0000000008003b20                . = ALIGN (0x4)
 *fill*         0x0000000008003b1e        0x2 
 *(.init)
                0x0000000008003b20                . = ALIGN (0x4)
                0x0000000008003b20                __preinit_array_start = .
 *(.preinit_array)
                0x0000000008003b20                __preinit_array_end = .
                0x0000000008003b20                . = ALIGN (0x4)
                0x0000000008003b20                __init_array_start = .
 *(SORT_BY_NAME(.init_array.*))
 *(.init_array)
                0x0000000008003b20                __init_array_end = .
                0x0000000008003b20                . = ALIGN (0x4)
 *crtbegin.o(.ctors)
 *(EXCLUDE_FILE(*crtend.o) .ctors)
 *(SORT_BY_NAME(.ctors.*))
 *crtend.o(.ctors)
                0x0000000008003b20                . = ALIGN (0x4)
 *(.fini)
                0x0000000008003b20                . = ALIGN (0x4)
                0x0000000008003b20                __fini_array_start = .
 *(.fini_array)
 *(SORT_BY_NAME(.fini_array.*))
                0x0000000008003b20                __fini_array_end = .
 *crtbegin.o(.dtors)
 *(EXCLUDE_FILE(*crtend.o) .dtors)
 *(SORT_BY_NAME(.dtors.*))
 *crtend.o(.dtors)
                0x0000000008003b20                . = ALIGN (0x4)
                0x0000000008003b20                _efixed = .
                [!provide]                        PROVIDE (__exidx_start = .)

.vfp11_veneer   0x0000000008003b20        0x0
 .vfp11_veneer  0x0000000008003b20        0x0 linker stubs

.v4_bx          0x0000000008003b20        0x0
 .v4_bx         0x0000000008003b20        0x0 linker stubs

.iplt           0x0000000008003b20        0x0
 .iplt          0x0000000008003b20        0x0 /home/clement/RIOT-master/examples/default/bin/blackpill/cpu/vectors.o

.igot.plt       0x0000000008003b20        0x0
 .igot.plt      0x0000000008003b20        0x0 /home/clement/RIOT-master/examples/default/bin/blackpill/cpu/vectors.o

.rel.dyn        0x0000000008003b20        0x0
 .rel.iplt      0x0000000008003b20        0x0 /home/clement/RIOT-master/examples/default/bin/blackpill/cpu/vectors.o

.ARM.exidx
 *(.ARM.exidx* .gnu.linkonce.armexidx.*)
                [!provide]                        PROVIDE (__exidx_end = .)
                0x0000000008003b20                . = ALIGN (0x4)

.eh_frame
 *(.eh_frame)
                0x0000000008003b20                . = ALIGN (0x4)
                0x0000000008003b20                _etext = .

.stack          0x0000000020000000      0x200
 *(.puf)
                0x0000000020000000                . = ALIGN (0x8)
                0x0000000020000000                _sstack = .
 *(.isr_stack)
 .isr_stack     0x0000000020000000      0x200 /home/clement/RIOT-master/examples/default/bin/blackpill/cortexm_common/vectors_cortexm.o
                0x0000000020000000                isr_stack
                0x0000000020000200                . = ALIGN (0x8)
                0x0000000020000200                _estack = .

.relocate       0x0000000020000200      0x1f8 load address 0x0000000008003b20
                0x0000000020000200                . = ALIGN (0x4)
                0x0000000020000200                _srelocate = .
 *(.ramfunc .ramfunc.*)
 *(.data .data.*)
 .data.heap_top
                0x0000000020000200        0x4 /home/clement/RIOT-master/examples/default/bin/blackpill/newlib_syscalls_default/syscalls.o
                0x0000000020000200                heap_top
 .data.stdio_uart_isrpipe
                0x0000000020000204       0x14 /home/clement/RIOT-master/examples/default/bin/blackpill/stdio_uart/stdio_uart.o
                0x0000000020000204                stdio_uart_isrpipe
 .data.idle_name
                0x0000000020000218        0x4 /home/clement/RIOT-master/examples/default/bin/blackpill/core/kernel_init.o
                0x0000000020000218                idle_name
 .data.main_name
                0x000000002000021c        0x4 /home/clement/RIOT-master/examples/default/bin/blackpill/core/kernel_init.o
                0x000000002000021c                main_name
 .data.pm_blocker
                0x0000000020000220        0x4 /home/clement/RIOT-master/examples/default/bin/blackpill/pm_layered/pm.o
                0x0000000020000220                pm_blocker
 .data._impure_ptr
                0x0000000020000224        0x4 /usr/bin/../lib/gcc/arm-none-eabi/7.3.1/../../../../arm-none-eabi/lib/thumb/v7-m/libc_nano.a(lib_a-impure.o)
                0x0000000020000224                _impure_ptr
 .data.impure_data
                0x0000000020000228       0x60 /usr/bin/../lib/gcc/arm-none-eabi/7.3.1/../../../../arm-none-eabi/lib/thumb/v7-m/libc_nano.a(lib_a-impure.o)
 .data.__global_locale
                0x0000000020000288      0x16c /usr/bin/../lib/gcc/arm-none-eabi/7.3.1/../../../../arm-none-eabi/lib/thumb/v7-m/libc_nano.a(lib_a-locale.o)
                0x0000000020000288                __global_locale
 *(.openocd .openocd.*)
 .openocd       0x00000000200003f4        0x2 /home/clement/RIOT-master/examples/default/bin/blackpill/core/sched.o
                0x00000000200003f4                _tcb_name_offset
                0x00000000200003f5                max_threads
                0x00000000200003f8                . = ALIGN (0x4)
 *fill*         0x00000000200003f6        0x2 
                0x00000000200003f8                _erelocate = .

.bss            0x00000000200003f8      0x85c load address 0x0000000008003d18
                0x00000000200003f8                . = ALIGN (0x4)
                0x00000000200003f8                _sbss = .
                0x00000000200003f8                _szero = .
 *(.bss .bss.*)
 .bss.runqueue_bitcache
                0x00000000200003f8        0x4 /home/clement/RIOT-master/examples/default/bin/blackpill/core/sched.o
 .bss.sched_active_pid
                0x00000000200003fc        0x2 /home/clement/RIOT-master/examples/default/bin/blackpill/core/sched.o
                0x00000000200003fc                sched_active_pid
 *fill*         0x00000000200003fe        0x2 
 .bss.sched_active_thread
                0x0000000020000400        0x4 /home/clement/RIOT-master/examples/default/bin/blackpill/core/sched.o
                0x0000000020000400                sched_active_thread
 .bss.sched_context_switch_request
                0x0000000020000404        0x4 /home/clement/RIOT-master/examples/default/bin/blackpill/core/sched.o
                0x0000000020000404                sched_context_switch_request
 .bss.sched_num_threads
                0x0000000020000408        0x4 /home/clement/RIOT-master/examples/default/bin/blackpill/core/sched.o
                0x0000000020000408                sched_num_threads
 .bss.sched_runqueues
                0x000000002000040c       0x40 /home/clement/RIOT-master/examples/default/bin/blackpill/core/sched.o
                0x000000002000040c                sched_runqueues
 .bss.sched_threads
                0x000000002000044c       0x84 /home/clement/RIOT-master/examples/default/bin/blackpill/core/sched.o
                0x000000002000044c                sched_threads
 .bss._rx_buf_mem
                0x00000000200004d0       0x40 /home/clement/RIOT-master/examples/default/bin/blackpill/stdio_uart/stdio_uart.o
 .bss.isr_ctx   0x0000000020000510       0x24 /home/clement/RIOT-master/examples/default/bin/blackpill/stm32_common_periph/uart.o
 .bss.crashed   0x0000000020000534        0x4 /home/clement/RIOT-master/examples/default/bin/blackpill/core/panic.o
 .bss.idle_stack
                0x0000000020000538      0x100 /home/clement/RIOT-master/examples/default/bin/blackpill/core/kernel_init.o
 .bss.main_stack
                0x0000000020000638      0x600 /home/clement/RIOT-master/examples/default/bin/blackpill/core/kernel_init.o
 .bss.saul_reg_entries
                0x0000000020000c38       0x10 /home/clement/RIOT-master/examples/default/bin/blackpill/auto_init_saul/auto_init_gpio.o
 .bss.saul_reg  0x0000000020000c48        0x4 /home/clement/RIOT-master/examples/default/bin/blackpill/saul_reg/saul_reg.o
                0x0000000020000c48                saul_reg
 .bss.__malloc_free_list
                0x0000000020000c4c        0x4 /usr/bin/../lib/gcc/arm-none-eabi/7.3.1/../../../../arm-none-eabi/lib/thumb/v7-m/libc_nano.a(lib_a-nano-mallocr.o)
                0x0000000020000c4c                __malloc_free_list
 .bss.__malloc_sbrk_start
                0x0000000020000c50        0x4 /usr/bin/../lib/gcc/arm-none-eabi/7.3.1/../../../../arm-none-eabi/lib/thumb/v7-m/libc_nano.a(lib_a-nano-mallocr.o)
                0x0000000020000c50                __malloc_sbrk_start
 *(COMMON)
                0x0000000020000c54                . = ALIGN (0x4)
                0x0000000020000c54                _ebss = .
                0x0000000020000c54                _ezero = .

.noinit         0x0000000020000c54        0x0 load address 0x0000000008003d18
                0x0000000020000c54                __noinit_start = .
 *(.noinit)
                0x0000000020000c54                . = ALIGN (0x4)
                0x0000000020000c54                __noinit_end = .
                0x0000000020000c54                . = ALIGN (0x4)
                0x0000000020000c54                _sheap = .
                0x0000000020005000                _eheap = (ORIGIN (ram) + LENGTH (ram))
                0x0000000020000000                _sram = ORIGIN (ram)
                0x0000000020005000                _eram = (ORIGIN (ram) + LENGTH (ram))
                0x0000000008003d18                _sbackup_data_load = LOADADDR (.backup.data)

.backup.data    0x0000000000000000        0x0 load address 0x0000000008003d18
                0x0000000000000000                _sbackup_data = .
 *(.backup.data)
                0x0000000000000000                _ebackup_data = .
                0x0000000000000000                . = ALIGN (0x4)

.backup.bss     0x0000000000000000        0x0 load address 0x0000000008003d18
                0x0000000000000000                _sbackup_bss = .
 *(.backup.bss)
                0x0000000000000000                _ebackup_bss = .
                0x0000000000000000                . = ALIGN (0x4)
OUTPUT(/home/clement/RIOT-master/examples/default/bin/blackpill/default.elf elf32-littlearm)

.debug_info     0x0000000000000000    0x2432c
 .debug_info    0x0000000000000000       0xfe /home/clement/RIOT-master/examples/default/bin/blackpill/cpu/vectors.o
 .debug_info    0x00000000000000fe     0x14fa /home/clement/RIOT-master/examples/default/bin/blackpill/newlib_syscalls_default/syscalls.o
 .debug_info    0x00000000000015f8      0xe48 /home/clement/RIOT-master/examples/default/bin/blackpill/core/sched.o
 .debug_info    0x0000000000002440      0xfdc /home/clement/RIOT-master/examples/default/bin/blackpill/cortexm_common/thread_arch.o
 .debug_info    0x000000000000341c     0x1474 /home/clement/RIOT-master/examples/default/bin/blackpill/cortexm_common/vectors_cortexm.o
 .debug_info    0x0000000000004890      0xcf3 /home/clement/RIOT-master/examples/default/bin/blackpill/cortexm_common/irq_arch.o
 .debug_info    0x0000000000005583     0x1569 /home/clement/RIOT-master/examples/default/bin/blackpill/stdio_uart/stdio_uart.o
 .debug_info    0x0000000000006aec      0xe58 /home/clement/RIOT-master/examples/default/bin/blackpill/stm32_common_periph/pm.o
 .debug_info    0x0000000000007944     0x1cbb /home/clement/RIOT-master/examples/default/bin/blackpill/stm32_common_periph/uart.o
 .debug_info    0x00000000000095ff     0x1378 /home/clement/RIOT-master/examples/default/bin/blackpill/boards_common_blxxxpill/board.o
 .debug_info    0x000000000000a977      0xd68 /home/clement/RIOT-master/examples/default/bin/blackpill/core/panic.o
 .debug_info    0x000000000000b6df      0xda9 /home/clement/RIOT-master/examples/default/bin/blackpill/core/kernel_init.o
 .debug_info    0x000000000000c488     0x1213 /home/clement/RIOT-master/examples/default/bin/blackpill/core/thread.o
 .debug_info    0x000000000000d69b      0x426 /home/clement/RIOT-master/examples/default/bin/blackpill/isrpipe/isrpipe.o
 .debug_info    0x000000000000dac1     0x179f /home/clement/RIOT-master/examples/default/bin/blackpill/periph/gpio.o
 .debug_info    0x000000000000f260      0xd6e /home/clement/RIOT-master/examples/default/bin/blackpill/pm_layered/pm.o
 .debug_info    0x000000000000ffce      0xdbf /home/clement/RIOT-master/examples/default/bin/blackpill/ps/ps.o
 .debug_info    0x0000000000010d8d     0x1454 /home/clement/RIOT-master/examples/default/bin/blackpill/stm32_common/stmclk.o
 .debug_info    0x00000000000121e1     0x141b /home/clement/RIOT-master/examples/default/bin/blackpill/stm32_common/stmclk_common.o
 .debug_info    0x00000000000135fc      0xe35 /home/clement/RIOT-master/examples/default/bin/blackpill/stm32_common/cpu_init.o
 .debug_info    0x0000000000014431     0x149c /home/clement/RIOT-master/examples/default/bin/blackpill/stm32_common/cpu_common.o
 .debug_info    0x00000000000158cd      0x3ea /home/clement/RIOT-master/examples/default/bin/blackpill/tsrb/tsrb.o
 .debug_info    0x0000000000015cb7       0x3b /home/clement/RIOT-master/examples/default/bin/blackpill/periph_common/init.o
 .debug_info    0x0000000000015cf2      0xd2b /home/clement/RIOT-master/examples/default/bin/blackpill/application_default/main.o
 .debug_info    0x0000000000016a1d      0xbae /home/clement/RIOT-master/examples/default/bin/blackpill/auto_init/auto_init.o
 .debug_info    0x00000000000175cb     0x165c /home/clement/RIOT-master/examples/default/bin/blackpill/auto_init_saul/auto_init_gpio.o
 .debug_info    0x0000000000018c27      0xeb3 /home/clement/RIOT-master/examples/default/bin/blackpill/core/mutex.o
 .debug_info    0x0000000000019ada     0x11a5 /home/clement/RIOT-master/examples/default/bin/blackpill/cortexm_common/cortexm_init.o
 .debug_info    0x000000000001ac7f     0x171e /home/clement/RIOT-master/examples/default/bin/blackpill/saul/gpio_saul.o
 .debug_info    0x000000000001c39d      0xbe9 /home/clement/RIOT-master/examples/default/bin/blackpill/saul_reg/saul_reg.o
 .debug_info    0x000000000001cf86     0x1018 /home/clement/RIOT-master/examples/default/bin/blackpill/shell/shell.o
 .debug_info    0x000000000001df9e      0x90e /home/clement/RIOT-master/examples/default/bin/blackpill/shell_commands/shell_commands.o
 .debug_info    0x000000000001e8ac      0xbcd /home/clement/RIOT-master/examples/default/bin/blackpill/shell_commands/sc_sys.o
 .debug_info    0x000000000001f479       0x8e /home/clement/RIOT-master/examples/default/bin/blackpill/shell_commands/sc_ps.o
 .debug_info    0x000000000001f507      0xee4 /home/clement/RIOT-master/examples/default/bin/blackpill/shell_commands/sc_saul_reg.o
 .debug_info    0x00000000000203eb      0xd7c /home/clement/RIOT-master/examples/default/bin/blackpill/cortexm_common_periph/pm.o
 .debug_info    0x0000000000021167      0xb9a /home/clement/RIOT-master/examples/default/bin/blackpill/phydat/phydat_str.o
 .debug_info    0x0000000000021d01      0x9c7 /home/clement/RIOT-master/examples/default/bin/blackpill/saul/saul_str.o
 .debug_info    0x00000000000226c8     0x1c64 /home/clement/RIOT-master/examples/default/bin/blackpill/fmt/fmt.o

.debug_abbrev   0x0000000000000000     0x5ce0
 .debug_abbrev  0x0000000000000000       0xc5 /home/clement/RIOT-master/examples/default/bin/blackpill/cpu/vectors.o
 .debug_abbrev  0x00000000000000c5      0x38c /home/clement/RIOT-master/examples/default/bin/blackpill/newlib_syscalls_default/syscalls.o
 .debug_abbrev  0x0000000000000451      0x33c /home/clement/RIOT-master/examples/default/bin/blackpill/core/sched.o
 .debug_abbrev  0x000000000000078d      0x318 /home/clement/RIOT-master/examples/default/bin/blackpill/cortexm_common/thread_arch.o
 .debug_abbrev  0x0000000000000aa5      0x398 /home/clement/RIOT-master/examples/default/bin/blackpill/cortexm_common/vectors_cortexm.o
 .debug_abbrev  0x0000000000000e3d      0x289 /home/clement/RIOT-master/examples/default/bin/blackpill/cortexm_common/irq_arch.o
 .debug_abbrev  0x00000000000010c6      0x287 /home/clement/RIOT-master/examples/default/bin/blackpill/stdio_uart/stdio_uart.o
 .debug_abbrev  0x000000000000134d      0x28b /home/clement/RIOT-master/examples/default/bin/blackpill/stm32_common_periph/pm.o
 .debug_abbrev  0x00000000000015d8      0x441 /home/clement/RIOT-master/examples/default/bin/blackpill/stm32_common_periph/uart.o
 .debug_abbrev  0x0000000000001a19      0x20c /home/clement/RIOT-master/examples/default/bin/blackpill/boards_common_blxxxpill/board.o
 .debug_abbrev  0x0000000000001c25      0x281 /home/clement/RIOT-master/examples/default/bin/blackpill/core/panic.o
 .debug_abbrev  0x0000000000001ea6      0x241 /home/clement/RIOT-master/examples/default/bin/blackpill/core/kernel_init.o
 .debug_abbrev  0x00000000000020e7      0x336 /home/clement/RIOT-master/examples/default/bin/blackpill/core/thread.o
 .debug_abbrev  0x000000000000241d      0x1c8 /home/clement/RIOT-master/examples/default/bin/blackpill/isrpipe/isrpipe.o
 .debug_abbrev  0x00000000000025e5      0x2e9 /home/clement/RIOT-master/examples/default/bin/blackpill/periph/gpio.o
 .debug_abbrev  0x00000000000028ce      0x21b /home/clement/RIOT-master/examples/default/bin/blackpill/pm_layered/pm.o
 .debug_abbrev  0x0000000000002ae9      0x242 /home/clement/RIOT-master/examples/default/bin/blackpill/ps/ps.o
 .debug_abbrev  0x0000000000002d2b      0x20f /home/clement/RIOT-master/examples/default/bin/blackpill/stm32_common/stmclk.o
 .debug_abbrev  0x0000000000002f3a      0x207 /home/clement/RIOT-master/examples/default/bin/blackpill/stm32_common/stmclk_common.o
 .debug_abbrev  0x0000000000003141      0x283 /home/clement/RIOT-master/examples/default/bin/blackpill/stm32_common/cpu_init.o
 .debug_abbrev  0x00000000000033c4      0x29f /home/clement/RIOT-master/examples/default/bin/blackpill/stm32_common/cpu_common.o
 .debug_abbrev  0x0000000000003663      0x193 /home/clement/RIOT-master/examples/default/bin/blackpill/tsrb/tsrb.o
 .debug_abbrev  0x00000000000037f6       0x2f /home/clement/RIOT-master/examples/default/bin/blackpill/periph_common/init.o
 .debug_abbrev  0x0000000000003825      0x23f /home/clement/RIOT-master/examples/default/bin/blackpill/application_default/main.o
 .debug_abbrev  0x0000000000003a64      0x1d9 /home/clement/RIOT-master/examples/default/bin/blackpill/auto_init/auto_init.o
 .debug_abbrev  0x0000000000003c3d      0x25a /home/clement/RIOT-master/examples/default/bin/blackpill/auto_init_saul/auto_init_gpio.o
 .debug_abbrev  0x0000000000003e97      0x2b8 /home/clement/RIOT-master/examples/default/bin/blackpill/core/mutex.o
 .debug_abbrev  0x000000000000414f      0x349 /home/clement/RIOT-master/examples/default/bin/blackpill/cortexm_common/cortexm_init.o
 .debug_abbrev  0x0000000000004498      0x244 /home/clement/RIOT-master/examples/default/bin/blackpill/saul/gpio_saul.o
 .debug_abbrev  0x00000000000046dc      0x206 /home/clement/RIOT-master/examples/default/bin/blackpill/saul_reg/saul_reg.o
 .debug_abbrev  0x00000000000048e2      0x362 /home/clement/RIOT-master/examples/default/bin/blackpill/shell/shell.o
 .debug_abbrev  0x0000000000004c44      0x16a /home/clement/RIOT-master/examples/default/bin/blackpill/shell_commands/shell_commands.o
 .debug_abbrev  0x0000000000004dae      0x1d6 /home/clement/RIOT-master/examples/default/bin/blackpill/shell_commands/sc_sys.o
 .debug_abbrev  0x0000000000004f84       0x7d /home/clement/RIOT-master/examples/default/bin/blackpill/shell_commands/sc_ps.o
 .debug_abbrev  0x0000000000005001      0x2ad /home/clement/RIOT-master/examples/default/bin/blackpill/shell_commands/sc_saul_reg.o
 .debug_abbrev  0x00000000000052ae      0x1f5 /home/clement/RIOT-master/examples/default/bin/blackpill/cortexm_common_periph/pm.o
 .debug_abbrev  0x00000000000054a3      0x252 /home/clement/RIOT-master/examples/default/bin/blackpill/phydat/phydat_str.o
 .debug_abbrev  0x00000000000056f5      0x1a4 /home/clement/RIOT-master/examples/default/bin/blackpill/saul/saul_str.o
 .debug_abbrev  0x0000000000005899      0x447 /home/clement/RIOT-master/examples/default/bin/blackpill/fmt/fmt.o

.debug_aranges  0x0000000000000000      0x918
 .debug_aranges
                0x0000000000000000       0x20 /home/clement/RIOT-master/examples/default/bin/blackpill/cpu/vectors.o
 .debug_aranges
                0x0000000000000020       0xb8 /home/clement/RIOT-master/examples/default/bin/blackpill/newlib_syscalls_default/syscalls.o
 .debug_aranges
                0x00000000000000d8       0x38 /home/clement/RIOT-master/examples/default/bin/blackpill/core/sched.o
 .debug_aranges
                0x0000000000000110       0x60 /home/clement/RIOT-master/examples/default/bin/blackpill/cortexm_common/thread_arch.o
 .debug_aranges
                0x0000000000000170       0x68 /home/clement/RIOT-master/examples/default/bin/blackpill/cortexm_common/vectors_cortexm.o
 .debug_aranges
                0x00000000000001d8       0x38 /home/clement/RIOT-master/examples/default/bin/blackpill/cortexm_common/irq_arch.o
 .debug_aranges
                0x0000000000000210       0x30 /home/clement/RIOT-master/examples/default/bin/blackpill/stdio_uart/stdio_uart.o
 .debug_aranges
                0x0000000000000240       0x28 /home/clement/RIOT-master/examples/default/bin/blackpill/stm32_common_periph/pm.o
 .debug_aranges
                0x0000000000000268       0x60 /home/clement/RIOT-master/examples/default/bin/blackpill/stm32_common_periph/uart.o
 .debug_aranges
                0x00000000000002c8       0x20 /home/clement/RIOT-master/examples/default/bin/blackpill/boards_common_blxxxpill/board.o
 .debug_aranges
                0x00000000000002e8       0x28 /home/clement/RIOT-master/examples/default/bin/blackpill/core/panic.o
 .debug_aranges
                0x0000000000000310       0x30 /home/clement/RIOT-master/examples/default/bin/blackpill/core/kernel_init.o
 .debug_aranges
                0x0000000000000340       0x60 /home/clement/RIOT-master/examples/default/bin/blackpill/core/thread.o
 .debug_aranges
                0x00000000000003a0       0x30 /home/clement/RIOT-master/examples/default/bin/blackpill/isrpipe/isrpipe.o
 .debug_aranges
                0x00000000000003d0       0x58 /home/clement/RIOT-master/examples/default/bin/blackpill/periph/gpio.o
 .debug_aranges
                0x0000000000000428       0x30 /home/clement/RIOT-master/examples/default/bin/blackpill/pm_layered/pm.o
 .debug_aranges
                0x0000000000000458       0x20 /home/clement/RIOT-master/examples/default/bin/blackpill/ps/ps.o
 .debug_aranges
                0x0000000000000478       0x20 /home/clement/RIOT-master/examples/default/bin/blackpill/stm32_common/stmclk.o
 .debug_aranges
                0x0000000000000498       0x48 /home/clement/RIOT-master/examples/default/bin/blackpill/stm32_common/stmclk_common.o
 .debug_aranges
                0x00000000000004e0       0x20 /home/clement/RIOT-master/examples/default/bin/blackpill/stm32_common/cpu_init.o
 .debug_aranges
                0x0000000000000500       0x38 /home/clement/RIOT-master/examples/default/bin/blackpill/stm32_common/cpu_common.o
 .debug_aranges
                0x0000000000000538       0x48 /home/clement/RIOT-master/examples/default/bin/blackpill/tsrb/tsrb.o
 .debug_aranges
                0x0000000000000580       0x20 /home/clement/RIOT-master/examples/default/bin/blackpill/periph_common/init.o
 .debug_aranges
                0x00000000000005a0       0x20 /home/clement/RIOT-master/examples/default/bin/blackpill/application_default/main.o
 .debug_aranges
                0x00000000000005c0       0x20 /home/clement/RIOT-master/examples/default/bin/blackpill/auto_init/auto_init.o
 .debug_aranges
                0x00000000000005e0       0x20 /home/clement/RIOT-master/examples/default/bin/blackpill/auto_init_saul/auto_init_gpio.o
 .debug_aranges
                0x0000000000000600       0x30 /home/clement/RIOT-master/examples/default/bin/blackpill/core/mutex.o
 .debug_aranges
                0x0000000000000630       0x28 /home/clement/RIOT-master/examples/default/bin/blackpill/cortexm_common/cortexm_init.o
 .debug_aranges
                0x0000000000000658       0x28 /home/clement/RIOT-master/examples/default/bin/blackpill/saul/gpio_saul.o
 .debug_aranges
                0x0000000000000680       0x50 /home/clement/RIOT-master/examples/default/bin/blackpill/saul_reg/saul_reg.o
 .debug_aranges
                0x00000000000006d0       0x28 /home/clement/RIOT-master/examples/default/bin/blackpill/shell/shell.o
 .debug_aranges
                0x00000000000006f8       0x18 /home/clement/RIOT-master/examples/default/bin/blackpill/shell_commands/shell_commands.o
 .debug_aranges
                0x0000000000000710       0x20 /home/clement/RIOT-master/examples/default/bin/blackpill/shell_commands/sc_sys.o
 .debug_aranges
                0x0000000000000730       0x20 /home/clement/RIOT-master/examples/default/bin/blackpill/shell_commands/sc_ps.o
 .debug_aranges
                0x0000000000000750       0x28 /home/clement/RIOT-master/examples/default/bin/blackpill/shell_commands/sc_saul_reg.o
 .debug_aranges
                0x0000000000000778       0x20 /home/clement/RIOT-master/examples/default/bin/blackpill/cortexm_common_periph/pm.o
 .debug_aranges
                0x0000000000000798       0x30 /home/clement/RIOT-master/examples/default/bin/blackpill/phydat/phydat_str.o
 .debug_aranges
                0x00000000000007c8       0x20 /home/clement/RIOT-master/examples/default/bin/blackpill/saul/saul_str.o
 .debug_aranges
                0x00000000000007e8      0x130 /home/clement/RIOT-master/examples/default/bin/blackpill/fmt/fmt.o

.debug_ranges   0x0000000000000000      0xcb8
 .debug_ranges  0x0000000000000000       0x10 /home/clement/RIOT-master/examples/default/bin/blackpill/cpu/vectors.o
 .debug_ranges  0x0000000000000010       0xa8 /home/clement/RIOT-master/examples/default/bin/blackpill/newlib_syscalls_default/syscalls.o
 .debug_ranges  0x00000000000000b8       0x88 /home/clement/RIOT-master/examples/default/bin/blackpill/core/sched.o
 .debug_ranges  0x0000000000000140       0xa0 /home/clement/RIOT-master/examples/default/bin/blackpill/cortexm_common/thread_arch.o
 .debug_ranges  0x00000000000001e0       0x58 /home/clement/RIOT-master/examples/default/bin/blackpill/cortexm_common/vectors_cortexm.o
 .debug_ranges  0x0000000000000238       0x28 /home/clement/RIOT-master/examples/default/bin/blackpill/cortexm_common/irq_arch.o
 .debug_ranges  0x0000000000000260       0x20 /home/clement/RIOT-master/examples/default/bin/blackpill/stdio_uart/stdio_uart.o
 .debug_ranges  0x0000000000000280       0x30 /home/clement/RIOT-master/examples/default/bin/blackpill/stm32_common_periph/pm.o
 .debug_ranges  0x00000000000002b0      0x110 /home/clement/RIOT-master/examples/default/bin/blackpill/stm32_common_periph/uart.o
 .debug_ranges  0x00000000000003c0       0x10 /home/clement/RIOT-master/examples/default/bin/blackpill/boards_common_blxxxpill/board.o
 .debug_ranges  0x00000000000003d0       0x18 /home/clement/RIOT-master/examples/default/bin/blackpill/core/panic.o
 .debug_ranges  0x00000000000003e8       0x20 /home/clement/RIOT-master/examples/default/bin/blackpill/core/kernel_init.o
 .debug_ranges  0x0000000000000408       0x80 /home/clement/RIOT-master/examples/default/bin/blackpill/core/thread.o
 .debug_ranges  0x0000000000000488       0x38 /home/clement/RIOT-master/examples/default/bin/blackpill/isrpipe/isrpipe.o
 .debug_ranges  0x00000000000004c0       0x60 /home/clement/RIOT-master/examples/default/bin/blackpill/periph/gpio.o
 .debug_ranges  0x0000000000000520       0x20 /home/clement/RIOT-master/examples/default/bin/blackpill/pm_layered/pm.o
 .debug_ranges  0x0000000000000540       0x28 /home/clement/RIOT-master/examples/default/bin/blackpill/ps/ps.o
 .debug_ranges  0x0000000000000568       0x10 /home/clement/RIOT-master/examples/default/bin/blackpill/stm32_common/stmclk.o
 .debug_ranges  0x0000000000000578       0x38 /home/clement/RIOT-master/examples/default/bin/blackpill/stm32_common/stmclk_common.o
 .debug_ranges  0x00000000000005b0       0x68 /home/clement/RIOT-master/examples/default/bin/blackpill/stm32_common/cpu_init.o
 .debug_ranges  0x0000000000000618       0x28 /home/clement/RIOT-master/examples/default/bin/blackpill/stm32_common/cpu_common.o
 .debug_ranges  0x0000000000000640       0x98 /home/clement/RIOT-master/examples/default/bin/blackpill/tsrb/tsrb.o
 .debug_ranges  0x00000000000006d8       0x10 /home/clement/RIOT-master/examples/default/bin/blackpill/periph_common/init.o
 .debug_ranges  0x00000000000006e8       0x10 /home/clement/RIOT-master/examples/default/bin/blackpill/application_default/main.o
 .debug_ranges  0x00000000000006f8       0x10 /home/clement/RIOT-master/examples/default/bin/blackpill/auto_init/auto_init.o
 .debug_ranges  0x0000000000000708       0x10 /home/clement/RIOT-master/examples/default/bin/blackpill/auto_init_saul/auto_init_gpio.o
 .debug_ranges  0x0000000000000718       0x80 /home/clement/RIOT-master/examples/default/bin/blackpill/core/mutex.o
 .debug_ranges  0x0000000000000798       0x68 /home/clement/RIOT-master/examples/default/bin/blackpill/cortexm_common/cortexm_init.o
 .debug_ranges  0x0000000000000800       0x18 /home/clement/RIOT-master/examples/default/bin/blackpill/saul/gpio_saul.o
 .debug_ranges  0x0000000000000818       0x60 /home/clement/RIOT-master/examples/default/bin/blackpill/saul_reg/saul_reg.o
 .debug_ranges  0x0000000000000878      0x150 /home/clement/RIOT-master/examples/default/bin/blackpill/shell/shell.o
 .debug_ranges  0x00000000000009c8       0x10 /home/clement/RIOT-master/examples/default/bin/blackpill/shell_commands/sc_sys.o
 .debug_ranges  0x00000000000009d8       0x10 /home/clement/RIOT-master/examples/default/bin/blackpill/shell_commands/sc_ps.o
 .debug_ranges  0x00000000000009e8       0x70 /home/clement/RIOT-master/examples/default/bin/blackpill/shell_commands/sc_saul_reg.o
 .debug_ranges  0x0000000000000a58       0x10 /home/clement/RIOT-master/examples/default/bin/blackpill/cortexm_common_periph/pm.o
 .debug_ranges  0x0000000000000a68       0x50 /home/clement/RIOT-master/examples/default/bin/blackpill/phydat/phydat_str.o
 .debug_ranges  0x0000000000000ab8       0x10 /home/clement/RIOT-master/examples/default/bin/blackpill/saul/saul_str.o
 .debug_ranges  0x0000000000000ac8      0x1f0 /home/clement/RIOT-master/examples/default/bin/blackpill/fmt/fmt.o

.debug_macro    0x0000000000000000    0x2b5da
 .debug_macro   0x0000000000000000       0xe1 /home/clement/RIOT-master/examples/default/bin/blackpill/cpu/vectors.o
 .debug_macro   0x00000000000000e1      0xaa8 /home/clement/RIOT-master/examples/default/bin/blackpill/cpu/vectors.o
 .debug_macro   0x0000000000000b89      0x136 /home/clement/RIOT-master/examples/default/bin/blackpill/cpu/vectors.o
 .debug_macro   0x0000000000000cbf       0x2e /home/clement/RIOT-master/examples/default/bin/blackpill/cpu/vectors.o
 .debug_macro   0x0000000000000ced       0x2e /home/clement/RIOT-master/examples/default/bin/blackpill/cpu/vectors.o
 .debug_macro   0x0000000000000d1b       0x22 /home/clement/RIOT-master/examples/default/bin/blackpill/cpu/vectors.o
 .debug_macro   0x0000000000000d3d       0x22 /home/clement/RIOT-master/examples/default/bin/blackpill/cpu/vectors.o
 .debug_macro   0x0000000000000d5f       0x56 /home/clement/RIOT-master/examples/default/bin/blackpill/cpu/vectors.o
 .debug_macro   0x0000000000000db5       0x51 /home/clement/RIOT-master/examples/default/bin/blackpill/cpu/vectors.o
 .debug_macro   0x0000000000000e06       0xef /home/clement/RIOT-master/examples/default/bin/blackpill/cpu/vectors.o
 .debug_macro   0x0000000000000ef5       0x6a /home/clement/RIOT-master/examples/default/bin/blackpill/cpu/vectors.o
 .debug_macro   0x0000000000000f5f      0x1df /home/clement/RIOT-master/examples/default/bin/blackpill/cpu/vectors.o
 .debug_macro   0x000000000000113e       0x1c /home/clement/RIOT-master/examples/default/bin/blackpill/cpu/vectors.o
 .debug_macro   0x000000000000115a       0x22 /home/clement/RIOT-master/examples/default/bin/blackpill/cpu/vectors.o
 .debug_macro   0x000000000000117c       0xc3 /home/clement/RIOT-master/examples/default/bin/blackpill/cpu/vectors.o
 .debug_macro   0x000000000000123f      0xd23 /home/clement/RIOT-master/examples/default/bin/blackpill/cpu/vectors.o
 .debug_macro   0x0000000000001f62     0x69eb /home/clement/RIOT-master/examples/default/bin/blackpill/cpu/vectors.o
 .debug_macro   0x000000000000894d       0x3c /home/clement/RIOT-master/examples/default/bin/blackpill/cpu/vectors.o
 .debug_macro   0x0000000000008989       0x2e /home/clement/RIOT-master/examples/default/bin/blackpill/cpu/vectors.o
 .debug_macro   0x00000000000089b7       0x16 /home/clement/RIOT-master/examples/default/bin/blackpill/cpu/vectors.o
 .debug_macro   0x00000000000089cd      0x42f /home/clement/RIOT-master/examples/default/bin/blackpill/newlib_syscalls_default/syscalls.o
 .debug_macro   0x0000000000008dfc      0xaa8 /home/clement/RIOT-master/examples/default/bin/blackpill/newlib_syscalls_default/syscalls.o
 .debug_macro   0x00000000000098a4       0x40 /home/clement/RIOT-master/examples/default/bin/blackpill/newlib_syscalls_default/syscalls.o
 .debug_macro   0x00000000000098e4       0x18 /home/clement/RIOT-master/examples/default/bin/blackpill/newlib_syscalls_default/syscalls.o
 .debug_macro   0x00000000000098fc       0x5c /home/clement/RIOT-master/examples/default/bin/blackpill/newlib_syscalls_default/syscalls.o
 .debug_macro   0x0000000000009958       0x3c /home/clement/RIOT-master/examples/default/bin/blackpill/newlib_syscalls_default/syscalls.o
 .debug_macro   0x0000000000009994       0x34 /home/clement/RIOT-master/examples/default/bin/blackpill/newlib_syscalls_default/syscalls.o
 .debug_macro   0x00000000000099c8       0x10 /home/clement/RIOT-master/examples/default/bin/blackpill/newlib_syscalls_default/syscalls.o
 .debug_macro   0x00000000000099d8       0x57 /home/clement/RIOT-master/examples/default/bin/blackpill/newlib_syscalls_default/syscalls.o
 .debug_macro   0x0000000000009a2f       0xcf /home/clement/RIOT-master/examples/default/bin/blackpill/newlib_syscalls_default/syscalls.o
 .debug_macro   0x0000000000009afe      0x353 /home/clement/RIOT-master/examples/default/bin/blackpill/newlib_syscalls_default/syscalls.o
 .debug_macro   0x0000000000009e51       0x10 /home/clement/RIOT-master/examples/default/bin/blackpill/newlib_syscalls_default/syscalls.o
 .debug_macro   0x0000000000009e61       0xb7 /home/clement/RIOT-master/examples/default/bin/blackpill/newlib_syscalls_default/syscalls.o
 .debug_macro   0x0000000000009f18       0x52 /home/clement/RIOT-master/examples/default/bin/blackpill/newlib_syscalls_default/syscalls.o
 .debug_macro   0x0000000000009f6a       0x1f /home/clement/RIOT-master/examples/default/bin/blackpill/newlib_syscalls_default/syscalls.o
 .debug_macro   0x0000000000009f89       0x43 /home/clement/RIOT-master/examples/default/bin/blackpill/newlib_syscalls_default/syscalls.o
 .debug_macro   0x0000000000009fcc       0x20 /home/clement/RIOT-master/examples/default/bin/blackpill/newlib_syscalls_default/syscalls.o
 .debug_macro   0x0000000000009fec       0xb6 /home/clement/RIOT-master/examples/default/bin/blackpill/newlib_syscalls_default/syscalls.o
 .debug_macro   0x000000000000a0a2      0x4fe /home/clement/RIOT-master/examples/default/bin/blackpill/newlib_syscalls_default/syscalls.o
 .debug_macro   0x000000000000a5a0      0x1a3 /home/clement/RIOT-master/examples/default/bin/blackpill/newlib_syscalls_default/syscalls.o
 .debug_macro   0x000000000000a743       0x10 /home/clement/RIOT-master/examples/default/bin/blackpill/newlib_syscalls_default/syscalls.o
 .debug_macro   0x000000000000a753       0x35 /home/clement/RIOT-master/examples/default/bin/blackpill/newlib_syscalls_default/syscalls.o
 .debug_macro   0x000000000000a788       0x10 /home/clement/RIOT-master/examples/default/bin/blackpill/newlib_syscalls_default/syscalls.o
 .debug_macro   0x000000000000a798      0x241 /home/clement/RIOT-master/examples/default/bin/blackpill/newlib_syscalls_default/syscalls.o
 .debug_macro   0x000000000000a9d9       0x10 /home/clement/RIOT-master/examples/default/bin/blackpill/newlib_syscalls_default/syscalls.o
 .debug_macro   0x000000000000a9e9       0x3c /home/clement/RIOT-master/examples/default/bin/blackpill/newlib_syscalls_default/syscalls.o
 .debug_macro   0x000000000000aa25       0x16 /home/clement/RIOT-master/examples/default/bin/blackpill/newlib_syscalls_default/syscalls.o
 .debug_macro   0x000000000000aa3b       0x10 /home/clement/RIOT-master/examples/default/bin/blackpill/newlib_syscalls_default/syscalls.o
 .debug_macro   0x000000000000aa4b       0x16 /home/clement/RIOT-master/examples/default/bin/blackpill/newlib_syscalls_default/syscalls.o
 .debug_macro   0x000000000000aa61       0xff /home/clement/RIOT-master/examples/default/bin/blackpill/newlib_syscalls_default/syscalls.o
 .debug_macro   0x000000000000ab60       0x16 /home/clement/RIOT-master/examples/default/bin/blackpill/newlib_syscalls_default/syscalls.o
 .debug_macro   0x000000000000ab76       0x22 /home/clement/RIOT-master/examples/default/bin/blackpill/newlib_syscalls_default/syscalls.o
 .debug_macro   0x000000000000ab98       0x16 /home/clement/RIOT-master/examples/default/bin/blackpill/newlib_syscalls_default/syscalls.o
 .debug_macro   0x000000000000abae       0x16 /home/clement/RIOT-master/examples/default/bin/blackpill/newlib_syscalls_default/syscalls.o
 .debug_macro   0x000000000000abc4       0x10 /home/clement/RIOT-master/examples/default/bin/blackpill/newlib_syscalls_default/syscalls.o
 .debug_macro   0x000000000000abd4       0x10 /home/clement/RIOT-master/examples/default/bin/blackpill/newlib_syscalls_default/syscalls.o
 .debug_macro   0x000000000000abe4       0x2e /home/clement/RIOT-master/examples/default/bin/blackpill/newlib_syscalls_default/syscalls.o
 .debug_macro   0x000000000000ac12       0xf5 /home/clement/RIOT-master/examples/default/bin/blackpill/newlib_syscalls_default/syscalls.o
 .debug_macro   0x000000000000ad07       0x22 /home/clement/RIOT-master/examples/default/bin/blackpill/newlib_syscalls_default/syscalls.o
 .debug_macro   0x000000000000ad29       0x35 /home/clement/RIOT-master/examples/default/bin/blackpill/newlib_syscalls_default/syscalls.o
 .debug_macro   0x000000000000ad5e       0xbd /home/clement/RIOT-master/examples/default/bin/blackpill/newlib_syscalls_default/syscalls.o
 .debug_macro   0x000000000000ae1b       0xd6 /home/clement/RIOT-master/examples/default/bin/blackpill/newlib_syscalls_default/syscalls.o
 .debug_macro   0x000000000000aef1       0x10 /home/clement/RIOT-master/examples/default/bin/blackpill/newlib_syscalls_default/syscalls.o
 .debug_macro   0x000000000000af01      0x460 /home/clement/RIOT-master/examples/default/bin/blackpill/newlib_syscalls_default/syscalls.o
 .debug_macro   0x000000000000b361       0x2b /home/clement/RIOT-master/examples/default/bin/blackpill/newlib_syscalls_default/syscalls.o
 .debug_macro   0x000000000000b38c       0xee /home/clement/RIOT-master/examples/default/bin/blackpill/newlib_syscalls_default/syscalls.o
 .debug_macro   0x000000000000b47a       0x28 /home/clement/RIOT-master/examples/default/bin/blackpill/newlib_syscalls_default/syscalls.o
 .debug_macro   0x000000000000b4a2       0x17 /home/clement/RIOT-master/examples/default/bin/blackpill/newlib_syscalls_default/syscalls.o
 .debug_macro   0x000000000000b4b9       0x10 /home/clement/RIOT-master/examples/default/bin/blackpill/newlib_syscalls_default/syscalls.o
 .debug_macro   0x000000000000b4c9       0x12 /home/clement/RIOT-master/examples/default/bin/blackpill/newlib_syscalls_default/syscalls.o
 .debug_macro   0x000000000000b4db       0x5f /home/clement/RIOT-master/examples/default/bin/blackpill/newlib_syscalls_default/syscalls.o
 .debug_macro   0x000000000000b53a       0x16 /home/clement/RIOT-master/examples/default/bin/blackpill/newlib_syscalls_default/syscalls.o
 .debug_macro   0x000000000000b550       0x1c /home/clement/RIOT-master/examples/default/bin/blackpill/newlib_syscalls_default/syscalls.o
 .debug_macro   0x000000000000b56c       0x3a /home/clement/RIOT-master/examples/default/bin/blackpill/newlib_syscalls_default/syscalls.o
 .debug_macro   0x000000000000b5a6       0x34 /home/clement/RIOT-master/examples/default/bin/blackpill/newlib_syscalls_default/syscalls.o
 .debug_macro   0x000000000000b5da      0x27e /home/clement/RIOT-master/examples/default/bin/blackpill/newlib_syscalls_default/syscalls.o
 .debug_macro   0x000000000000b858       0x40 /home/clement/RIOT-master/examples/default/bin/blackpill/newlib_syscalls_default/syscalls.o
 .debug_macro   0x000000000000b898       0x10 /home/clement/RIOT-master/examples/default/bin/blackpill/newlib_syscalls_default/syscalls.o
 .debug_macro   0x000000000000b8a8      0x303 /home/clement/RIOT-master/examples/default/bin/blackpill/core/sched.o
 .debug_macro   0x000000000000bbab      0xaa8 /home/clement/RIOT-master/examples/default/bin/blackpill/core/sched.o
 .debug_macro   0x000000000000c653      0x16d /home/clement/RIOT-master/examples/default/bin/blackpill/core/sched.o
 .debug_macro   0x000000000000c7c0       0x46 /home/clement/RIOT-master/examples/default/bin/blackpill/core/sched.o
 .debug_macro   0x000000000000c806       0x3a /home/clement/RIOT-master/examples/default/bin/blackpill/core/sched.o
 .debug_macro   0x000000000000c840      0x34d /home/clement/RIOT-master/examples/default/bin/blackpill/core/sched.o
 .debug_macro   0x000000000000cb8d       0x25 /home/clement/RIOT-master/examples/default/bin/blackpill/core/sched.o
 .debug_macro   0x000000000000cbb2       0x2e /home/clement/RIOT-master/examples/default/bin/blackpill/core/sched.o
 .debug_macro   0x000000000000cbe0       0x1c /home/clement/RIOT-master/examples/default/bin/blackpill/core/sched.o
 .debug_macro   0x000000000000cbfc      0x114 /home/clement/RIOT-master/examples/default/bin/blackpill/core/sched.o
 .debug_macro   0x000000000000cd10       0x1c /home/clement/RIOT-master/examples/default/bin/blackpill/core/sched.o
 .debug_macro   0x000000000000cd2c      0x2eb /home/clement/RIOT-master/examples/default/bin/blackpill/cortexm_common/thread_arch.o
 .debug_macro   0x000000000000d017      0xaa8 /home/clement/RIOT-master/examples/default/bin/blackpill/cortexm_common/thread_arch.o
 .debug_macro   0x000000000000dabf       0x97 /home/clement/RIOT-master/examples/default/bin/blackpill/cortexm_common/thread_arch.o
 .debug_macro   0x000000000000db56       0xf6 /home/clement/RIOT-master/examples/default/bin/blackpill/cortexm_common/thread_arch.o
 .debug_macro   0x000000000000dc4c       0x1c /home/clement/RIOT-master/examples/default/bin/blackpill/cortexm_common/thread_arch.o
 .debug_macro   0x000000000000dc68      0x339 /home/clement/RIOT-master/examples/default/bin/blackpill/cortexm_common/vectors_cortexm.o
 .debug_macro   0x000000000000dfa1      0xaa8 /home/clement/RIOT-master/examples/default/bin/blackpill/cortexm_common/vectors_cortexm.o
 .debug_macro   0x000000000000ea49       0x16 /home/clement/RIOT-master/examples/default/bin/blackpill/cortexm_common/vectors_cortexm.o
 .debug_macro   0x000000000000ea5f       0x1c /home/clement/RIOT-master/examples/default/bin/blackpill/cortexm_common/vectors_cortexm.o
 .debug_macro   0x000000000000ea7b      0x2db /home/clement/RIOT-master/examples/default/bin/blackpill/cortexm_common/irq_arch.o
 .debug_macro   0x000000000000ed56      0xaa8 /home/clement/RIOT-master/examples/default/bin/blackpill/cortexm_common/irq_arch.o
 .debug_macro   0x000000000000f7fe      0x3d5 /home/clement/RIOT-master/examples/default/bin/blackpill/stdio_uart/stdio_uart.o
 .debug_macro   0x000000000000fbd3      0xaa8 /home/clement/RIOT-master/examples/default/bin/blackpill/stdio_uart/stdio_uart.o
 .debug_macro   0x000000000001067b      0x23b /home/clement/RIOT-master/examples/default/bin/blackpill/stdio_uart/stdio_uart.o
 .debug_macro   0x00000000000108b6       0x16 /home/clement/RIOT-master/examples/default/bin/blackpill/stdio_uart/stdio_uart.o
 .debug_macro   0x00000000000108cc       0x10 /home/clement/RIOT-master/examples/default/bin/blackpill/stdio_uart/stdio_uart.o
 .debug_macro   0x00000000000108dc      0x278 /home/clement/RIOT-master/examples/default/bin/blackpill/stdio_uart/stdio_uart.o
 .debug_macro   0x0000000000010b54       0xaf /home/clement/RIOT-master/examples/default/bin/blackpill/stdio_uart/stdio_uart.o
 .debug_macro   0x0000000000010c03       0x10 /home/clement/RIOT-master/examples/default/bin/blackpill/stdio_uart/stdio_uart.o
 .debug_macro   0x0000000000010c13       0x16 /home/clement/RIOT-master/examples/default/bin/blackpill/stdio_uart/stdio_uart.o
 .debug_macro   0x0000000000010c29      0x33f /home/clement/RIOT-master/examples/default/bin/blackpill/stm32_common_periph/pm.o
 .debug_macro   0x0000000000010f68      0xaa8 /home/clement/RIOT-master/examples/default/bin/blackpill/stm32_common_periph/pm.o
 .debug_macro   0x0000000000011a10      0x350 /home/clement/RIOT-master/examples/default/bin/blackpill/stm32_common_periph/uart.o
 .debug_macro   0x0000000000011d60      0xaa8 /home/clement/RIOT-master/examples/default/bin/blackpill/stm32_common_periph/uart.o
 .debug_macro   0x0000000000012808      0x328 /home/clement/RIOT-master/examples/default/bin/blackpill/boards_common_blxxxpill/board.o
 .debug_macro   0x0000000000012b30      0xaa8 /home/clement/RIOT-master/examples/default/bin/blackpill/boards_common_blxxxpill/board.o
 .debug_macro   0x00000000000135d8      0x336 /home/clement/RIOT-master/examples/default/bin/blackpill/core/panic.o
 .debug_macro   0x000000000001390e      0xaa8 /home/clement/RIOT-master/examples/default/bin/blackpill/core/panic.o
 .debug_macro   0x00000000000143b6       0x10 /home/clement/RIOT-master/examples/default/bin/blackpill/core/panic.o